MPLINK 4.38, Linker
Linker Map File - Created Fri Jan 25 16:32:43 2013

                                 Section Info
                  Section       Type    Address   Location Size(Bytes)
                ---------  ---------  ---------  ---------  ---------
               _entry_scn       code   0x000000    program   0x000006
      .romdata_vfprintf.o    romdata   0x000006    program   0x000011
      .romdata_fxd3232u.o    romdata   0x000017    program   0x000000
        .idata___init.o_i    romdata   0x000017    program   0x000000
      .idata_fxd1616u.o_i    romdata   0x000017    program   0x000000
        .romdata___init.o    romdata   0x000017    program   0x000000
       .idata_sprintf.o_i    romdata   0x000017    program   0x000000
       .romdata_sprintf.o    romdata   0x000017    program   0x000000
           .romdata_lcd.o    romdata   0x000017    program   0x000000
        .idata_bitmap.o_i    romdata   0x000017    program   0x000000
       .idata_fxm3232.o_i    romdata   0x000017    program   0x000000
          .idata_putc.o_i    romdata   0x000017    program   0x000000
          .romdata_putc.o    romdata   0x000017    program   0x000000
         .romdata_c018i.o    romdata   0x000017    program   0x000000
           .code_bitmap.o       code   0x000018    program   0x000000
               low_vector       code   0x000018    program   0x00000a
                   .cinit    romdata   0x000022    program   0x00001a
        .romdata_bitmap.o    romdata   0x00003c    program   0x005200
              .code_lcd.o       code   0x00523c    program   0x002d4c
             .code_main.o       code   0x007f88    program   0x001a56
          .romdata_font.o    romdata   0x0099de    program   0x0018d0
         .code_vfprintf.o       code   0x00b2ae    program   0x000c22
                     PROG       code   0x00bed0    program   0x0000e2
             .code_font.o       code   0x00bfb2    program   0x0000c6
          .code_sprintf.o       code   0x00c078    program   0x0000ac
               _cinit_scn       code   0x00c124    program   0x00009e
             .code_putc.o       code   0x00c1c2    program   0x000084
            .code_range.o       code   0x00c246    program   0x000070
          .code_fxm3232.o       code   0x00c2b6    program   0x000070
                   STRING       code   0x00c326    program   0x000066
         .code_fxd3232u.o       code   0x00c38c    program   0x000048
         .code_fxd1616u.o       code   0x00c3d4    program   0x00002c
                    CTYPE       code   0x00c400    program   0x000024
                    .code       code   0x00c424    program   0x000020
             _startup_scn       code   0x00c444    program   0x00001c
                    STDIO       code   0x00c460    program   0x00001c
             .stringtable    romdata   0x00c47c    program   0x000003
    .romdata__user_putc.o    romdata   0x00c47f    program   0x000000
       .romdata_fxm3232.o    romdata   0x00c47f    program   0x000000
      .idata_vfprintf.o_i    romdata   0x00c47f    program   0x000000
    .idata__user_putc.o_i    romdata   0x00c47f    program   0x000000
         .idata_c018i.o_i    romdata   0x00c47f    program   0x000000
          .romdata_main.o    romdata   0x00c47f    program   0x000000
           .idata_lcd.o_i    romdata   0x00c47f    program   0x000000
         .idata_range.o_i    romdata   0x00c47f    program   0x000000
      .idata_fxd3232u.o_i    romdata   0x00c47f    program   0x000000
         .romdata_range.o    romdata   0x00c47f    program   0x000000
      .romdata_fxd1616u.o    romdata   0x00c47f    program   0x000000
            .code_c018i.o       code   0x00c480    program   0x000000
       .code__user_putc.o       code   0x00c480    program   0x000002
           .code___init.o       code   0x00c482    program   0x000002
          .idata_main.o_i    romdata   0x00c484    program   0x00001f
          .idata_font.o_i    romdata   0x00c4a3    program   0x000014
    .config_300000_main.o    romdata   0x300000    program   0x000001
    .config_300001_main.o    romdata   0x300001    program   0x000001
    .config_300002_main.o    romdata   0x300002    program   0x000001
    .config_300003_main.o    romdata   0x300003    program   0x000001
    .config_300005_main.o    romdata   0x300005    program   0x000001
    .config_300006_main.o    romdata   0x300006    program   0x000001
    .config_300008_main.o    romdata   0x300008    program   0x000001
    .config_300009_main.o    romdata   0x300009    program   0x000001
    .config_30000b_main.o    romdata   0x30000b    program   0x000001
    .config_30000c_main.o    romdata   0x30000c    program   0x000001
    .config_30000d_main.o    romdata   0x30000d    program   0x000001
                 .tmpdata      udata   0x000000       data   0x000017
                MATH_DATA      udata   0x000017       data   0x000014
            .idata_main.o      idata   0x000060       data   0x00001f
            .udata_main.o      udata   0x00007f       data   0x00001c
            .udata_font.o      udata   0x00009b       data   0x000010
           .udata_c018i.o      udata   0x0000ab       data   0x00000a
                   .stack      udata   0x000e00       data   0x000100
            .idata_font.o      idata   0x000f00       data   0x000014
           .idata_c018i.o      idata   0x000f14       data   0x000000
      .idata__user_putc.o      idata   0x000f14       data   0x000000
      .udata__user_putc.o      udata   0x000f14       data   0x000000
            .idata_putc.o      idata   0x000f14       data   0x000000
            .udata_putc.o      udata   0x000f14       data   0x000000
         .idata_fxm3232.o      idata   0x000f14       data   0x000000
         .udata_fxm3232.o      udata   0x000f14       data   0x000000
        .idata_vfprintf.o      idata   0x000f14       data   0x000000
        .udata_vfprintf.o      udata   0x000f14       data   0x000000
         .idata_sprintf.o      idata   0x000f14       data   0x000000
         .udata_sprintf.o      udata   0x000f14       data   0x000000
          .idata___init.o      idata   0x000f14       data   0x000000
          .udata___init.o      udata   0x000f14       data   0x000000
        .idata_fxd3232u.o      idata   0x000f14       data   0x000000
        .udata_fxd3232u.o      udata   0x000f14       data   0x000000
        .idata_fxd1616u.o      idata   0x000f14       data   0x000000
        .udata_fxd1616u.o      udata   0x000f14       data   0x000000
           .idata_range.o      idata   0x000f14       data   0x000000
           .udata_range.o      udata   0x000f14       data   0x000000
          .udata_bitmap.o      udata   0x000f14       data   0x000000
             .idata_lcd.o      idata   0x000f14       data   0x000000
             .udata_lcd.o      udata   0x000f14       data   0x000000
          .idata_bitmap.o      idata   0x000f14       data   0x000000
              SFR_BANKED0      udata   0x000f16       data   0x000010
              SFR_BANKED1      udata   0x000f27       data   0x000039
            SFR_UNBANKED0      udata   0x000f60       data   0x0000a0



                              Program Memory Usage 
                               Start         End      
                           ---------   ---------      
                            0x000000    0x000016      
                            0x000018    0x00c47e      
                            0x00c480    0x00c4b6      
                            0x300000    0x300003      
                            0x300005    0x300006      
                            0x300008    0x300009      
                            0x30000b    0x30000d      
            50368 out of 66584 program addresses used, program memory utilization is 75%



                              Symbols - Sorted by Name
                     Name    Address   Location    Storage File                     
                ---------  ---------  ---------  --------- ---------                
                Config_IO   0x0080ce    program     extern E:\SW_DEV\GDesign_Test\main.c
                   D1616S   0x00bef2    program     static C:\Program Files\Microchip\mplabc18\v3.37\src\traditional\math\fxd1616s.asm
                D1616SNEG   0x00bf00    program     static C:\Program Files\Microchip\mplabc18\v3.37\src\traditional\math\fxd1616s.asm
                 D1616SOK   0x00befc    program     static C:\Program Files\Microchip\mplabc18\v3.37\src\traditional\math\fxd1616s.asm
                  D1616SX   0x00bf12    program     static C:\Program Files\Microchip\mplabc18\v3.37\src\traditional\math\fxd1616s.asm
                  DA1616S   0x00bee2    program     static C:\Program Files\Microchip\mplabc18\v3.37\src\traditional\math\fxd1616s.asm
                 FXD1616S   0x00bed0    program     extern C:\Program Files\Microchip\mplabc18\v3.37\src\traditional\math\fxd1616s.asm
                 FXD1616U   0x00c3d4    program     extern C:\Program Files\Microchip\mplabc18\v3.37\src\traditional\math\fxd1616u.c
                 FXD3232U   0x00c38c    program     extern C:\Program Files\Microchip\mplabc18\v3.37\src\traditional\math\fxd3232u.c
                 FXM1616S   0x00bf1c    program     extern C:\Program Files\Microchip\mplabc18\v3.37\src\traditional\math\fxm1616s.asm
                 FXM1616U   0x00bf76    program     extern C:\Program Files\Microchip\mplabc18\v3.37\src\traditional\math\fxm1616u.asm
                  FXM3232   0x00c2b6    program     extern C:\Program Files\Microchip\mplabc18\v3.37\src\traditional\math\fxm3232.c
                FillBlack   0x00808a    program     extern E:\SW_DEV\GDesign_Test\main.c
              FillFullLcd   0x00801c    program     extern E:\SW_DEV\GDesign_Test\main.c
               FillViolet   0x00805c    program     extern E:\SW_DEV\GDesign_Test\main.c
                      Fsm   0x00951a    program     extern E:\SW_DEV\GDesign_Test\main.c
                  I_relay   0x00c28e    program     extern C:\Documents and Settings\Jimit.shah.216\Desktop\Codes\GDesign_Test\range.c
          InitializeTimer   0x008162    program     extern E:\SW_DEV\GDesign_Test\main.c
                     Iout   0x009634    program     extern E:\SW_DEV\GDesign_Test\main.c
                   L13605   0x00a0ba    program     extern E:\SW_DEV\GDesign_Test\font.c
                   L18982   0x00ac1c    program     extern E:\SW_DEV\GDesign_Test\font.c
                   L30929   0x0099de    program     extern E:\SW_DEV\GDesign_Test\font.c
                     L883   0x00afcc    program     extern E:\SW_DEV\GDesign_Test\font.c
                     L981   0x00aa80    program     extern E:\SW_DEV\GDesign_Test\font.c
             LCD_FillRect   0x0058a8    program     extern E:\SW_DEV\GDesign_Test\lcd.c
              LCD_OutChar   0x007c18    program     extern E:\SW_DEV\GDesign_Test\lcd.c
              LCD_OutText   0x007e5e    program     extern E:\SW_DEV\GDesign_Test\lcd.c
            LCD_Rectangle   0x005a72    program     extern E:\SW_DEV\GDesign_Test\lcd.c
               LCD_bitmap   0x005e6e    program     extern E:\SW_DEV\GDesign_Test\lcd.c
              LCD_bitmap1   0x005fa4    program     extern E:\SW_DEV\GDesign_Test\lcd.c
            LCD_draw_line   0x0064e2    program     extern E:\SW_DEV\GDesign_Test\lcd.c
LCD_draw_round_corner_box   0x00659e    program     extern E:\SW_DEV\GDesign_Test\lcd.c
     LCD_draw_sloped_line   0x0060da    program     extern E:\SW_DEV\GDesign_Test\lcd.c
       LCD_horizontalline   0x0056d6    program     extern E:\SW_DEV\GDesign_Test\lcd.c
                LCD_image   0x005c10    program     extern E:\SW_DEV\GDesign_Test\lcd.c
                 LCD_init   0x0052cc    program     extern E:\SW_DEV\GDesign_Test\lcd.c
          LCD_paint_block   0x005408    program     extern E:\SW_DEV\GDesign_Test\lcd.c
             LCD_putpixel   0x005606    program     extern E:\SW_DEV\GDesign_Test\lcd.c
  LCD_round_corner_points   0x006d42    program     extern E:\SW_DEV\GDesign_Test\lcd.c
         LCD_verticalline   0x00582c    program     extern E:\SW_DEV\GDesign_Test\lcd.c
            SelectionPage   0x009142    program     extern E:\SW_DEV\GDesign_Test\main.c
             Send_Command   0x00523c    program     extern E:\SW_DEV\GDesign_Test\lcd.c
                Send_Data   0x005286    program     extern E:\SW_DEV\GDesign_Test\lcd.c
               TSIGN1616A   0x00bf68    program     static C:\Program Files\Microchip\mplabc18\v3.37\src\traditional\math\fxm1616s.asm
             Timer0Second   0x007f88    program     extern E:\SW_DEV\GDesign_Test\main.c
               Timer1Init   0x007fd6    program     extern E:\SW_DEV\GDesign_Test\main.c
                  V_relay   0x00c272    program     extern C:\Documents and Settings\Jimit.shah.216\Desktop\Codes\GDesign_Test\range.c
              X_Y_Setting   0x0053be    program     extern E:\SW_DEV\GDesign_Test\lcd.c
                   _2jEnd   0x00c376    program     static C:\Program Files\Microchip\mplabc18\v3.37\src\traditional\stdclib\slenpgm.asm
           ___if_lbl00002   0x000020    program     static                          
       ___return_lbl00000   0x00c324    program     static                          
       ___return_lbl00000   0x00c3d2    program     static                          
       ___return_lbl00000   0x00c3fe    program     static                          
       ___return_lbl00000   0x000004    program     static                          
       ___return_lbl00001   0x00c45e    program     static                          
       ___return_lbl00001   0x000020    program     static                          
       ___return_lbl00002   0x00c1c0    program     static                          
               __config_0   0x300000    program     static E:\SW_DEV\GDesign_Test\main.c
               __config_1   0x300001    program     static E:\SW_DEV\GDesign_Test\main.c
              __config_10   0x30000d    program     static E:\SW_DEV\GDesign_Test\main.c
               __config_2   0x300002    program     static E:\SW_DEV\GDesign_Test\main.c
               __config_3   0x300003    program     static E:\SW_DEV\GDesign_Test\main.c
               __config_4   0x300005    program     static E:\SW_DEV\GDesign_Test\main.c
               __config_5   0x300006    program     static E:\SW_DEV\GDesign_Test\main.c
               __config_6   0x300008    program     static E:\SW_DEV\GDesign_Test\main.c
               __config_7   0x300009    program     static E:\SW_DEV\GDesign_Test\main.c
               __config_8   0x30000b    program     static E:\SW_DEV\GDesign_Test\main.c
               __config_9   0x30000c    program     static E:\SW_DEV\GDesign_Test\main.c
                   __init   0x00c482    program     extern C:\Program Files\Microchip\mplabc18\v3.37\src\traditional\stdclib\__init.c
                   __pa_0   0x00bbee    program     static C:\Program Files\Microchip\mplabc18\v3.37\src\traditional\stdclib\vfprintf.c
                   __pa_1   0x00bbf6    program     static C:\Program Files\Microchip\mplabc18\v3.37\src\traditional\stdclib\vfprintf.c
                  __pa_10   0x00bcaa    program     static C:\Program Files\Microchip\mplabc18\v3.37\src\traditional\stdclib\vfprintf.c
                  __pa_11   0x00bcb8    program     static C:\Program Files\Microchip\mplabc18\v3.37\src\traditional\stdclib\vfprintf.c
                  __pa_12   0x00bcce    program     static C:\Program Files\Microchip\mplabc18\v3.37\src\traditional\stdclib\vfprintf.c
                  __pa_13   0x00bce8    program     static C:\Program Files\Microchip\mplabc18\v3.37\src\traditional\stdclib\vfprintf.c
                  __pa_14   0x00bd00    program     static C:\Program Files\Microchip\mplabc18\v3.37\src\traditional\stdclib\vfprintf.c
                  __pa_15   0x00bd10    program     static C:\Program Files\Microchip\mplabc18\v3.37\src\traditional\stdclib\vfprintf.c
                  __pa_16   0x00bd26    program     static C:\Program Files\Microchip\mplabc18\v3.37\src\traditional\stdclib\vfprintf.c
                  __pa_17   0x00bd38    program     static C:\Program Files\Microchip\mplabc18\v3.37\src\traditional\stdclib\vfprintf.c
                  __pa_18   0x00bd4a    program     static C:\Program Files\Microchip\mplabc18\v3.37\src\traditional\stdclib\vfprintf.c
                  __pa_19   0x00bd54    program     static C:\Program Files\Microchip\mplabc18\v3.37\src\traditional\stdclib\vfprintf.c
                   __pa_2   0x00bc00    program     static C:\Program Files\Microchip\mplabc18\v3.37\src\traditional\stdclib\vfprintf.c
                  __pa_20   0x00bd64    program     static C:\Program Files\Microchip\mplabc18\v3.37\src\traditional\stdclib\vfprintf.c
                  __pa_21   0x00bd74    program     static C:\Program Files\Microchip\mplabc18\v3.37\src\traditional\stdclib\vfprintf.c
                  __pa_22   0x00bd84    program     static C:\Program Files\Microchip\mplabc18\v3.37\src\traditional\stdclib\vfprintf.c
                  __pa_23   0x00bd90    program     static C:\Program Files\Microchip\mplabc18\v3.37\src\traditional\stdclib\vfprintf.c
                  __pa_24   0x00bd9e    program     static C:\Program Files\Microchip\mplabc18\v3.37\src\traditional\stdclib\vfprintf.c
                  __pa_25   0x00bda6    program     static C:\Program Files\Microchip\mplabc18\v3.37\src\traditional\stdclib\vfprintf.c
                  __pa_26   0x00bdb0    program     static C:\Program Files\Microchip\mplabc18\v3.37\src\traditional\stdclib\vfprintf.c
                  __pa_27   0x00bdba    program     static C:\Program Files\Microchip\mplabc18\v3.37\src\traditional\stdclib\vfprintf.c
                  __pa_28   0x00bdc2    program     static C:\Program Files\Microchip\mplabc18\v3.37\src\traditional\stdclib\vfprintf.c
                  __pa_29   0x00bdd0    program     static C:\Program Files\Microchip\mplabc18\v3.37\src\traditional\stdclib\vfprintf.c
                   __pa_3   0x00bc0a    program     static C:\Program Files\Microchip\mplabc18\v3.37\src\traditional\stdclib\vfprintf.c
                  __pa_30   0x00bdec    program     static C:\Program Files\Microchip\mplabc18\v3.37\src\traditional\stdclib\vfprintf.c
                  __pa_31   0x00be06    program     static C:\Program Files\Microchip\mplabc18\v3.37\src\traditional\stdclib\vfprintf.c
                  __pa_32   0x00be20    program     static C:\Program Files\Microchip\mplabc18\v3.37\src\traditional\stdclib\vfprintf.c
                  __pa_33   0x00be38    program     static C:\Program Files\Microchip\mplabc18\v3.37\src\traditional\stdclib\vfprintf.c
                  __pa_34   0x00be42    program     static C:\Program Files\Microchip\mplabc18\v3.37\src\traditional\stdclib\vfprintf.c
                  __pa_35   0x00be50    program     static C:\Program Files\Microchip\mplabc18\v3.37\src\traditional\stdclib\vfprintf.c
                  __pa_36   0x00be58    program     static C:\Program Files\Microchip\mplabc18\v3.37\src\traditional\stdclib\vfprintf.c
                  __pa_37   0x00be62    program     static C:\Program Files\Microchip\mplabc18\v3.37\src\traditional\stdclib\vfprintf.c
                  __pa_38   0x00be72    program     static C:\Program Files\Microchip\mplabc18\v3.37\src\traditional\stdclib\vfprintf.c
                  __pa_39   0x00be80    program     static C:\Program Files\Microchip\mplabc18\v3.37\src\traditional\stdclib\vfprintf.c
                   __pa_4   0x00bc22    program     static C:\Program Files\Microchip\mplabc18\v3.37\src\traditional\stdclib\vfprintf.c
                  __pa_40   0x00be8c    program     static C:\Program Files\Microchip\mplabc18\v3.37\src\traditional\stdclib\vfprintf.c
                  __pa_41   0x00be98    program     static C:\Program Files\Microchip\mplabc18\v3.37\src\traditional\stdclib\vfprintf.c
                  __pa_42   0x00bea0    program     static C:\Program Files\Microchip\mplabc18\v3.37\src\traditional\stdclib\vfprintf.c
                  __pa_43   0x00beaa    program     static C:\Program Files\Microchip\mplabc18\v3.37\src\traditional\stdclib\vfprintf.c
                  __pa_44   0x00beb0    program     static C:\Program Files\Microchip\mplabc18\v3.37\src\traditional\stdclib\vfprintf.c
                  __pa_45   0x00beba    program     static C:\Program Files\Microchip\mplabc18\v3.37\src\traditional\stdclib\vfprintf.c
                  __pa_46   0x00bec6    program     static C:\Program Files\Microchip\mplabc18\v3.37\src\traditional\stdclib\vfprintf.c
                   __pa_5   0x00bc36    program     static C:\Program Files\Microchip\mplabc18\v3.37\src\traditional\stdclib\vfprintf.c
                   __pa_6   0x00bc52    program     static C:\Program Files\Microchip\mplabc18\v3.37\src\traditional\stdclib\vfprintf.c
                   __pa_7   0x00bc5c    program     static C:\Program Files\Microchip\mplabc18\v3.37\src\traditional\stdclib\vfprintf.c
                   __pa_8   0x00bc68    program     static C:\Program Files\Microchip\mplabc18\v3.37\src\traditional\stdclib\vfprintf.c
                   __pa_9   0x00bc8a    program     static C:\Program Files\Microchip\mplabc18\v3.37\src\traditional\stdclib\vfprintf.c
               __string_3   0x00c47c    program     static E:\SW_DEV\GDesign_Test\main.c
              __tmplbl_42   0x00bd84    program     static                          
              __tmplbl_43   0x00bbcc    program     static                          
              __tmplbl_44   0x00bbb2    program     static                          
              __tmplbl_85   0x00b304    program     static                          
               __tmplbl_9   0x007c10    program     static                          
            __zero_memory   0x00c424    program     extern C:\Program Files\Microchip\mplabc18\v3.37\src\traditional\proc\p18F66K22.asm
                _do_cinit   0x00c124    program     extern C:\Program Files\Microchip\mplabc18\v3.37\src\traditional\startup\c018i.c
                   _entry   0x000000    program     extern C:\Program Files\Microchip\mplabc18\v3.37\src\traditional\startup\c018i.c
                   _false   0x00c3ce    program     static                          
                 _startup   0x00c444    program     extern C:\Program Files\Microchip\mplabc18\v3.37\src\traditional\startup\c018i.c
              _usart_putc   0x00c460    program     extern C:\Program Files\Microchip\mplabc18\v3.37\src\pmc_common\USART\_usartpc.asm
               _user_putc   0x00c480    program     extern C:\Program Files\Microchip\mplabc18\v3.37\src\traditional\stdclib\_user_putc.c
                  adcinit   0x00817a    program     extern E:\SW_DEV\GDesign_Test\main.c
                  adcread   0x00818e    program     extern E:\SW_DEV\GDesign_Test\main.c
                   adcrun   0x0081a0    program     extern E:\SW_DEV\GDesign_Test\main.c
                benchmark   0x0000bc    program     extern E:\SW_DEV\GDesign_Test\bitmap.c
                compare_l   0x00c43a    program     static C:\Program Files\Microchip\mplabc18\v3.37\src\traditional\proc\p18F66K22.asm
                copy_loop   0x00c196    program     static                          
            copy_one_byte   0x00c19c    program     static                          
           currentsetting   0x00986c    program     extern E:\SW_DEV\GDesign_Test\main.c
                    delay   0x007fd8    program     extern E:\SW_DEV\GDesign_Test\main.c
                 delay_ms   0x0080f0    program     extern E:\SW_DEV\GDesign_Test\main.c
           display_page_1   0x00887a    program     extern E:\SW_DEV\GDesign_Test\main.c
           display_page_2   0x008baa    program     extern E:\SW_DEV\GDesign_Test\main.c
           display_page_3   0x008e76    program     extern E:\SW_DEV\GDesign_Test\main.c
                     done   0x00c1c0    program     static                          
             done_copying   0x00c1aa    program     static                          
                  endloop   0x00c3fa    program     static                          
                font_init   0x00bfbe    program     extern E:\SW_DEV\GDesign_Test\font.c
         get_current_font   0x00bfb2    program     extern E:\SW_DEV\GDesign_Test\font.c
                     home   0x00003c    program     extern E:\SW_DEV\GDesign_Test\bitmap.c
  interrupt_at_low_vector   0x000018    program     extern E:\SW_DEV\GDesign_Test\main.c
                  isdigit   0x00c400    program     extern C:\Program Files\Microchip\mplabc18\v3.37\src\traditional\stdclib\isdigit.asm
                     jEnd   0x00c340    program     static C:\Program Files\Microchip\mplabc18\v3.37\src\traditional\stdclib\strlen.asm
                     jEnd   0x00c378    program     static C:\Program Files\Microchip\mplabc18\v3.37\src\traditional\stdclib\slenpgm.asm
                    jLoop   0x00c360    program     static C:\Program Files\Microchip\mplabc18\v3.37\src\traditional\stdclib\slenpgm.asm
                    jLoop   0x00c336    program     static C:\Program Files\Microchip\mplabc18\v3.37\src\traditional\stdclib\strlen.asm
                   jMatch   0x00c420    program     static C:\Program Files\Microchip\mplabc18\v3.37\src\traditional\stdclib\isdigit.asm
                 jNoMatch   0x00c422    program     static C:\Program Files\Microchip\mplabc18\v3.37\src\traditional\stdclib\isdigit.asm
              keyDeBounce   0x00800c    program     extern E:\SW_DEV\GDesign_Test\main.c
                lcd_reset   0x0080b8    program     extern E:\SW_DEV\GDesign_Test\main.c
                     loop   0x00c39a    program     static                          
                     loop   0x00c3de    program     static                          
                     loop   0x00c470    program     static C:\Program Files\Microchip\mplabc18\v3.37\src\pmc_common\USART\_usartpc.asm
                     loop   0x00c454    program     static                          
                   loop_h   0x00c432    program     static C:\Program Files\Microchip\mplabc18\v3.37\src\traditional\proc\p18F66K22.asm
                   loop_l   0x00c43c    program     static C:\Program Files\Microchip\mplabc18\v3.37\src\traditional\proc\p18F66K22.asm
                     main   0x0081a4    program     extern E:\SW_DEV\GDesign_Test\main.c
                   mux_en   0x00c246    program     extern C:\Documents and Settings\Jimit.shah.216\Desktop\Codes\GDesign_Test\range.c
                  mux_sel   0x00c24a    program     extern C:\Documents and Settings\Jimit.shah.216\Desktop\Codes\GDesign_Test\range.c
                     putc   0x00c1c2    program     extern C:\Program Files\Microchip\mplabc18\v3.37\src\traditional\stdclib\putc.c
                 s_digits   0x000006    program     static C:\Program Files\Microchip\mplabc18\v3.37\src\traditional\stdclib\vfprintf.c
            s_put_n_chars   0x00b2ae    program     static C:\Program Files\Microchip\mplabc18\v3.37\src\traditional\stdclib\vfprintf.c
                  setfont   0x00bfe2    program     extern E:\SW_DEV\GDesign_Test\font.c
                     sine   0x0050bc    program     extern E:\SW_DEV\GDesign_Test\bitmap.c
                  sprintf   0x00c078    program     extern C:\Program Files\Microchip\mplabc18\v3.37\src\traditional\stdclib\sprintf.c
                   square   0x00513c    program     extern E:\SW_DEV\GDesign_Test\bitmap.c
                   strlen   0x00c326    program     extern C:\Program Files\Microchip\mplabc18\v3.37\src\traditional\stdclib\strlen.asm
                strlenpgm   0x00c342    program     extern C:\Program Files\Microchip\mplabc18\v3.37\src\traditional\stdclib\slenpgm.asm
                     test   0x00c13e    program     static                          
                 triangle   0x0051bc    program     extern E:\SW_DEV\GDesign_Test\bitmap.c
                 vfprintf   0x00b2da    program     extern C:\Program Files\Microchip\mplabc18\v3.37\src\traditional\stdclib\vfprintf.c
           voltagesetting   0x009768    program     extern E:\SW_DEV\GDesign_Test\main.c
               zero_block   0x00c432    program     static C:\Program Files\Microchip\mplabc18\v3.37\src\traditional\proc\p18F66K22.asm
                   ADCON0   0x000fc2       data     extern C:\Program Files\Microchip\mplabc18\v3.37\src\traditional\proc\p18F66K22.asm
               ADCON0bits   0x000fc2       data     extern C:\Program Files\Microchip\mplabc18\v3.37\src\traditional\proc\p18F66K22.asm
                   ADCON1   0x000fc1       data     extern C:\Program Files\Microchip\mplabc18\v3.37\src\traditional\proc\p18F66K22.asm
               ADCON1bits   0x000fc1       data     extern C:\Program Files\Microchip\mplabc18\v3.37\src\traditional\proc\p18F66K22.asm
                   ADCON2   0x000fc0       data     extern C:\Program Files\Microchip\mplabc18\v3.37\src\traditional\proc\p18F66K22.asm
               ADCON2bits   0x000fc0       data     extern C:\Program Files\Microchip\mplabc18\v3.37\src\traditional\proc\p18F66K22.asm
                    ADRES   0x000fc3       data     extern C:\Program Files\Microchip\mplabc18\v3.37\src\traditional\proc\p18F66K22.asm
                   ADRESH   0x000fc4       data     extern C:\Program Files\Microchip\mplabc18\v3.37\src\traditional\proc\p18F66K22.asm
                   ADRESL   0x000fc3       data     extern C:\Program Files\Microchip\mplabc18\v3.37\src\traditional\proc\p18F66K22.asm
                  ALRMCFG   0x000f5b       data     extern C:\Program Files\Microchip\mplabc18\v3.37\src\traditional\proc\p18F66K22.asm
              ALRMCFGbits   0x000f5b       data     extern C:\Program Files\Microchip\mplabc18\v3.37\src\traditional\proc\p18F66K22.asm
                  ALRMRPT   0x000f5a       data     extern C:\Program Files\Microchip\mplabc18\v3.37\src\traditional\proc\p18F66K22.asm
              ALRMRPTbits   0x000f5a       data     extern C:\Program Files\Microchip\mplabc18\v3.37\src\traditional\proc\p18F66K22.asm
                  ALRMVAL   0x000f58       data     extern C:\Program Files\Microchip\mplabc18\v3.37\src\traditional\proc\p18F66K22.asm
                 ALRMVALH   0x000f59       data     extern C:\Program Files\Microchip\mplabc18\v3.37\src\traditional\proc\p18F66K22.asm
                 ALRMVALL   0x000f58       data     extern C:\Program Files\Microchip\mplabc18\v3.37\src\traditional\proc\p18F66K22.asm
                   ANCON0   0x000f25       data     extern C:\Program Files\Microchip\mplabc18\v3.37\src\traditional\proc\p18F66K22.asm
               ANCON0bits   0x000f25       data     extern C:\Program Files\Microchip\mplabc18\v3.37\src\traditional\proc\p18F66K22.asm
                   ANCON1   0x000f24       data     extern C:\Program Files\Microchip\mplabc18\v3.37\src\traditional\proc\p18F66K22.asm
               ANCON1bits   0x000f24       data     extern C:\Program Files\Microchip\mplabc18\v3.37\src\traditional\proc\p18F66K22.asm
                   ANCON2   0x000f23       data     extern C:\Program Files\Microchip\mplabc18\v3.37\src\traditional\proc\p18F66K22.asm
               ANCON2bits   0x000f23       data     extern C:\Program Files\Microchip\mplabc18\v3.37\src\traditional\proc\p18F66K22.asm
                   Analog   0x00007b       data     extern E:\SW_DEV\GDesign_Test\main.c
                  BAUDCON   0x000f65       data     extern C:\Program Files\Microchip\mplabc18\v3.37\src\traditional\proc\p18F66K22.asm
                 BAUDCON1   0x000f65       data     extern C:\Program Files\Microchip\mplabc18\v3.37\src\traditional\proc\p18F66K22.asm
             BAUDCON1bits   0x000f65       data     extern C:\Program Files\Microchip\mplabc18\v3.37\src\traditional\proc\p18F66K22.asm
                 BAUDCON2   0x000f20       data     extern C:\Program Files\Microchip\mplabc18\v3.37\src\traditional\proc\p18F66K22.asm
             BAUDCON2bits   0x000f20       data     extern C:\Program Files\Microchip\mplabc18\v3.37\src\traditional\proc\p18F66K22.asm
              BAUDCONbits   0x000f65       data     extern C:\Program Files\Microchip\mplabc18\v3.37\src\traditional\proc\p18F66K22.asm
                  BAUDCTL   0x000f65       data     extern C:\Program Files\Microchip\mplabc18\v3.37\src\traditional\proc\p18F66K22.asm
              BAUDCTLbits   0x000f65       data     extern C:\Program Files\Microchip\mplabc18\v3.37\src\traditional\proc\p18F66K22.asm
                      BSR   0x000fe0       data     extern C:\Program Files\Microchip\mplabc18\v3.37\src\traditional\proc\p18F66K22.asm
                 CCP10CON   0x000f40       data     extern C:\Program Files\Microchip\mplabc18\v3.37\src\traditional\proc\p18F66K22.asm
             CCP10CONbits   0x000f40       data     extern C:\Program Files\Microchip\mplabc18\v3.37\src\traditional\proc\p18F66K22.asm
                  CCP1CON   0x000fbb       data     extern C:\Program Files\Microchip\mplabc18\v3.37\src\traditional\proc\p18F66K22.asm
              CCP1CONbits   0x000fbb       data     extern C:\Program Files\Microchip\mplabc18\v3.37\src\traditional\proc\p18F66K22.asm
                  CCP2CON   0x000f4e       data     extern C:\Program Files\Microchip\mplabc18\v3.37\src\traditional\proc\p18F66K22.asm
              CCP2CONbits   0x000f4e       data     extern C:\Program Files\Microchip\mplabc18\v3.37\src\traditional\proc\p18F66K22.asm
                  CCP3CON   0x000f49       data     extern C:\Program Files\Microchip\mplabc18\v3.37\src\traditional\proc\p18F66K22.asm
              CCP3CONbits   0x000f49       data     extern C:\Program Files\Microchip\mplabc18\v3.37\src\traditional\proc\p18F66K22.asm
                  CCP4CON   0x000f77       data     extern C:\Program Files\Microchip\mplabc18\v3.37\src\traditional\proc\p18F66K22.asm
              CCP4CONbits   0x000f77       data     extern C:\Program Files\Microchip\mplabc18\v3.37\src\traditional\proc\p18F66K22.asm
                  CCP5CON   0x000f74       data     extern C:\Program Files\Microchip\mplabc18\v3.37\src\traditional\proc\p18F66K22.asm
              CCP5CONbits   0x000f74       data     extern C:\Program Files\Microchip\mplabc18\v3.37\src\traditional\proc\p18F66K22.asm
                  CCP6CON   0x000f71       data     extern C:\Program Files\Microchip\mplabc18\v3.37\src\traditional\proc\p18F66K22.asm
              CCP6CONbits   0x000f71       data     extern C:\Program Files\Microchip\mplabc18\v3.37\src\traditional\proc\p18F66K22.asm
                  CCP7CON   0x000f6e       data     extern C:\Program Files\Microchip\mplabc18\v3.37\src\traditional\proc\p18F66K22.asm
              CCP7CONbits   0x000f6e       data     extern C:\Program Files\Microchip\mplabc18\v3.37\src\traditional\proc\p18F66K22.asm
                  CCP8CON   0x000f46       data     extern C:\Program Files\Microchip\mplabc18\v3.37\src\traditional\proc\p18F66K22.asm
              CCP8CONbits   0x000f46       data     extern C:\Program Files\Microchip\mplabc18\v3.37\src\traditional\proc\p18F66K22.asm
                  CCP9CON   0x000f43       data     extern C:\Program Files\Microchip\mplabc18\v3.37\src\traditional\proc\p18F66K22.asm
              CCP9CONbits   0x000f43       data     extern C:\Program Files\Microchip\mplabc18\v3.37\src\traditional\proc\p18F66K22.asm
                    CCPR1   0x000fbc       data     extern C:\Program Files\Microchip\mplabc18\v3.37\src\traditional\proc\p18F66K22.asm
                  CCPR10H   0x000f42       data     extern C:\Program Files\Microchip\mplabc18\v3.37\src\traditional\proc\p18F66K22.asm
                  CCPR10L   0x000f41       data     extern C:\Program Files\Microchip\mplabc18\v3.37\src\traditional\proc\p18F66K22.asm
                   CCPR1H   0x000fbd       data     extern C:\Program Files\Microchip\mplabc18\v3.37\src\traditional\proc\p18F66K22.asm
                   CCPR1L   0x000fbc       data     extern C:\Program Files\Microchip\mplabc18\v3.37\src\traditional\proc\p18F66K22.asm
                    CCPR2   0x000f4f       data     extern C:\Program Files\Microchip\mplabc18\v3.37\src\traditional\proc\p18F66K22.asm
                   CCPR2H   0x000f50       data     extern C:\Program Files\Microchip\mplabc18\v3.37\src\traditional\proc\p18F66K22.asm
                   CCPR2L   0x000f4f       data     extern C:\Program Files\Microchip\mplabc18\v3.37\src\traditional\proc\p18F66K22.asm
                    CCPR3   0x000f4a       data     extern C:\Program Files\Microchip\mplabc18\v3.37\src\traditional\proc\p18F66K22.asm
                   CCPR3H   0x000f4b       data     extern C:\Program Files\Microchip\mplabc18\v3.37\src\traditional\proc\p18F66K22.asm
                   CCPR3L   0x000f4a       data     extern C:\Program Files\Microchip\mplabc18\v3.37\src\traditional\proc\p18F66K22.asm
                    CCPR4   0x000f78       data     extern C:\Program Files\Microchip\mplabc18\v3.37\src\traditional\proc\p18F66K22.asm
                   CCPR4H   0x000f79       data     extern C:\Program Files\Microchip\mplabc18\v3.37\src\traditional\proc\p18F66K22.asm
                   CCPR4L   0x000f78       data     extern C:\Program Files\Microchip\mplabc18\v3.37\src\traditional\proc\p18F66K22.asm
                    CCPR5   0x000f75       data     extern C:\Program Files\Microchip\mplabc18\v3.37\src\traditional\proc\p18F66K22.asm
                   CCPR5H   0x000f76       data     extern C:\Program Files\Microchip\mplabc18\v3.37\src\traditional\proc\p18F66K22.asm
                   CCPR5L   0x000f75       data     extern C:\Program Files\Microchip\mplabc18\v3.37\src\traditional\proc\p18F66K22.asm
                    CCPR6   0x000f72       data     extern C:\Program Files\Microchip\mplabc18\v3.37\src\traditional\proc\p18F66K22.asm
                   CCPR6H   0x000f73       data     extern C:\Program Files\Microchip\mplabc18\v3.37\src\traditional\proc\p18F66K22.asm
                   CCPR6L   0x000f72       data     extern C:\Program Files\Microchip\mplabc18\v3.37\src\traditional\proc\p18F66K22.asm
                    CCPR7   0x000f6f       data     extern C:\Program Files\Microchip\mplabc18\v3.37\src\traditional\proc\p18F66K22.asm
                   CCPR7H   0x000f70       data     extern C:\Program Files\Microchip\mplabc18\v3.37\src\traditional\proc\p18F66K22.asm
                   CCPR7L   0x000f6f       data     extern C:\Program Files\Microchip\mplabc18\v3.37\src\traditional\proc\p18F66K22.asm
                    CCPR8   0x000f47       data     extern C:\Program Files\Microchip\mplabc18\v3.37\src\traditional\proc\p18F66K22.asm
                   CCPR8H   0x000f48       data     extern C:\Program Files\Microchip\mplabc18\v3.37\src\traditional\proc\p18F66K22.asm
                   CCPR8L   0x000f47       data     extern C:\Program Files\Microchip\mplabc18\v3.37\src\traditional\proc\p18F66K22.asm
                    CCPR9   0x000f44       data     extern C:\Program Files\Microchip\mplabc18\v3.37\src\traditional\proc\p18F66K22.asm
                   CCPR9H   0x000f45       data     extern C:\Program Files\Microchip\mplabc18\v3.37\src\traditional\proc\p18F66K22.asm
                   CCPR9L   0x000f44       data     extern C:\Program Files\Microchip\mplabc18\v3.37\src\traditional\proc\p18F66K22.asm
                 CCPTMRS0   0x000f2d       data     extern C:\Program Files\Microchip\mplabc18\v3.37\src\traditional\proc\p18F66K22.asm
             CCPTMRS0bits   0x000f2d       data     extern C:\Program Files\Microchip\mplabc18\v3.37\src\traditional\proc\p18F66K22.asm
                 CCPTMRS1   0x000f2c       data     extern C:\Program Files\Microchip\mplabc18\v3.37\src\traditional\proc\p18F66K22.asm
             CCPTMRS1bits   0x000f2c       data     extern C:\Program Files\Microchip\mplabc18\v3.37\src\traditional\proc\p18F66K22.asm
                 CCPTMRS2   0x000f2b       data     extern C:\Program Files\Microchip\mplabc18\v3.37\src\traditional\proc\p18F66K22.asm
             CCPTMRS2bits   0x000f2b       data     extern C:\Program Files\Microchip\mplabc18\v3.37\src\traditional\proc\p18F66K22.asm
                   CM1CON   0x000f54       data     extern C:\Program Files\Microchip\mplabc18\v3.37\src\traditional\proc\p18F66K22.asm
                  CM1CON1   0x000f54       data     extern C:\Program Files\Microchip\mplabc18\v3.37\src\traditional\proc\p18F66K22.asm
              CM1CON1bits   0x000f54       data     extern C:\Program Files\Microchip\mplabc18\v3.37\src\traditional\proc\p18F66K22.asm
               CM1CONbits   0x000f54       data     extern C:\Program Files\Microchip\mplabc18\v3.37\src\traditional\proc\p18F66K22.asm
                   CM2CON   0x000f2f       data     extern C:\Program Files\Microchip\mplabc18\v3.37\src\traditional\proc\p18F66K22.asm
                  CM2CON1   0x000f2f       data     extern C:\Program Files\Microchip\mplabc18\v3.37\src\traditional\proc\p18F66K22.asm
              CM2CON1bits   0x000f2f       data     extern C:\Program Files\Microchip\mplabc18\v3.37\src\traditional\proc\p18F66K22.asm
               CM2CONbits   0x000f2f       data     extern C:\Program Files\Microchip\mplabc18\v3.37\src\traditional\proc\p18F66K22.asm
                   CM3CON   0x000f2e       data     extern C:\Program Files\Microchip\mplabc18\v3.37\src\traditional\proc\p18F66K22.asm
                  CM3CON1   0x000f2e       data     extern C:\Program Files\Microchip\mplabc18\v3.37\src\traditional\proc\p18F66K22.asm
              CM3CON1bits   0x000f2e       data     extern C:\Program Files\Microchip\mplabc18\v3.37\src\traditional\proc\p18F66K22.asm
               CM3CONbits   0x000f2e       data     extern C:\Program Files\Microchip\mplabc18\v3.37\src\traditional\proc\p18F66K22.asm
                   CMSTAT   0x000fb4       data     extern C:\Program Files\Microchip\mplabc18\v3.37\src\traditional\proc\p18F66K22.asm
                 CMSTATUS   0x000fb4       data     extern C:\Program Files\Microchip\mplabc18\v3.37\src\traditional\proc\p18F66K22.asm
             CMSTATUSbits   0x000fb4       data     extern C:\Program Files\Microchip\mplabc18\v3.37\src\traditional\proc\p18F66K22.asm
               CMSTATbits   0x000fb4       data     extern C:\Program Files\Microchip\mplabc18\v3.37\src\traditional\proc\p18F66K22.asm
                 CTMUCONH   0x000f57       data     extern C:\Program Files\Microchip\mplabc18\v3.37\src\traditional\proc\p18F66K22.asm
             CTMUCONHbits   0x000f57       data     extern C:\Program Files\Microchip\mplabc18\v3.37\src\traditional\proc\p18F66K22.asm
                 CTMUCONL   0x000f56       data     extern C:\Program Files\Microchip\mplabc18\v3.37\src\traditional\proc\p18F66K22.asm
             CTMUCONLbits   0x000f56       data     extern C:\Program Files\Microchip\mplabc18\v3.37\src\traditional\proc\p18F66K22.asm
                 CTMUICON   0x000f55       data     extern C:\Program Files\Microchip\mplabc18\v3.37\src\traditional\proc\p18F66K22.asm
             CTMUICONbits   0x000f55       data     extern C:\Program Files\Microchip\mplabc18\v3.37\src\traditional\proc\p18F66K22.asm
                   CVRCON   0x000fb5       data     extern C:\Program Files\Microchip\mplabc18\v3.37\src\traditional\proc\p18F66K22.asm
               CVRCONbits   0x000fb5       data     extern C:\Program Files\Microchip\mplabc18\v3.37\src\traditional\proc\p18F66K22.asm
               Calibri_10   0x000f00       data     extern E:\SW_DEV\GDesign_Test\font.c
              Calibri_12n   0x000f10       data     extern E:\SW_DEV\GDesign_Test\font.c
               Calibri_26   0x000f04       data     extern E:\SW_DEV\GDesign_Test\font.c
              Calibri_26V   0x000f0c       data     extern E:\SW_DEV\GDesign_Test\font.c
              Calibri_26s   0x000f08       data     extern E:\SW_DEV\GDesign_Test\font.c
                  ECCP1AS   0x000fbf       data     extern C:\Program Files\Microchip\mplabc18\v3.37\src\traditional\proc\p18F66K22.asm
              ECCP1ASbits   0x000fbf       data     extern C:\Program Files\Microchip\mplabc18\v3.37\src\traditional\proc\p18F66K22.asm
                 ECCP1CON   0x000fbb       data     extern C:\Program Files\Microchip\mplabc18\v3.37\src\traditional\proc\p18F66K22.asm
             ECCP1CONbits   0x000fbb       data     extern C:\Program Files\Microchip\mplabc18\v3.37\src\traditional\proc\p18F66K22.asm
                 ECCP1DEL   0x000fbe       data     extern C:\Program Files\Microchip\mplabc18\v3.37\src\traditional\proc\p18F66K22.asm
             ECCP1DELbits   0x000fbe       data     extern C:\Program Files\Microchip\mplabc18\v3.37\src\traditional\proc\p18F66K22.asm
                  ECCP2AS   0x000f52       data     extern C:\Program Files\Microchip\mplabc18\v3.37\src\traditional\proc\p18F66K22.asm
              ECCP2ASbits   0x000f52       data     extern C:\Program Files\Microchip\mplabc18\v3.37\src\traditional\proc\p18F66K22.asm
                 ECCP2CON   0x000f4e       data     extern C:\Program Files\Microchip\mplabc18\v3.37\src\traditional\proc\p18F66K22.asm
             ECCP2CONbits   0x000f4e       data     extern C:\Program Files\Microchip\mplabc18\v3.37\src\traditional\proc\p18F66K22.asm
                 ECCP2DEL   0x000f51       data     extern C:\Program Files\Microchip\mplabc18\v3.37\src\traditional\proc\p18F66K22.asm
             ECCP2DELbits   0x000f51       data     extern C:\Program Files\Microchip\mplabc18\v3.37\src\traditional\proc\p18F66K22.asm
                  ECCP3AS   0x000f4d       data     extern C:\Program Files\Microchip\mplabc18\v3.37\src\traditional\proc\p18F66K22.asm
              ECCP3ASbits   0x000f4d       data     extern C:\Program Files\Microchip\mplabc18\v3.37\src\traditional\proc\p18F66K22.asm
                 ECCP3DEL   0x000f4c       data     extern C:\Program Files\Microchip\mplabc18\v3.37\src\traditional\proc\p18F66K22.asm
             ECCP3DELbits   0x000f4c       data     extern C:\Program Files\Microchip\mplabc18\v3.37\src\traditional\proc\p18F66K22.asm
                    EEADR   0x000f62       data     extern C:\Program Files\Microchip\mplabc18\v3.37\src\traditional\proc\p18F66K22.asm
                   EEADRH   0x000f63       data     extern C:\Program Files\Microchip\mplabc18\v3.37\src\traditional\proc\p18F66K22.asm
                   EECON1   0x000f7f       data     extern C:\Program Files\Microchip\mplabc18\v3.37\src\traditional\proc\p18F66K22.asm
               EECON1bits   0x000f7f       data     extern C:\Program Files\Microchip\mplabc18\v3.37\src\traditional\proc\p18F66K22.asm
                   EECON2   0x000f7e       data     extern C:\Program Files\Microchip\mplabc18\v3.37\src\traditional\proc\p18F66K22.asm
                   EEDATA   0x000f61       data     extern C:\Program Files\Microchip\mplabc18\v3.37\src\traditional\proc\p18F66K22.asm
                     FSR0   0x000fe9       data     extern C:\Program Files\Microchip\mplabc18\v3.37\src\traditional\proc\p18F66K22.asm
                    FSR0H   0x000fea       data     extern C:\Program Files\Microchip\mplabc18\v3.37\src\traditional\proc\p18F66K22.asm
                    FSR0L   0x000fe9       data     extern C:\Program Files\Microchip\mplabc18\v3.37\src\traditional\proc\p18F66K22.asm
                     FSR1   0x000fe1       data     extern C:\Program Files\Microchip\mplabc18\v3.37\src\traditional\proc\p18F66K22.asm
                    FSR1H   0x000fe2       data     extern C:\Program Files\Microchip\mplabc18\v3.37\src\traditional\proc\p18F66K22.asm
                    FSR1L   0x000fe1       data     extern C:\Program Files\Microchip\mplabc18\v3.37\src\traditional\proc\p18F66K22.asm
                     FSR2   0x000fd9       data     extern C:\Program Files\Microchip\mplabc18\v3.37\src\traditional\proc\p18F66K22.asm
                    FSR2H   0x000fda       data     extern C:\Program Files\Microchip\mplabc18\v3.37\src\traditional\proc\p18F66K22.asm
                    FSR2L   0x000fd9       data     extern C:\Program Files\Microchip\mplabc18\v3.37\src\traditional\proc\p18F66K22.asm
                  HLVDCON   0x000fa8       data     extern C:\Program Files\Microchip\mplabc18\v3.37\src\traditional\proc\p18F66K22.asm
              HLVDCONbits   0x000fa8       data     extern C:\Program Files\Microchip\mplabc18\v3.37\src\traditional\proc\p18F66K22.asm
                    INDF0   0x000fef       data     extern C:\Program Files\Microchip\mplabc18\v3.37\src\traditional\proc\p18F66K22.asm
                    INDF1   0x000fe7       data     extern C:\Program Files\Microchip\mplabc18\v3.37\src\traditional\proc\p18F66K22.asm
                    INDF2   0x000fdf       data     extern C:\Program Files\Microchip\mplabc18\v3.37\src\traditional\proc\p18F66K22.asm
                   INTCON   0x000ff2       data     extern C:\Program Files\Microchip\mplabc18\v3.37\src\traditional\proc\p18F66K22.asm
                  INTCON2   0x000ff1       data     extern C:\Program Files\Microchip\mplabc18\v3.37\src\traditional\proc\p18F66K22.asm
              INTCON2bits   0x000ff1       data     extern C:\Program Files\Microchip\mplabc18\v3.37\src\traditional\proc\p18F66K22.asm
                  INTCON3   0x000ff0       data     extern C:\Program Files\Microchip\mplabc18\v3.37\src\traditional\proc\p18F66K22.asm
              INTCON3bits   0x000ff0       data     extern C:\Program Files\Microchip\mplabc18\v3.37\src\traditional\proc\p18F66K22.asm
               INTCONbits   0x000ff2       data     extern C:\Program Files\Microchip\mplabc18\v3.37\src\traditional\proc\p18F66K22.asm
                     IPR1   0x000f9f       data     extern C:\Program Files\Microchip\mplabc18\v3.37\src\traditional\proc\p18F66K22.asm
                 IPR1bits   0x000f9f       data     extern C:\Program Files\Microchip\mplabc18\v3.37\src\traditional\proc\p18F66K22.asm
                     IPR2   0x000fa2       data     extern C:\Program Files\Microchip\mplabc18\v3.37\src\traditional\proc\p18F66K22.asm
                 IPR2bits   0x000fa2       data     extern C:\Program Files\Microchip\mplabc18\v3.37\src\traditional\proc\p18F66K22.asm
                     IPR3   0x000fa5       data     extern C:\Program Files\Microchip\mplabc18\v3.37\src\traditional\proc\p18F66K22.asm
                 IPR3bits   0x000fa5       data     extern C:\Program Files\Microchip\mplabc18\v3.37\src\traditional\proc\p18F66K22.asm
                     IPR4   0x000fb8       data     extern C:\Program Files\Microchip\mplabc18\v3.37\src\traditional\proc\p18F66K22.asm
                 IPR4bits   0x000fb8       data     extern C:\Program Files\Microchip\mplabc18\v3.37\src\traditional\proc\p18F66K22.asm
                     IPR5   0x000fd2       data     extern C:\Program Files\Microchip\mplabc18\v3.37\src\traditional\proc\p18F66K22.asm
                 IPR5bits   0x000fd2       data     extern C:\Program Files\Microchip\mplabc18\v3.37\src\traditional\proc\p18F66K22.asm
                     IPR6   0x000fa9       data     extern C:\Program Files\Microchip\mplabc18\v3.37\src\traditional\proc\p18F66K22.asm
                 IPR6bits   0x000fa9       data     extern C:\Program Files\Microchip\mplabc18\v3.37\src\traditional\proc\p18F66K22.asm
                     LATA   0x000f89       data     extern C:\Program Files\Microchip\mplabc18\v3.37\src\traditional\proc\p18F66K22.asm
                 LATAbits   0x000f89       data     extern C:\Program Files\Microchip\mplabc18\v3.37\src\traditional\proc\p18F66K22.asm
                     LATB   0x000f8a       data     extern C:\Program Files\Microchip\mplabc18\v3.37\src\traditional\proc\p18F66K22.asm
                 LATBbits   0x000f8a       data     extern C:\Program Files\Microchip\mplabc18\v3.37\src\traditional\proc\p18F66K22.asm
                     LATC   0x000f8b       data     extern C:\Program Files\Microchip\mplabc18\v3.37\src\traditional\proc\p18F66K22.asm
                 LATCbits   0x000f8b       data     extern C:\Program Files\Microchip\mplabc18\v3.37\src\traditional\proc\p18F66K22.asm
                     LATD   0x000f8c       data     extern C:\Program Files\Microchip\mplabc18\v3.37\src\traditional\proc\p18F66K22.asm
                 LATDbits   0x000f8c       data     extern C:\Program Files\Microchip\mplabc18\v3.37\src\traditional\proc\p18F66K22.asm
                     LATE   0x000f8d       data     extern C:\Program Files\Microchip\mplabc18\v3.37\src\traditional\proc\p18F66K22.asm
                 LATEbits   0x000f8d       data     extern C:\Program Files\Microchip\mplabc18\v3.37\src\traditional\proc\p18F66K22.asm
                     LATF   0x000f8e       data     extern C:\Program Files\Microchip\mplabc18\v3.37\src\traditional\proc\p18F66K22.asm
                 LATFbits   0x000f8e       data     extern C:\Program Files\Microchip\mplabc18\v3.37\src\traditional\proc\p18F66K22.asm
                     LATG   0x000f8f       data     extern C:\Program Files\Microchip\mplabc18\v3.37\src\traditional\proc\p18F66K22.asm
                 LATGbits   0x000f8f       data     extern C:\Program Files\Microchip\mplabc18\v3.37\src\traditional\proc\p18F66K22.asm
                   ODCON1   0x000f29       data     extern C:\Program Files\Microchip\mplabc18\v3.37\src\traditional\proc\p18F66K22.asm
               ODCON1bits   0x000f29       data     extern C:\Program Files\Microchip\mplabc18\v3.37\src\traditional\proc\p18F66K22.asm
                   ODCON2   0x000f28       data     extern C:\Program Files\Microchip\mplabc18\v3.37\src\traditional\proc\p18F66K22.asm
               ODCON2bits   0x000f28       data     extern C:\Program Files\Microchip\mplabc18\v3.37\src\traditional\proc\p18F66K22.asm
                   ODCON3   0x000f27       data     extern C:\Program Files\Microchip\mplabc18\v3.37\src\traditional\proc\p18F66K22.asm
               ODCON3bits   0x000f27       data     extern C:\Program Files\Microchip\mplabc18\v3.37\src\traditional\proc\p18F66K22.asm
                   OSCCON   0x000fd3       data     extern C:\Program Files\Microchip\mplabc18\v3.37\src\traditional\proc\p18F66K22.asm
                  OSCCON2   0x000f64       data     extern C:\Program Files\Microchip\mplabc18\v3.37\src\traditional\proc\p18F66K22.asm
              OSCCON2bits   0x000f64       data     extern C:\Program Files\Microchip\mplabc18\v3.37\src\traditional\proc\p18F66K22.asm
               OSCCONbits   0x000fd3       data     extern C:\Program Files\Microchip\mplabc18\v3.37\src\traditional\proc\p18F66K22.asm
                  OSCTUNE   0x000f9b       data     extern C:\Program Files\Microchip\mplabc18\v3.37\src\traditional\proc\p18F66K22.asm
              OSCTUNEbits   0x000f9b       data     extern C:\Program Files\Microchip\mplabc18\v3.37\src\traditional\proc\p18F66K22.asm
            OvertimeCount   0x000064       data     extern E:\SW_DEV\GDesign_Test\main.c
                  PADCFG1   0x000f53       data     extern C:\Program Files\Microchip\mplabc18\v3.37\src\traditional\proc\p18F66K22.asm
              PADCFG1bits   0x000f53       data     extern C:\Program Files\Microchip\mplabc18\v3.37\src\traditional\proc\p18F66K22.asm
                       PC   0x000ff9       data     extern C:\Program Files\Microchip\mplabc18\v3.37\src\traditional\proc\p18F66K22.asm
                      PCL   0x000ff9       data     extern C:\Program Files\Microchip\mplabc18\v3.37\src\traditional\proc\p18F66K22.asm
                   PCLATH   0x000ffa       data     extern C:\Program Files\Microchip\mplabc18\v3.37\src\traditional\proc\p18F66K22.asm
                   PCLATU   0x000ffb       data     extern C:\Program Files\Microchip\mplabc18\v3.37\src\traditional\proc\p18F66K22.asm
                     PIE1   0x000f9d       data     extern C:\Program Files\Microchip\mplabc18\v3.37\src\traditional\proc\p18F66K22.asm
                 PIE1bits   0x000f9d       data     extern C:\Program Files\Microchip\mplabc18\v3.37\src\traditional\proc\p18F66K22.asm
                     PIE2   0x000fa0       data     extern C:\Program Files\Microchip\mplabc18\v3.37\src\traditional\proc\p18F66K22.asm
                 PIE2bits   0x000fa0       data     extern C:\Program Files\Microchip\mplabc18\v3.37\src\traditional\proc\p18F66K22.asm
                     PIE3   0x000fa3       data     extern C:\Program Files\Microchip\mplabc18\v3.37\src\traditional\proc\p18F66K22.asm
                 PIE3bits   0x000fa3       data     extern C:\Program Files\Microchip\mplabc18\v3.37\src\traditional\proc\p18F66K22.asm
                     PIE4   0x000fb6       data     extern C:\Program Files\Microchip\mplabc18\v3.37\src\traditional\proc\p18F66K22.asm
                 PIE4bits   0x000fb6       data     extern C:\Program Files\Microchip\mplabc18\v3.37\src\traditional\proc\p18F66K22.asm
                     PIE5   0x000fb9       data     extern C:\Program Files\Microchip\mplabc18\v3.37\src\traditional\proc\p18F66K22.asm
                 PIE5bits   0x000fb9       data     extern C:\Program Files\Microchip\mplabc18\v3.37\src\traditional\proc\p18F66K22.asm
                     PIE6   0x000f60       data     extern C:\Program Files\Microchip\mplabc18\v3.37\src\traditional\proc\p18F66K22.asm
                 PIE6bits   0x000f60       data     extern C:\Program Files\Microchip\mplabc18\v3.37\src\traditional\proc\p18F66K22.asm
                     PIR1   0x000f9e       data     extern C:\Program Files\Microchip\mplabc18\v3.37\src\traditional\proc\p18F66K22.asm
                 PIR1bits   0x000f9e       data     extern C:\Program Files\Microchip\mplabc18\v3.37\src\traditional\proc\p18F66K22.asm
                     PIR2   0x000fa1       data     extern C:\Program Files\Microchip\mplabc18\v3.37\src\traditional\proc\p18F66K22.asm
                 PIR2bits   0x000fa1       data     extern C:\Program Files\Microchip\mplabc18\v3.37\src\traditional\proc\p18F66K22.asm
                     PIR3   0x000fa4       data     extern C:\Program Files\Microchip\mplabc18\v3.37\src\traditional\proc\p18F66K22.asm
                 PIR3bits   0x000fa4       data     extern C:\Program Files\Microchip\mplabc18\v3.37\src\traditional\proc\p18F66K22.asm
                     PIR4   0x000fb7       data     extern C:\Program Files\Microchip\mplabc18\v3.37\src\traditional\proc\p18F66K22.asm
                 PIR4bits   0x000fb7       data     extern C:\Program Files\Microchip\mplabc18\v3.37\src\traditional\proc\p18F66K22.asm
                     PIR5   0x000fba       data     extern C:\Program Files\Microchip\mplabc18\v3.37\src\traditional\proc\p18F66K22.asm
                 PIR5bits   0x000fba       data     extern C:\Program Files\Microchip\mplabc18\v3.37\src\traditional\proc\p18F66K22.asm
                     PIR6   0x000fa6       data     extern C:\Program Files\Microchip\mplabc18\v3.37\src\traditional\proc\p18F66K22.asm
                 PIR6bits   0x000fa6       data     extern C:\Program Files\Microchip\mplabc18\v3.37\src\traditional\proc\p18F66K22.asm
                   PLUSW0   0x000feb       data     extern C:\Program Files\Microchip\mplabc18\v3.37\src\traditional\proc\p18F66K22.asm
                   PLUSW1   0x000fe3       data     extern C:\Program Files\Microchip\mplabc18\v3.37\src\traditional\proc\p18F66K22.asm
                   PLUSW2   0x000fdb       data     extern C:\Program Files\Microchip\mplabc18\v3.37\src\traditional\proc\p18F66K22.asm
                     PMD0   0x000f19       data     extern C:\Program Files\Microchip\mplabc18\v3.37\src\traditional\proc\p18F66K22.asm
                 PMD0bits   0x000f19       data     extern C:\Program Files\Microchip\mplabc18\v3.37\src\traditional\proc\p18F66K22.asm
                     PMD1   0x000f18       data     extern C:\Program Files\Microchip\mplabc18\v3.37\src\traditional\proc\p18F66K22.asm
                 PMD1bits   0x000f18       data     extern C:\Program Files\Microchip\mplabc18\v3.37\src\traditional\proc\p18F66K22.asm
                     PMD2   0x000f17       data     extern C:\Program Files\Microchip\mplabc18\v3.37\src\traditional\proc\p18F66K22.asm
                 PMD2bits   0x000f17       data     extern C:\Program Files\Microchip\mplabc18\v3.37\src\traditional\proc\p18F66K22.asm
                     PMD3   0x000f16       data     extern C:\Program Files\Microchip\mplabc18\v3.37\src\traditional\proc\p18F66K22.asm
                 PMD3bits   0x000f16       data     extern C:\Program Files\Microchip\mplabc18\v3.37\src\traditional\proc\p18F66K22.asm
                    PORTA   0x000f80       data     extern C:\Program Files\Microchip\mplabc18\v3.37\src\traditional\proc\p18F66K22.asm
                PORTAbits   0x000f80       data     extern C:\Program Files\Microchip\mplabc18\v3.37\src\traditional\proc\p18F66K22.asm
                    PORTB   0x000f81       data     extern C:\Program Files\Microchip\mplabc18\v3.37\src\traditional\proc\p18F66K22.asm
                PORTBbits   0x000f81       data     extern C:\Program Files\Microchip\mplabc18\v3.37\src\traditional\proc\p18F66K22.asm
                    PORTC   0x000f82       data     extern C:\Program Files\Microchip\mplabc18\v3.37\src\traditional\proc\p18F66K22.asm
                PORTCbits   0x000f82       data     extern C:\Program Files\Microchip\mplabc18\v3.37\src\traditional\proc\p18F66K22.asm
                    PORTD   0x000f83       data     extern C:\Program Files\Microchip\mplabc18\v3.37\src\traditional\proc\p18F66K22.asm
                PORTDbits   0x000f83       data     extern C:\Program Files\Microchip\mplabc18\v3.37\src\traditional\proc\p18F66K22.asm
                    PORTE   0x000f84       data     extern C:\Program Files\Microchip\mplabc18\v3.37\src\traditional\proc\p18F66K22.asm
                PORTEbits   0x000f84       data     extern C:\Program Files\Microchip\mplabc18\v3.37\src\traditional\proc\p18F66K22.asm
                    PORTF   0x000f85       data     extern C:\Program Files\Microchip\mplabc18\v3.37\src\traditional\proc\p18F66K22.asm
                PORTFbits   0x000f85       data     extern C:\Program Files\Microchip\mplabc18\v3.37\src\traditional\proc\p18F66K22.asm
                    PORTG   0x000f86       data     extern C:\Program Files\Microchip\mplabc18\v3.37\src\traditional\proc\p18F66K22.asm
                PORTGbits   0x000f86       data     extern C:\Program Files\Microchip\mplabc18\v3.37\src\traditional\proc\p18F66K22.asm
                 POSTDEC0   0x000fed       data     extern C:\Program Files\Microchip\mplabc18\v3.37\src\traditional\proc\p18F66K22.asm
                 POSTDEC1   0x000fe5       data     extern C:\Program Files\Microchip\mplabc18\v3.37\src\traditional\proc\p18F66K22.asm
                 POSTDEC2   0x000fdd       data     extern C:\Program Files\Microchip\mplabc18\v3.37\src\traditional\proc\p18F66K22.asm
                 POSTINC0   0x000fee       data     extern C:\Program Files\Microchip\mplabc18\v3.37\src\traditional\proc\p18F66K22.asm
                 POSTINC1   0x000fe6       data     extern C:\Program Files\Microchip\mplabc18\v3.37\src\traditional\proc\p18F66K22.asm
                 POSTINC2   0x000fde       data     extern C:\Program Files\Microchip\mplabc18\v3.37\src\traditional\proc\p18F66K22.asm
                     PR10   0x000f34       data     extern C:\Program Files\Microchip\mplabc18\v3.37\src\traditional\proc\p18F66K22.asm
                     PR12   0x000f31       data     extern C:\Program Files\Microchip\mplabc18\v3.37\src\traditional\proc\p18F66K22.asm
                      PR2   0x000fcb       data     extern C:\Program Files\Microchip\mplabc18\v3.37\src\traditional\proc\p18F66K22.asm
                      PR4   0x000f6c       data     extern C:\Program Files\Microchip\mplabc18\v3.37\src\traditional\proc\p18F66K22.asm
                      PR6   0x000f3a       data     extern C:\Program Files\Microchip\mplabc18\v3.37\src\traditional\proc\p18F66K22.asm
                      PR8   0x000f37       data     extern C:\Program Files\Microchip\mplabc18\v3.37\src\traditional\proc\p18F66K22.asm
                  PREINC0   0x000fec       data     extern C:\Program Files\Microchip\mplabc18\v3.37\src\traditional\proc\p18F66K22.asm
                  PREINC1   0x000fe4       data     extern C:\Program Files\Microchip\mplabc18\v3.37\src\traditional\proc\p18F66K22.asm
                  PREINC2   0x000fdc       data     extern C:\Program Files\Microchip\mplabc18\v3.37\src\traditional\proc\p18F66K22.asm
                     PROD   0x000ff3       data     extern C:\Program Files\Microchip\mplabc18\v3.37\src\traditional\proc\p18F66K22.asm
                    PRODH   0x000ff4       data     extern C:\Program Files\Microchip\mplabc18\v3.37\src\traditional\proc\p18F66K22.asm
                    PRODL   0x000ff3       data     extern C:\Program Files\Microchip\mplabc18\v3.37\src\traditional\proc\p18F66K22.asm
                   PSPCON   0x000fa7       data     extern C:\Program Files\Microchip\mplabc18\v3.37\src\traditional\proc\p18F66K22.asm
               PSPCONbits   0x000fa7       data     extern C:\Program Files\Microchip\mplabc18\v3.37\src\traditional\proc\p18F66K22.asm
                 PSTR1CON   0x000f9c       data     extern C:\Program Files\Microchip\mplabc18\v3.37\src\traditional\proc\p18F66K22.asm
             PSTR1CONbits   0x000f9c       data     extern C:\Program Files\Microchip\mplabc18\v3.37\src\traditional\proc\p18F66K22.asm
                 PSTR2CON   0x000f1b       data     extern C:\Program Files\Microchip\mplabc18\v3.37\src\traditional\proc\p18F66K22.asm
             PSTR2CONbits   0x000f1b       data     extern C:\Program Files\Microchip\mplabc18\v3.37\src\traditional\proc\p18F66K22.asm
                 PSTR3CON   0x000f1a       data     extern C:\Program Files\Microchip\mplabc18\v3.37\src\traditional\proc\p18F66K22.asm
             PSTR3CONbits   0x000f1a       data     extern C:\Program Files\Microchip\mplabc18\v3.37\src\traditional\proc\p18F66K22.asm
                  PWM1CON   0x000fbe       data     extern C:\Program Files\Microchip\mplabc18\v3.37\src\traditional\proc\p18F66K22.asm
              PWM1CONbits   0x000fbe       data     extern C:\Program Files\Microchip\mplabc18\v3.37\src\traditional\proc\p18F66K22.asm
                  PWM2CON   0x000f51       data     extern C:\Program Files\Microchip\mplabc18\v3.37\src\traditional\proc\p18F66K22.asm
              PWM2CONbits   0x000f51       data     extern C:\Program Files\Microchip\mplabc18\v3.37\src\traditional\proc\p18F66K22.asm
                     RCON   0x000fd0       data     extern C:\Program Files\Microchip\mplabc18\v3.37\src\traditional\proc\p18F66K22.asm
                 RCONbits   0x000fd0       data     extern C:\Program Files\Microchip\mplabc18\v3.37\src\traditional\proc\p18F66K22.asm
                    RCREG   0x000fae       data     extern C:\Program Files\Microchip\mplabc18\v3.37\src\traditional\proc\p18F66K22.asm
                   RCREG1   0x000fae       data     extern C:\Program Files\Microchip\mplabc18\v3.37\src\traditional\proc\p18F66K22.asm
                   RCREG2   0x000f1d       data     extern C:\Program Files\Microchip\mplabc18\v3.37\src\traditional\proc\p18F66K22.asm
                    RCSTA   0x000fab       data     extern C:\Program Files\Microchip\mplabc18\v3.37\src\traditional\proc\p18F66K22.asm
                   RCSTA1   0x000fab       data     extern C:\Program Files\Microchip\mplabc18\v3.37\src\traditional\proc\p18F66K22.asm
               RCSTA1bits   0x000fab       data     extern C:\Program Files\Microchip\mplabc18\v3.37\src\traditional\proc\p18F66K22.asm
                   RCSTA2   0x000f22       data     extern C:\Program Files\Microchip\mplabc18\v3.37\src\traditional\proc\p18F66K22.asm
               RCSTA2bits   0x000f22       data     extern C:\Program Files\Microchip\mplabc18\v3.37\src\traditional\proc\p18F66K22.asm
                RCSTAbits   0x000fab       data     extern C:\Program Files\Microchip\mplabc18\v3.37\src\traditional\proc\p18F66K22.asm
                  REFOCON   0x000f2a       data     extern C:\Program Files\Microchip\mplabc18\v3.37\src\traditional\proc\p18F66K22.asm
              REFOCONbits   0x000f2a       data     extern C:\Program Files\Microchip\mplabc18\v3.37\src\traditional\proc\p18F66K22.asm
                   RTCCAL   0x000f5e       data     extern C:\Program Files\Microchip\mplabc18\v3.37\src\traditional\proc\p18F66K22.asm
               RTCCALbits   0x000f5e       data     extern C:\Program Files\Microchip\mplabc18\v3.37\src\traditional\proc\p18F66K22.asm
                   RTCCFG   0x000f5f       data     extern C:\Program Files\Microchip\mplabc18\v3.37\src\traditional\proc\p18F66K22.asm
               RTCCFGbits   0x000f5f       data     extern C:\Program Files\Microchip\mplabc18\v3.37\src\traditional\proc\p18F66K22.asm
                   RTCVAL   0x000f5c       data     extern C:\Program Files\Microchip\mplabc18\v3.37\src\traditional\proc\p18F66K22.asm
                  RTCVALH   0x000f5d       data     extern C:\Program Files\Microchip\mplabc18\v3.37\src\traditional\proc\p18F66K22.asm
                  RTCVALL   0x000f5c       data     extern C:\Program Files\Microchip\mplabc18\v3.37\src\traditional\proc\p18F66K22.asm
                     SIGN   0x000017       data     extern C:\Program Files\Microchip\mplabc18\v3.37\src\traditional\math\cmath18.asm
                    SPBRG   0x000faf       data     extern C:\Program Files\Microchip\mplabc18\v3.37\src\traditional\proc\p18F66K22.asm
                   SPBRG1   0x000faf       data     extern C:\Program Files\Microchip\mplabc18\v3.37\src\traditional\proc\p18F66K22.asm
                   SPBRG2   0x000f1e       data     extern C:\Program Files\Microchip\mplabc18\v3.37\src\traditional\proc\p18F66K22.asm
                  SPBRGH1   0x000fd4       data     extern C:\Program Files\Microchip\mplabc18\v3.37\src\traditional\proc\p18F66K22.asm
                  SPBRGH2   0x000f1f       data     extern C:\Program Files\Microchip\mplabc18\v3.37\src\traditional\proc\p18F66K22.asm
                  SSP1ADD   0x000fc8       data     extern C:\Program Files\Microchip\mplabc18\v3.37\src\traditional\proc\p18F66K22.asm
                  SSP1BUF   0x000fc9       data     extern C:\Program Files\Microchip\mplabc18\v3.37\src\traditional\proc\p18F66K22.asm
                 SSP1CON1   0x000fc6       data     extern C:\Program Files\Microchip\mplabc18\v3.37\src\traditional\proc\p18F66K22.asm
             SSP1CON1bits   0x000fc6       data     extern C:\Program Files\Microchip\mplabc18\v3.37\src\traditional\proc\p18F66K22.asm
                 SSP1CON2   0x000fc5       data     extern C:\Program Files\Microchip\mplabc18\v3.37\src\traditional\proc\p18F66K22.asm
             SSP1CON2bits   0x000fc5       data     extern C:\Program Files\Microchip\mplabc18\v3.37\src\traditional\proc\p18F66K22.asm
                  SSP1MSK   0x000fc8       data     extern C:\Program Files\Microchip\mplabc18\v3.37\src\traditional\proc\p18F66K22.asm
              SSP1MSKbits   0x000fc8       data     extern C:\Program Files\Microchip\mplabc18\v3.37\src\traditional\proc\p18F66K22.asm
                 SSP1STAT   0x000fc7       data     extern C:\Program Files\Microchip\mplabc18\v3.37\src\traditional\proc\p18F66K22.asm
             SSP1STATbits   0x000fc7       data     extern C:\Program Files\Microchip\mplabc18\v3.37\src\traditional\proc\p18F66K22.asm
                  SSP2ADD   0x000f69       data     extern C:\Program Files\Microchip\mplabc18\v3.37\src\traditional\proc\p18F66K22.asm
                  SSP2BUF   0x000f6a       data     extern C:\Program Files\Microchip\mplabc18\v3.37\src\traditional\proc\p18F66K22.asm
                 SSP2CON1   0x000f67       data     extern C:\Program Files\Microchip\mplabc18\v3.37\src\traditional\proc\p18F66K22.asm
             SSP2CON1bits   0x000f67       data     extern C:\Program Files\Microchip\mplabc18\v3.37\src\traditional\proc\p18F66K22.asm
                 SSP2CON2   0x000f66       data     extern C:\Program Files\Microchip\mplabc18\v3.37\src\traditional\proc\p18F66K22.asm
             SSP2CON2bits   0x000f66       data     extern C:\Program Files\Microchip\mplabc18\v3.37\src\traditional\proc\p18F66K22.asm
                  SSP2MSK   0x000f69       data     extern C:\Program Files\Microchip\mplabc18\v3.37\src\traditional\proc\p18F66K22.asm
              SSP2MSKbits   0x000f69       data     extern C:\Program Files\Microchip\mplabc18\v3.37\src\traditional\proc\p18F66K22.asm
                 SSP2STAT   0x000f68       data     extern C:\Program Files\Microchip\mplabc18\v3.37\src\traditional\proc\p18F66K22.asm
             SSP2STATbits   0x000f68       data     extern C:\Program Files\Microchip\mplabc18\v3.37\src\traditional\proc\p18F66K22.asm
                   SSPADD   0x000fc8       data     extern C:\Program Files\Microchip\mplabc18\v3.37\src\traditional\proc\p18F66K22.asm
                   SSPBUF   0x000fc9       data     extern C:\Program Files\Microchip\mplabc18\v3.37\src\traditional\proc\p18F66K22.asm
                  SSPCON1   0x000fc6       data     extern C:\Program Files\Microchip\mplabc18\v3.37\src\traditional\proc\p18F66K22.asm
              SSPCON1bits   0x000fc6       data     extern C:\Program Files\Microchip\mplabc18\v3.37\src\traditional\proc\p18F66K22.asm
                  SSPCON2   0x000fc5       data     extern C:\Program Files\Microchip\mplabc18\v3.37\src\traditional\proc\p18F66K22.asm
              SSPCON2bits   0x000fc5       data     extern C:\Program Files\Microchip\mplabc18\v3.37\src\traditional\proc\p18F66K22.asm
                  SSPSTAT   0x000fc7       data     extern C:\Program Files\Microchip\mplabc18\v3.37\src\traditional\proc\p18F66K22.asm
              SSPSTATbits   0x000fc7       data     extern C:\Program Files\Microchip\mplabc18\v3.37\src\traditional\proc\p18F66K22.asm
                   STATUS   0x000fd8       data     extern C:\Program Files\Microchip\mplabc18\v3.37\src\traditional\proc\p18F66K22.asm
               STATUSbits   0x000fd8       data     extern C:\Program Files\Microchip\mplabc18\v3.37\src\traditional\proc\p18F66K22.asm
                   STKPTR   0x000ffc       data     extern C:\Program Files\Microchip\mplabc18\v3.37\src\traditional\proc\p18F66K22.asm
               STKPTRbits   0x000ffc       data     extern C:\Program Files\Microchip\mplabc18\v3.37\src\traditional\proc\p18F66K22.asm
              SecondTimer   0x000060       data     extern E:\SW_DEV\GDesign_Test\main.c
                    T0CON   0x000fd5       data     extern C:\Program Files\Microchip\mplabc18\v3.37\src\traditional\proc\p18F66K22.asm
                T0CONbits   0x000fd5       data     extern C:\Program Files\Microchip\mplabc18\v3.37\src\traditional\proc\p18F66K22.asm
                   T10CON   0x000f33       data     extern C:\Program Files\Microchip\mplabc18\v3.37\src\traditional\proc\p18F66K22.asm
               T10CONbits   0x000f33       data     extern C:\Program Files\Microchip\mplabc18\v3.37\src\traditional\proc\p18F66K22.asm
                   T12CON   0x000f30       data     extern C:\Program Files\Microchip\mplabc18\v3.37\src\traditional\proc\p18F66K22.asm
               T12CONbits   0x000f30       data     extern C:\Program Files\Microchip\mplabc18\v3.37\src\traditional\proc\p18F66K22.asm
                    T1CON   0x000fcd       data     extern C:\Program Files\Microchip\mplabc18\v3.37\src\traditional\proc\p18F66K22.asm
                T1CONbits   0x000fcd       data     extern C:\Program Files\Microchip\mplabc18\v3.37\src\traditional\proc\p18F66K22.asm
                   T1GCON   0x000faa       data     extern C:\Program Files\Microchip\mplabc18\v3.37\src\traditional\proc\p18F66K22.asm
               T1GCONbits   0x000faa       data     extern C:\Program Files\Microchip\mplabc18\v3.37\src\traditional\proc\p18F66K22.asm
                    T2CON   0x000fca       data     extern C:\Program Files\Microchip\mplabc18\v3.37\src\traditional\proc\p18F66K22.asm
                T2CONbits   0x000fca       data     extern C:\Program Files\Microchip\mplabc18\v3.37\src\traditional\proc\p18F66K22.asm
                    T3CON   0x000fb1       data     extern C:\Program Files\Microchip\mplabc18\v3.37\src\traditional\proc\p18F66K22.asm
                T3CONbits   0x000fb1       data     extern C:\Program Files\Microchip\mplabc18\v3.37\src\traditional\proc\p18F66K22.asm
                   T3GCON   0x000fb0       data     extern C:\Program Files\Microchip\mplabc18\v3.37\src\traditional\proc\p18F66K22.asm
               T3GCONbits   0x000fb0       data     extern C:\Program Files\Microchip\mplabc18\v3.37\src\traditional\proc\p18F66K22.asm
                    T4CON   0x000f6b       data     extern C:\Program Files\Microchip\mplabc18\v3.37\src\traditional\proc\p18F66K22.asm
                T4CONbits   0x000f6b       data     extern C:\Program Files\Microchip\mplabc18\v3.37\src\traditional\proc\p18F66K22.asm
                    T5CON   0x000f7b       data     extern C:\Program Files\Microchip\mplabc18\v3.37\src\traditional\proc\p18F66K22.asm
                T5CONbits   0x000f7b       data     extern C:\Program Files\Microchip\mplabc18\v3.37\src\traditional\proc\p18F66K22.asm
                   T5GCON   0x000f7a       data     extern C:\Program Files\Microchip\mplabc18\v3.37\src\traditional\proc\p18F66K22.asm
               T5GCONbits   0x000f7a       data     extern C:\Program Files\Microchip\mplabc18\v3.37\src\traditional\proc\p18F66K22.asm
                    T6CON   0x000f39       data     extern C:\Program Files\Microchip\mplabc18\v3.37\src\traditional\proc\p18F66K22.asm
                T6CONbits   0x000f39       data     extern C:\Program Files\Microchip\mplabc18\v3.37\src\traditional\proc\p18F66K22.asm
                    T7CON   0x000f3d       data     extern C:\Program Files\Microchip\mplabc18\v3.37\src\traditional\proc\p18F66K22.asm
                T7CONbits   0x000f3d       data     extern C:\Program Files\Microchip\mplabc18\v3.37\src\traditional\proc\p18F66K22.asm
                   T7GCON   0x000f3c       data     extern C:\Program Files\Microchip\mplabc18\v3.37\src\traditional\proc\p18F66K22.asm
               T7GCONbits   0x000f3c       data     extern C:\Program Files\Microchip\mplabc18\v3.37\src\traditional\proc\p18F66K22.asm
                    T8CON   0x000f36       data     extern C:\Program Files\Microchip\mplabc18\v3.37\src\traditional\proc\p18F66K22.asm
                T8CONbits   0x000f36       data     extern C:\Program Files\Microchip\mplabc18\v3.37\src\traditional\proc\p18F66K22.asm
                   TABLAT   0x000ff5       data     extern C:\Program Files\Microchip\mplabc18\v3.37\src\traditional\proc\p18F66K22.asm
                   TBLPTR   0x000ff6       data     extern C:\Program Files\Microchip\mplabc18\v3.37\src\traditional\proc\p18F66K22.asm
                  TBLPTRH   0x000ff7       data     extern C:\Program Files\Microchip\mplabc18\v3.37\src\traditional\proc\p18F66K22.asm
                  TBLPTRL   0x000ff6       data     extern C:\Program Files\Microchip\mplabc18\v3.37\src\traditional\proc\p18F66K22.asm
                  TBLPTRU   0x000ff8       data     extern C:\Program Files\Microchip\mplabc18\v3.37\src\traditional\proc\p18F66K22.asm
                    TMR0H   0x000fd7       data     extern C:\Program Files\Microchip\mplabc18\v3.37\src\traditional\proc\p18F66K22.asm
                    TMR0L   0x000fd6       data     extern C:\Program Files\Microchip\mplabc18\v3.37\src\traditional\proc\p18F66K22.asm
                    TMR10   0x000f35       data     extern C:\Program Files\Microchip\mplabc18\v3.37\src\traditional\proc\p18F66K22.asm
                    TMR12   0x000f32       data     extern C:\Program Files\Microchip\mplabc18\v3.37\src\traditional\proc\p18F66K22.asm
                    TMR1H   0x000fcf       data     extern C:\Program Files\Microchip\mplabc18\v3.37\src\traditional\proc\p18F66K22.asm
                    TMR1L   0x000fce       data     extern C:\Program Files\Microchip\mplabc18\v3.37\src\traditional\proc\p18F66K22.asm
                     TMR2   0x000fcc       data     extern C:\Program Files\Microchip\mplabc18\v3.37\src\traditional\proc\p18F66K22.asm
[...]
                   RCSTA1   0x000fab       data     extern C:\Program Files\Microchip\mplabc18\v3.37\src\traditional\proc\p18F66K22.asm
                    RCSTA   0x000fab       data     extern C:\Program Files\Microchip\mplabc18\v3.37\src\traditional\proc\p18F66K22.asm
                TXSTAbits   0x000fac       data     extern C:\Program Files\Microchip\mplabc18\v3.37\src\traditional\proc\p18F66K22.asm
               TXSTA1bits   0x000fac       data     extern C:\Program Files\Microchip\mplabc18\v3.37\src\traditional\proc\p18F66K22.asm
                   TXSTA1   0x000fac       data     extern C:\Program Files\Microchip\mplabc18\v3.37\src\traditional\proc\p18F66K22.asm
                    TXSTA   0x000fac       data     extern C:\Program Files\Microchip\mplabc18\v3.37\src\traditional\proc\p18F66K22.asm
                   TXREG1   0x000fad       data     extern C:\Program Files\Microchip\mplabc18\v3.37\src\traditional\proc\p18F66K22.asm
                    TXREG   0x000fad       data     extern C:\Program Files\Microchip\mplabc18\v3.37\src\traditional\proc\p18F66K22.asm
                   RCREG1   0x000fae       data     extern C:\Program Files\Microchip\mplabc18\v3.37\src\traditional\proc\p18F66K22.asm
                    RCREG   0x000fae       data     extern C:\Program Files\Microchip\mplabc18\v3.37\src\traditional\proc\p18F66K22.asm
                    SPBRG   0x000faf       data     extern C:\Program Files\Microchip\mplabc18\v3.37\src\traditional\proc\p18F66K22.asm
                   SPBRG1   0x000faf       data     extern C:\Program Files\Microchip\mplabc18\v3.37\src\traditional\proc\p18F66K22.asm
                   T3GCON   0x000fb0       data     extern C:\Program Files\Microchip\mplabc18\v3.37\src\traditional\proc\p18F66K22.asm
               T3GCONbits   0x000fb0       data     extern C:\Program Files\Microchip\mplabc18\v3.37\src\traditional\proc\p18F66K22.asm
                    T3CON   0x000fb1       data     extern C:\Program Files\Microchip\mplabc18\v3.37\src\traditional\proc\p18F66K22.asm
                T3CONbits   0x000fb1       data     extern C:\Program Files\Microchip\mplabc18\v3.37\src\traditional\proc\p18F66K22.asm
                    TMR3L   0x000fb2       data     extern C:\Program Files\Microchip\mplabc18\v3.37\src\traditional\proc\p18F66K22.asm
                    TMR3H   0x000fb3       data     extern C:\Program Files\Microchip\mplabc18\v3.37\src\traditional\proc\p18F66K22.asm
               CMSTATbits   0x000fb4       data     extern C:\Program Files\Microchip\mplabc18\v3.37\src\traditional\proc\p18F66K22.asm
             CMSTATUSbits   0x000fb4       data     extern C:\Program Files\Microchip\mplabc18\v3.37\src\traditional\proc\p18F66K22.asm
                 CMSTATUS   0x000fb4       data     extern C:\Program Files\Microchip\mplabc18\v3.37\src\traditional\proc\p18F66K22.asm
                   CMSTAT   0x000fb4       data     extern C:\Program Files\Microchip\mplabc18\v3.37\src\traditional\proc\p18F66K22.asm
               CVRCONbits   0x000fb5       data     extern C:\Program Files\Microchip\mplabc18\v3.37\src\traditional\proc\p18F66K22.asm
                   CVRCON   0x000fb5       data     extern C:\Program Files\Microchip\mplabc18\v3.37\src\traditional\proc\p18F66K22.asm
                     PIE4   0x000fb6       data     extern C:\Program Files\Microchip\mplabc18\v3.37\src\traditional\proc\p18F66K22.asm
                 PIE4bits   0x000fb6       data     extern C:\Program Files\Microchip\mplabc18\v3.37\src\traditional\proc\p18F66K22.asm
                     PIR4   0x000fb7       data     extern C:\Program Files\Microchip\mplabc18\v3.37\src\traditional\proc\p18F66K22.asm
                 PIR4bits   0x000fb7       data     extern C:\Program Files\Microchip\mplabc18\v3.37\src\traditional\proc\p18F66K22.asm
                 IPR4bits   0x000fb8       data     extern C:\Program Files\Microchip\mplabc18\v3.37\src\traditional\proc\p18F66K22.asm
                     IPR4   0x000fb8       data     extern C:\Program Files\Microchip\mplabc18\v3.37\src\traditional\proc\p18F66K22.asm
                     PIE5   0x000fb9       data     extern C:\Program Files\Microchip\mplabc18\v3.37\src\traditional\proc\p18F66K22.asm
                 PIE5bits   0x000fb9       data     extern C:\Program Files\Microchip\mplabc18\v3.37\src\traditional\proc\p18F66K22.asm
                 PIR5bits   0x000fba       data     extern C:\Program Files\Microchip\mplabc18\v3.37\src\traditional\proc\p18F66K22.asm
                     PIR5   0x000fba       data     extern C:\Program Files\Microchip\mplabc18\v3.37\src\traditional\proc\p18F66K22.asm
                 ECCP1CON   0x000fbb       data     extern C:\Program Files\Microchip\mplabc18\v3.37\src\traditional\proc\p18F66K22.asm
             ECCP1CONbits   0x000fbb       data     extern C:\Program Files\Microchip\mplabc18\v3.37\src\traditional\proc\p18F66K22.asm
              CCP1CONbits   0x000fbb       data     extern C:\Program Files\Microchip\mplabc18\v3.37\src\traditional\proc\p18F66K22.asm
                  CCP1CON   0x000fbb       data     extern C:\Program Files\Microchip\mplabc18\v3.37\src\traditional\proc\p18F66K22.asm
                   CCPR1L   0x000fbc       data     extern C:\Program Files\Microchip\mplabc18\v3.37\src\traditional\proc\p18F66K22.asm
                    CCPR1   0x000fbc       data     extern C:\Program Files\Microchip\mplabc18\v3.37\src\traditional\proc\p18F66K22.asm
                   CCPR1H   0x000fbd       data     extern C:\Program Files\Microchip\mplabc18\v3.37\src\traditional\proc\p18F66K22.asm
              PWM1CONbits   0x000fbe       data     extern C:\Program Files\Microchip\mplabc18\v3.37\src\traditional\proc\p18F66K22.asm
                  PWM1CON   0x000fbe       data     extern C:\Program Files\Microchip\mplabc18\v3.37\src\traditional\proc\p18F66K22.asm
                 ECCP1DEL   0x000fbe       data     extern C:\Program Files\Microchip\mplabc18\v3.37\src\traditional\proc\p18F66K22.asm
             ECCP1DELbits   0x000fbe       data     extern C:\Program Files\Microchip\mplabc18\v3.37\src\traditional\proc\p18F66K22.asm
              ECCP1ASbits   0x000fbf       data     extern C:\Program Files\Microchip\mplabc18\v3.37\src\traditional\proc\p18F66K22.asm
                  ECCP1AS   0x000fbf       data     extern C:\Program Files\Microchip\mplabc18\v3.37\src\traditional\proc\p18F66K22.asm
               ADCON2bits   0x000fc0       data     extern C:\Program Files\Microchip\mplabc18\v3.37\src\traditional\proc\p18F66K22.asm
                   ADCON2   0x000fc0       data     extern C:\Program Files\Microchip\mplabc18\v3.37\src\traditional\proc\p18F66K22.asm
               ADCON1bits   0x000fc1       data     extern C:\Program Files\Microchip\mplabc18\v3.37\src\traditional\proc\p18F66K22.asm
                   ADCON1   0x000fc1       data     extern C:\Program Files\Microchip\mplabc18\v3.37\src\traditional\proc\p18F66K22.asm
               ADCON0bits   0x000fc2       data     extern C:\Program Files\Microchip\mplabc18\v3.37\src\traditional\proc\p18F66K22.asm
                   ADCON0   0x000fc2       data     extern C:\Program Files\Microchip\mplabc18\v3.37\src\traditional\proc\p18F66K22.asm
                    ADRES   0x000fc3       data     extern C:\Program Files\Microchip\mplabc18\v3.37\src\traditional\proc\p18F66K22.asm
                   ADRESL   0x000fc3       data     extern C:\Program Files\Microchip\mplabc18\v3.37\src\traditional\proc\p18F66K22.asm
                   ADRESH   0x000fc4       data     extern C:\Program Files\Microchip\mplabc18\v3.37\src\traditional\proc\p18F66K22.asm
             SSP1CON2bits   0x000fc5       data     extern C:\Program Files\Microchip\mplabc18\v3.37\src\traditional\proc\p18F66K22.asm
                 SSP1CON2   0x000fc5       data     extern C:\Program Files\Microchip\mplabc18\v3.37\src\traditional\proc\p18F66K22.asm
              SSPCON2bits   0x000fc5       data     extern C:\Program Files\Microchip\mplabc18\v3.37\src\traditional\proc\p18F66K22.asm
                  SSPCON2   0x000fc5       data     extern C:\Program Files\Microchip\mplabc18\v3.37\src\traditional\proc\p18F66K22.asm
                 SSP1CON1   0x000fc6       data     extern C:\Program Files\Microchip\mplabc18\v3.37\src\traditional\proc\p18F66K22.asm
             SSP1CON1bits   0x000fc6       data     extern C:\Program Files\Microchip\mplabc18\v3.37\src\traditional\proc\p18F66K22.asm
              SSPCON1bits   0x000fc6       data     extern C:\Program Files\Microchip\mplabc18\v3.37\src\traditional\proc\p18F66K22.asm
                  SSPCON1   0x000fc6       data     extern C:\Program Files\Microchip\mplabc18\v3.37\src\traditional\proc\p18F66K22.asm
             SSP1STATbits   0x000fc7       data     extern C:\Program Files\Microchip\mplabc18\v3.37\src\traditional\proc\p18F66K22.asm
                 SSP1STAT   0x000fc7       data     extern C:\Program Files\Microchip\mplabc18\v3.37\src\traditional\proc\p18F66K22.asm
                  SSPSTAT   0x000fc7       data     extern C:\Program Files\Microchip\mplabc18\v3.37\src\traditional\proc\p18F66K22.asm
              SSPSTATbits   0x000fc7       data     extern C:\Program Files\Microchip\mplabc18\v3.37\src\traditional\proc\p18F66K22.asm
                   SSPADD   0x000fc8       data     extern C:\Program Files\Microchip\mplabc18\v3.37\src\traditional\proc\p18F66K22.asm
                  SSP1ADD   0x000fc8       data     extern C:\Program Files\Microchip\mplabc18\v3.37\src\traditional\proc\p18F66K22.asm
              SSP1MSKbits   0x000fc8       data     extern C:\Program Files\Microchip\mplabc18\v3.37\src\traditional\proc\p18F66K22.asm
                  SSP1MSK   0x000fc8       data     extern C:\Program Files\Microchip\mplabc18\v3.37\src\traditional\proc\p18F66K22.asm
                   SSPBUF   0x000fc9       data     extern C:\Program Files\Microchip\mplabc18\v3.37\src\traditional\proc\p18F66K22.asm
                  SSP1BUF   0x000fc9       data     extern C:\Program Files\Microchip\mplabc18\v3.37\src\traditional\proc\p18F66K22.asm
                T2CONbits   0x000fca       data     extern C:\Program Files\Microchip\mplabc18\v3.37\src\traditional\proc\p18F66K22.asm
                    T2CON   0x000fca       data     extern C:\Program Files\Microchip\mplabc18\v3.37\src\traditional\proc\p18F66K22.asm
                      PR2   0x000fcb       data     extern C:\Program Files\Microchip\mplabc18\v3.37\src\traditional\proc\p18F66K22.asm
                     TMR2   0x000fcc       data     extern C:\Program Files\Microchip\mplabc18\v3.37\src\traditional\proc\p18F66K22.asm
                    T1CON   0x000fcd       data     extern C:\Program Files\Microchip\mplabc18\v3.37\src\traditional\proc\p18F66K22.asm
                T1CONbits   0x000fcd       data     extern C:\Program Files\Microchip\mplabc18\v3.37\src\traditional\proc\p18F66K22.asm
                    TMR1L   0x000fce       data     extern C:\Program Files\Microchip\mplabc18\v3.37\src\traditional\proc\p18F66K22.asm
                    TMR1H   0x000fcf       data     extern C:\Program Files\Microchip\mplabc18\v3.37\src\traditional\proc\p18F66K22.asm
                     RCON   0x000fd0       data     extern C:\Program Files\Microchip\mplabc18\v3.37\src\traditional\proc\p18F66K22.asm
                 RCONbits   0x000fd0       data     extern C:\Program Files\Microchip\mplabc18\v3.37\src\traditional\proc\p18F66K22.asm
                   WDTCON   0x000fd1       data     extern C:\Program Files\Microchip\mplabc18\v3.37\src\traditional\proc\p18F66K22.asm
               WDTCONbits   0x000fd1       data     extern C:\Program Files\Microchip\mplabc18\v3.37\src\traditional\proc\p18F66K22.asm
                     IPR5   0x000fd2       data     extern C:\Program Files\Microchip\mplabc18\v3.37\src\traditional\proc\p18F66K22.asm
                 IPR5bits   0x000fd2       data     extern C:\Program Files\Microchip\mplabc18\v3.37\src\traditional\proc\p18F66K22.asm
                   OSCCON   0x000fd3       data     extern C:\Program Files\Microchip\mplabc18\v3.37\src\traditional\proc\p18F66K22.asm
               OSCCONbits   0x000fd3       data     extern C:\Program Files\Microchip\mplabc18\v3.37\src\traditional\proc\p18F66K22.asm
                  SPBRGH1   0x000fd4       data     extern C:\Program Files\Microchip\mplabc18\v3.37\src\traditional\proc\p18F66K22.asm
                    T0CON   0x000fd5       data     extern C:\Program Files\Microchip\mplabc18\v3.37\src\traditional\proc\p18F66K22.asm
                T0CONbits   0x000fd5       data     extern C:\Program Files\Microchip\mplabc18\v3.37\src\traditional\proc\p18F66K22.asm
                    TMR0L   0x000fd6       data     extern C:\Program Files\Microchip\mplabc18\v3.37\src\traditional\proc\p18F66K22.asm
                    TMR0H   0x000fd7       data     extern C:\Program Files\Microchip\mplabc18\v3.37\src\traditional\proc\p18F66K22.asm
                   STATUS   0x000fd8       data     extern C:\Program Files\Microchip\mplabc18\v3.37\src\traditional\proc\p18F66K22.asm
               STATUSbits   0x000fd8       data     extern C:\Program Files\Microchip\mplabc18\v3.37\src\traditional\proc\p18F66K22.asm
                     FSR2   0x000fd9       data     extern C:\Program Files\Microchip\mplabc18\v3.37\src\traditional\proc\p18F66K22.asm
                    FSR2L   0x000fd9       data     extern C:\Program Files\Microchip\mplabc18\v3.37\src\traditional\proc\p18F66K22.asm
                    FSR2H   0x000fda       data     extern C:\Program Files\Microchip\mplabc18\v3.37\src\traditional\proc\p18F66K22.asm
                   PLUSW2   0x000fdb       data     extern C:\Program Files\Microchip\mplabc18\v3.37\src\traditional\proc\p18F66K22.asm
                  PREINC2   0x000fdc       data     extern C:\Program Files\Microchip\mplabc18\v3.37\src\traditional\proc\p18F66K22.asm
                 POSTDEC2   0x000fdd       data     extern C:\Program Files\Microchip\mplabc18\v3.37\src\traditional\proc\p18F66K22.asm
                 POSTINC2   0x000fde       data     extern C:\Program Files\Microchip\mplabc18\v3.37\src\traditional\proc\p18F66K22.asm
                    INDF2   0x000fdf       data     extern C:\Program Files\Microchip\mplabc18\v3.37\src\traditional\proc\p18F66K22.asm
                      BSR   0x000fe0       data     extern C:\Program Files\Microchip\mplabc18\v3.37\src\traditional\proc\p18F66K22.asm
                     FSR1   0x000fe1       data     extern C:\Program Files\Microchip\mplabc18\v3.37\src\traditional\proc\p18F66K22.asm
                    FSR1L   0x000fe1       data     extern C:\Program Files\Microchip\mplabc18\v3.37\src\traditional\proc\p18F66K22.asm
                    FSR1H   0x000fe2       data     extern C:\Program Files\Microchip\mplabc18\v3.37\src\traditional\proc\p18F66K22.asm
                   PLUSW1   0x000fe3       data     extern C:\Program Files\Microchip\mplabc18\v3.37\src\traditional\proc\p18F66K22.asm
                  PREINC1   0x000fe4       data     extern C:\Program Files\Microchip\mplabc18\v3.37\src\traditional\proc\p18F66K22.asm
                 POSTDEC1   0x000fe5       data     extern C:\Program Files\Microchip\mplabc18\v3.37\src\traditional\proc\p18F66K22.asm
                 POSTINC1   0x000fe6       data     extern C:\Program Files\Microchip\mplabc18\v3.37\src\traditional\proc\p18F66K22.asm
                    INDF1   0x000fe7       data     extern C:\Program Files\Microchip\mplabc18\v3.37\src\traditional\proc\p18F66K22.asm
                     WREG   0x000fe8       data     extern C:\Program Files\Microchip\mplabc18\v3.37\src\traditional\proc\p18F66K22.asm
                    FSR0L   0x000fe9       data     extern C:\Program Files\Microchip\mplabc18\v3.37\src\traditional\proc\p18F66K22.asm
                     FSR0   0x000fe9       data     extern C:\Program Files\Microchip\mplabc18\v3.37\src\traditional\proc\p18F66K22.asm
                    FSR0H   0x000fea       data     extern C:\Program Files\Microchip\mplabc18\v3.37\src\traditional\proc\p18F66K22.asm
                   PLUSW0   0x000feb       data     extern C:\Program Files\Microchip\mplabc18\v3.37\src\traditional\proc\p18F66K22.asm
                  PREINC0   0x000fec       data     extern C:\Program Files\Microchip\mplabc18\v3.37\src\traditional\proc\p18F66K22.asm
                 POSTDEC0   0x000fed       data     extern C:\Program Files\Microchip\mplabc18\v3.37\src\traditional\proc\p18F66K22.asm
                 POSTINC0   0x000fee       data     extern C:\Program Files\Microchip\mplabc18\v3.37\src\traditional\proc\p18F66K22.asm
                    INDF0   0x000fef       data     extern C:\Program Files\Microchip\mplabc18\v3.37\src\traditional\proc\p18F66K22.asm
              INTCON3bits   0x000ff0       data     extern C:\Program Files\Microchip\mplabc18\v3.37\src\traditional\proc\p18F66K22.asm
                  INTCON3   0x000ff0       data     extern C:\Program Files\Microchip\mplabc18\v3.37\src\traditional\proc\p18F66K22.asm
                  INTCON2   0x000ff1       data     extern C:\Program Files\Microchip\mplabc18\v3.37\src\traditional\proc\p18F66K22.asm
              INTCON2bits   0x000ff1       data     extern C:\Program Files\Microchip\mplabc18\v3.37\src\traditional\proc\p18F66K22.asm
                   INTCON   0x000ff2       data     extern C:\Program Files\Microchip\mplabc18\v3.37\src\traditional\proc\p18F66K22.asm
               INTCONbits   0x000ff2       data     extern C:\Program Files\Microchip\mplabc18\v3.37\src\traditional\proc\p18F66K22.asm
                    PRODL   0x000ff3       data     extern C:\Program Files\Microchip\mplabc18\v3.37\src\traditional\proc\p18F66K22.asm
                     PROD   0x000ff3       data     extern C:\Program Files\Microchip\mplabc18\v3.37\src\traditional\proc\p18F66K22.asm
                    PRODH   0x000ff4       data     extern C:\Program Files\Microchip\mplabc18\v3.37\src\traditional\proc\p18F66K22.asm
                   TABLAT   0x000ff5       data     extern C:\Program Files\Microchip\mplabc18\v3.37\src\traditional\proc\p18F66K22.asm
                   TBLPTR   0x000ff6       data     extern C:\Program Files\Microchip\mplabc18\v3.37\src\traditional\proc\p18F66K22.asm
                  TBLPTRL   0x000ff6       data     extern C:\Program Files\Microchip\mplabc18\v3.37\src\traditional\proc\p18F66K22.asm
                  TBLPTRH   0x000ff7       data     extern C:\Program Files\Microchip\mplabc18\v3.37\src\traditional\proc\p18F66K22.asm
                  TBLPTRU   0x000ff8       data     extern C:\Program Files\Microchip\mplabc18\v3.37\src\traditional\proc\p18F66K22.asm
                       PC   0x000ff9       data     extern C:\Program Files\Microchip\mplabc18\v3.37\src\traditional\proc\p18F66K22.asm
                      PCL   0x000ff9       data     extern C:\Program Files\Microchip\mplabc18\v3.37\src\traditional\proc\p18F66K22.asm
                   PCLATH   0x000ffa       data     extern C:\Program Files\Microchip\mplabc18\v3.37\src\traditional\proc\p18F66K22.asm
                   PCLATU   0x000ffb       data     extern C:\Program Files\Microchip\mplabc18\v3.37\src\traditional\proc\p18F66K22.asm
                   STKPTR   0x000ffc       data     extern C:\Program Files\Microchip\mplabc18\v3.37\src\traditional\proc\p18F66K22.asm
               STKPTRbits   0x000ffc       data     extern C:\Program Files\Microchip\mplabc18\v3.37\src\traditional\proc\p18F66K22.asm
                     TOSL   0x000ffd       data     extern C:\Program Files\Microchip\mplabc18\v3.37\src\traditional\proc\p18F66K22.asm
                      TOS   0x000ffd       data     extern C:\Program Files\Microchip\mplabc18\v3.37\src\traditional\proc\p18F66K22.asm
                     TOSH   0x000ffe       data     extern C:\Program Files\Microchip\mplabc18\v3.37\src\traditional\proc\p18F66K22.asm
                     TOSU   0x000fff       data     extern C:\Program Files\Microchip\mplabc18\v3.37\src\traditional\proc\p18F66K22.asm


