MPLINK 4.38, Linker
Linker Map File - Created Thu Jan 24 09:55:09 2013

                                 Section Info
                  Section       Type    Address   Location Size(Bytes)
                ---------  ---------  ---------  ---------  ---------
               _entry_scn       code   0x000000    program   0x000006
      .romdata_vfprintf.o    romdata   0x000006    program   0x000011
        .idata_bitmap.o_i    romdata   0x000017    program   0x000000
           .idata_lcd.o_i    romdata   0x000017    program   0x000000
  .romdata_main_sig_gen.o    romdata   0x000017    program   0x000000
      .idata_spi1writ.o_i    romdata   0x000017    program   0x000000
      .romdata_spi1open.o    romdata   0x000017    program   0x000000
      .romdata_busy_eep.o    romdata   0x000017    program   0x000000
      .romdata_fxd1616u.o    romdata   0x000017    program   0x000000
      .idata_fxd3232u.o_i    romdata   0x000017    program   0x000000
        .idata_read_B.o_i    romdata   0x000017    program   0x000000
        .idata___init.o_i    romdata   0x000017    program   0x000000
        .romdata___init.o    romdata   0x000017    program   0x000000
       .romdata_sprintf.o    romdata   0x000017    program   0x000000
      .idata_vfprintf.o_i    romdata   0x000017    program   0x000000
       .romdata_fxm3232.o    romdata   0x000017    program   0x000000
          .romdata_putc.o    romdata   0x000017    program   0x000000
         .idata_c018i.o_i    romdata   0x000017    program   0x000000
               low_vector       code   0x000018    program   0x00000a
           .code_bitmap.o       code   0x000018    program   0x000000
                   .cinit    romdata   0x000022    program   0x000026
        .romdata_bitmap.o    romdata   0x000048    program   0x005200
              .code_lcd.o       code   0x005248    program   0x002d4c
          .romdata_font.o    romdata   0x007f94    program   0x0028c6
     .code_main_sig_gen.o       code   0x00a85a    program   0x00203c
      .code_main_signal.o       code   0x00c896    program   0x001548
         .code_vfprintf.o       code   0x00ddde    program   0x000c22
                     PROG       code   0x00ea00    program   0x0003a0
             .code_font.o       code   0x00eda0    program   0x0000b6
          .code_sprintf.o       code   0x00ee56    program   0x0000ac
               _cinit_scn       code   0x00ef02    program   0x00009e
             .code_putc.o       code   0x00efa0    program   0x000084
          .code_fxm3232.o       code   0x00f024    program   0x000070
                   STRING       code   0x00f094    program   0x000066
          .code_write_B.o       code   0x00f0fa    program   0x000060
           .code_read_B.o       code   0x00f15a    program   0x00005c
         .code_fxd3232u.o       code   0x00f1b6    program   0x000048
         .code_spi1open.o       code   0x00f1fe    program   0x000044
         .code_spi1writ.o       code   0x00f242    program   0x000034
         .code_fxd1616u.o       code   0x00f276    program   0x00002c
             .stringtable    romdata   0x00f2a2    program   0x000027
   .romdata_main_signal.o    romdata   0x00f2c9    program   0x000000
       .idata_sprintf.o_i    romdata   0x00f2c9    program   0x000000
       .idata_fxm3232.o_i    romdata   0x00f2c9    program   0x000000
          .idata_putc.o_i    romdata   0x00f2c9    program   0x000000
    .idata__user_putc.o_i    romdata   0x00f2c9    program   0x000000
       .romdata_write_B.o    romdata   0x00f2c9    program   0x000000
       .idata_write_B.o_i    romdata   0x00f2c9    program   0x000000
    .romdata__user_putc.o    romdata   0x00f2c9    program   0x000000
        .romdata_read_B.o    romdata   0x00f2c9    program   0x000000
         .romdata_c018i.o    romdata   0x00f2c9    program   0x000000
      .romdata_fxd3232u.o    romdata   0x00f2c9    program   0x000000
           .romdata_lcd.o    romdata   0x00f2c9    program   0x000000
      .idata_fxd1616u.o_i    romdata   0x00f2c9    program   0x000000
      .idata_busy_eep.o_i    romdata   0x00f2c9    program   0x000000
      .romdata_spi1writ.o    romdata   0x00f2c9    program   0x000000
      .idata_spi1open.o_i    romdata   0x00f2c9    program   0x000000
            .code_c018i.o       code   0x00f2ca    program   0x000000
                    CTYPE       code   0x00f2ca    program   0x000024
                    .code       code   0x00f2ee    program   0x000020
             _startup_scn       code   0x00f30e    program   0x00001c
                    STDIO       code   0x00f32a    program   0x00001c
         .code_busy_eep.o       code   0x00f346    program   0x000006
       .code__user_putc.o       code   0x00f34c    program   0x000002
           .code___init.o       code   0x00f34e    program   0x000002
   .idata_main_signal.o_i    romdata   0x00f350    program   0x000034
  .idata_main_sig_gen.o_i    romdata   0x00f384    program   0x00000f
          .idata_font.o_i    romdata   0x00f393    program   0x000008
.config_300000_main_signal.o    romdata   0x300000    program   0x000001
.config_300001_main_signal.o    romdata   0x300001    program   0x000001
.config_300002_main_signal.o    romdata   0x300002    program   0x000001
.config_300003_main_signal.o    romdata   0x300003    program   0x000001
.config_300005_main_signal.o    romdata   0x300005    program   0x000001
.config_300006_main_signal.o    romdata   0x300006    program   0x000001
.config_300008_main_signal.o    romdata   0x300008    program   0x000001
.config_300009_main_signal.o    romdata   0x300009    program   0x000001
.config_30000b_main_signal.o    romdata   0x30000b    program   0x000001
.config_30000c_main_signal.o    romdata   0x30000c    program   0x000001
.config_30000d_main_signal.o    romdata   0x30000d    program   0x000001
                 .tmpdata      udata   0x000000       data   0x000017
                MATH_DATA      udata   0x000017       data   0x000014
     .idata_main_signal.o      idata   0x000060       data   0x000034
            .udata_font.o      udata   0x000094       data   0x00000c
           .udata_c018i.o      udata   0x0000a0       data   0x00000a
            .idata_font.o      idata   0x0000aa       data   0x000008
        .udata_fxd3232u.o      udata   0x0000b2       data   0x000000
        .idata_fxd3232u.o      idata   0x0000b2       data   0x000000
          .udata_read_B.o      udata   0x0000b2       data   0x000000
          .idata_read_B.o      idata   0x0000b2       data   0x000000
         .udata_write_B.o      udata   0x0000b2       data   0x000000
         .idata_write_B.o      idata   0x0000b2       data   0x000000
          .udata___init.o      udata   0x0000b2       data   0x000000
          .idata___init.o      idata   0x0000b2       data   0x000000
         .udata_sprintf.o      udata   0x0000b2       data   0x000000
         .idata_sprintf.o      idata   0x0000b2       data   0x000000
        .udata_vfprintf.o      udata   0x0000b2       data   0x000000
        .idata_vfprintf.o      idata   0x0000b2       data   0x000000
         .udata_fxm3232.o      udata   0x0000b2       data   0x000000
         .idata_fxm3232.o      idata   0x0000b2       data   0x000000
            .udata_putc.o      udata   0x0000b2       data   0x000000
            .idata_putc.o      idata   0x0000b2       data   0x000000
      .udata__user_putc.o      udata   0x0000b2       data   0x000000
      .idata__user_putc.o      idata   0x0000b2       data   0x000000
           .idata_c018i.o      idata   0x0000b2       data   0x000000
          .udata_bitmap.o      udata   0x0000b2       data   0x000000
          .idata_bitmap.o      idata   0x0000b2       data   0x000000
             .udata_lcd.o      udata   0x0000b2       data   0x000000
             .idata_lcd.o      idata   0x0000b2       data   0x000000
    .udata_main_sig_gen.o      udata   0x0000b2       data   0x000000
        .udata_spi1writ.o      udata   0x0000b2       data   0x000000
        .idata_spi1writ.o      idata   0x0000b2       data   0x000000
        .udata_spi1open.o      udata   0x0000b2       data   0x000000
        .idata_spi1open.o      idata   0x0000b2       data   0x000000
        .udata_busy_eep.o      udata   0x0000b2       data   0x000000
        .idata_busy_eep.o      idata   0x0000b2       data   0x000000
        .udata_fxd1616u.o      udata   0x0000b2       data   0x000000
        .idata_fxd1616u.o      idata   0x0000b2       data   0x000000
                   .stack      udata   0x000e00       data   0x000100
    .idata_main_sig_gen.o      idata   0x000f00       data   0x00000f
     .udata_main_signal.o      udata   0x000f0f       data   0x000007
              SFR_BANKED0      udata   0x000f16       data   0x000010
              SFR_BANKED1      udata   0x000f27       data   0x000039
            SFR_UNBANKED0      udata   0x000f60       data   0x0000a0



                              Program Memory Usage 
                               Start         End      
                           ---------   ---------      
                            0x000000    0x000016      
                            0x000018    0x00f2c8      
                            0x00f2ca    0x00f39a      
                            0x300000    0x300003      
                            0x300005    0x300006      
                            0x300008    0x300009      
                            0x30000b    0x30000d      
            62372 out of 66584 program addresses used, program memory utilization is 93%



                              Symbols - Sorted by Name
                     Name    Address   Location    Storage File                     
                ---------  ---------  ---------  --------- ---------                
                 Busy_eep   0x00f346    program     extern C:\Program Files\Microchip\mplabc18\v3.37\src\pmc_common\EEP\busy_eep.c
                Config_IO   0x00cac2    program     extern E:\SW_DEV\SignalGenerator V2\main_signal.c
            ConvertToByte   0x00c994    program     extern E:\SW_DEV\SignalGenerator V2\main_signal.c
                   D1616S   0x00eafe    program     static C:\Program Files\Microchip\mplabc18\v3.37\src\traditional\math\fxd1616s.asm
                D1616SNEG   0x00eb0c    program     static C:\Program Files\Microchip\mplabc18\v3.37\src\traditional\math\fxd1616s.asm
                 D1616SOK   0x00eb08    program     static C:\Program Files\Microchip\mplabc18\v3.37\src\traditional\math\fxd1616s.asm
                  D1616SX   0x00eb1e    program     static C:\Program Files\Microchip\mplabc18\v3.37\src\traditional\math\fxd1616s.asm
                   D3232S   0x00eb58    program     static C:\Program Files\Microchip\mplabc18\v3.37\src\traditional\math\fxd3232s.asm
                D3232SNEG   0x00eb66    program     static C:\Program Files\Microchip\mplabc18\v3.37\src\traditional\math\fxd3232s.asm
                 D3232SOK   0x00eb62    program     static C:\Program Files\Microchip\mplabc18\v3.37\src\traditional\math\fxd3232s.asm
                  D3232SX   0x00eb86    program     static C:\Program Files\Microchip\mplabc18\v3.37\src\traditional\math\fxd3232s.asm
                  DA1616S   0x00eaee    program     static C:\Program Files\Microchip\mplabc18\v3.37\src\traditional\math\fxd1616s.asm
                  DA3232S   0x00eb42    program     static C:\Program Files\Microchip\mplabc18\v3.37\src\traditional\math\fxd3232s.asm
              DisplayHome   0x00dcfa    program     extern E:\SW_DEV\SignalGenerator V2\main_signal.c
        Display_Wave_Type   0x00c366    program     extern E:\SW_DEV\SignalGenerator V2\main_sig_gen.c
                 FLO3232S   0x00ea04    program     extern C:\Program Files\Microchip\mplabc18\v3.37\src\traditional\math\cast32FP.asm
                 FLO3232U   0x00ea00    program     extern C:\Program Files\Microchip\mplabc18\v3.37\src\traditional\math\cast32FP.asm
                    FPD32   0x00ea36    program     extern C:\Program Files\Microchip\mplabc18\v3.37\src\traditional\math\divFP.asm
                 FXD1616S   0x00eadc    program     extern C:\Program Files\Microchip\mplabc18\v3.37\src\traditional\math\fxd1616s.asm
                 FXD1616U   0x00f276    program     extern C:\Program Files\Microchip\mplabc18\v3.37\src\traditional\math\fxd1616u.c
                 FXD3232S   0x00eb28    program     extern C:\Program Files\Microchip\mplabc18\v3.37\src\traditional\math\fxd3232s.asm
                 FXD3232U   0x00f1b6    program     extern C:\Program Files\Microchip\mplabc18\v3.37\src\traditional\math\fxd3232u.c
                 FXM1616S   0x00eb90    program     extern C:\Program Files\Microchip\mplabc18\v3.37\src\traditional\math\fxm1616s.asm
                 FXM1616U   0x00ebea    program     extern C:\Program Files\Microchip\mplabc18\v3.37\src\traditional\math\fxm1616u.asm
                  FXM3232   0x00f024    program     extern C:\Program Files\Microchip\mplabc18\v3.37\src\traditional\math\fxm3232.c
                FillBlack   0x00ca7e    program     extern E:\SW_DEV\SignalGenerator V2\main_signal.c
              FillFullLcd   0x00ca10    program     extern E:\SW_DEV\SignalGenerator V2\main_signal.c
               FillViolet   0x00ca50    program     extern E:\SW_DEV\SignalGenerator V2\main_signal.c
                      Fsm   0x00d502    program     extern E:\SW_DEV\SignalGenerator V2\main_signal.c
                  INT3232   0x00ec26    program     extern C:\Program Files\Microchip\mplabc18\v3.37\src\traditional\math\castFP32.asm
          InitializeTimer   0x00caf8    program     extern E:\SW_DEV\SignalGenerator V2\main_signal.c
                   L18982   0x0097da    program     extern E:\SW_DEV\SignalGenerator V2\font.c
                   L30929   0x007f94    program     extern E:\SW_DEV\SignalGenerator V2\font.c
             LCD_FillRect   0x0058b4    program     extern E:\SW_DEV\SignalGenerator V2\lcd.c
              LCD_OutChar   0x007c24    program     extern E:\SW_DEV\SignalGenerator V2\lcd.c
              LCD_OutText   0x007e6a    program     extern E:\SW_DEV\SignalGenerator V2\lcd.c
            LCD_Rectangle   0x005a7e    program     extern E:\SW_DEV\SignalGenerator V2\lcd.c
               LCD_bitmap   0x005e7a    program     extern E:\SW_DEV\SignalGenerator V2\lcd.c
              LCD_bitmap1   0x005fb0    program     extern E:\SW_DEV\SignalGenerator V2\lcd.c
            LCD_draw_line   0x0064ee    program     extern E:\SW_DEV\SignalGenerator V2\lcd.c
LCD_draw_round_corner_box   0x0065aa    program     extern E:\SW_DEV\SignalGenerator V2\lcd.c
     LCD_draw_sloped_line   0x0060e6    program     extern E:\SW_DEV\SignalGenerator V2\lcd.c
       LCD_horizontalline   0x0056e2    program     extern E:\SW_DEV\SignalGenerator V2\lcd.c
                LCD_image   0x005c1c    program     extern E:\SW_DEV\SignalGenerator V2\lcd.c
                 LCD_init   0x0052d8    program     extern E:\SW_DEV\SignalGenerator V2\lcd.c
          LCD_paint_block   0x005414    program     extern E:\SW_DEV\SignalGenerator V2\lcd.c
             LCD_putpixel   0x005612    program     extern E:\SW_DEV\SignalGenerator V2\lcd.c
  LCD_round_corner_points   0x006d4e    program     extern E:\SW_DEV\SignalGenerator V2\lcd.c
         LCD_verticalline   0x005838    program     extern E:\SW_DEV\SignalGenerator V2\lcd.c
                 OpenSPI1   0x00f1fe    program     extern D:\TOOLS\Microchip\MCC18\src\pmc_common\SPI\spi1open.c
               Read_b_eep   0x00f15a    program     extern C:\Program Files\Microchip\mplabc18\v3.37\src\pmc_common\EEP\read_B.c
             Send_Command   0x005248    program     extern E:\SW_DEV\SignalGenerator V2\lcd.c
                Send_Data   0x005292    program     extern E:\SW_DEV\SignalGenerator V2\lcd.c
               TSIGN1616A   0x00ebdc    program     static C:\Program Files\Microchip\mplabc18\v3.37\src\traditional\math\fxm1616s.asm
             Timer0Second   0x00c896    program     extern E:\SW_DEV\SignalGenerator V2\main_signal.c
                WriteSPI1   0x00f242    program     extern D:\TOOLS\Microchip\MCC18\src\pmc_common\SPI\spi1writ.c
              Write_b_eep   0x00f0fa    program     extern C:\Program Files\Microchip\mplabc18\v3.37\src\pmc_common\EEP\write_B.c
              X_Y_Setting   0x0053ca    program     extern E:\SW_DEV\SignalGenerator V2\lcd.c
                   _2jEnd   0x00f0e4    program     static C:\Program Files\Microchip\mplabc18\v3.37\src\traditional\stdclib\slenpgm.asm
                 __FpExit   0x00eca0    program     extern C:\Program Files\Microchip\mplabc18\v3.37\src\traditional\math\packFP.asm
                 __FpPack   0x00eccc    program     extern C:\Program Files\Microchip\mplabc18\v3.37\src\traditional\math\packFP.asm
            __FpReturnNaN   0x00ec94    program     extern C:\Program Files\Microchip\mplabc18\v3.37\src\traditional\math\packFP.asm
         __FpReturnNegInf   0x00eca6    program     extern C:\Program Files\Microchip\mplabc18\v3.37\src\traditional\math\packFP.asm
        __FpReturnNegZero   0x00ecbe    program     extern C:\Program Files\Microchip\mplabc18\v3.37\src\traditional\math\packFP.asm
         __FpReturnPosInf   0x00ecac    program     extern C:\Program Files\Microchip\mplabc18\v3.37\src\traditional\math\packFP.asm
        __FpReturnPosZero   0x00ecc6    program     extern C:\Program Files\Microchip\mplabc18\v3.37\src\traditional\math\packFP.asm
        __FpReturnSignInf   0x00eca2    program     extern C:\Program Files\Microchip\mplabc18\v3.37\src\traditional\math\packFP.asm
       __FpReturnSignZero   0x00ecba    program     extern C:\Program Files\Microchip\mplabc18\v3.37\src\traditional\math\packFP.asm
              __FpReturnW   0x00ed24    program     extern C:\Program Files\Microchip\mplabc18\v3.37\src\traditional\math\packFP.asm
              __FpUnPackA   0x00ed44    program     extern C:\Program Files\Microchip\mplabc18\v3.37\src\traditional\math\UnpackFP.asm
              __FpUnPackB   0x00ed74    program     extern C:\Program Files\Microchip\mplabc18\v3.37\src\traditional\math\UnpackFP.asm
           ___if_lbl00002   0x000020    program     static                          
       ___return_lbl00000   0x00f092    program     static                          
       ___return_lbl00000   0x000004    program     static                          
       ___return_lbl00000   0x00f1aa    program     static                          
       ___return_lbl00000   0x00f1fc    program     static                          
       ___return_lbl00000   0x00f2a0    program     static                          
       ___return_lbl00001   0x000020    program     static                          
       ___return_lbl00001   0x00f328    program     static                          
       ___return_lbl00002   0x00ef9e    program     static                          
               __config_0   0x300000    program     static E:\SW_DEV\SignalGenerator V2\main_signal.c
               __config_1   0x300001    program     static E:\SW_DEV\SignalGenerator V2\main_signal.c
              __config_10   0x30000d    program     static E:\SW_DEV\SignalGenerator V2\main_signal.c
               __config_2   0x300002    program     static E:\SW_DEV\SignalGenerator V2\main_signal.c
               __config_3   0x300003    program     static E:\SW_DEV\SignalGenerator V2\main_signal.c
               __config_4   0x300005    program     static E:\SW_DEV\SignalGenerator V2\main_signal.c
               __config_5   0x300006    program     static E:\SW_DEV\SignalGenerator V2\main_signal.c
               __config_6   0x300008    program     static E:\SW_DEV\SignalGenerator V2\main_signal.c
               __config_7   0x300009    program     static E:\SW_DEV\SignalGenerator V2\main_signal.c
               __config_8   0x30000b    program     static E:\SW_DEV\SignalGenerator V2\main_signal.c
               __config_9   0x30000c    program     static E:\SW_DEV\SignalGenerator V2\main_signal.c
                   __init   0x00f34e    program     extern C:\Program Files\Microchip\mplabc18\v3.37\src\traditional\stdclib\__init.c
                   __pa_0   0x00e71e    program     static C:\Program Files\Microchip\mplabc18\v3.37\src\traditional\stdclib\vfprintf.c
                   __pa_1   0x00e726    program     static C:\Program Files\Microchip\mplabc18\v3.37\src\traditional\stdclib\vfprintf.c
                  __pa_10   0x00e7da    program     static C:\Program Files\Microchip\mplabc18\v3.37\src\traditional\stdclib\vfprintf.c
                  __pa_11   0x00e7e8    program     static C:\Program Files\Microchip\mplabc18\v3.37\src\traditional\stdclib\vfprintf.c
                  __pa_12   0x00e7fe    program     static C:\Program Files\Microchip\mplabc18\v3.37\src\traditional\stdclib\vfprintf.c
                  __pa_13   0x00e818    program     static C:\Program Files\Microchip\mplabc18\v3.37\src\traditional\stdclib\vfprintf.c
                  __pa_14   0x00e830    program     static C:\Program Files\Microchip\mplabc18\v3.37\src\traditional\stdclib\vfprintf.c
                  __pa_15   0x00e840    program     static C:\Program Files\Microchip\mplabc18\v3.37\src\traditional\stdclib\vfprintf.c
                  __pa_16   0x00e856    program     static C:\Program Files\Microchip\mplabc18\v3.37\src\traditional\stdclib\vfprintf.c
                  __pa_17   0x00e868    program     static C:\Program Files\Microchip\mplabc18\v3.37\src\traditional\stdclib\vfprintf.c
                  __pa_18   0x00e87a    program     static C:\Program Files\Microchip\mplabc18\v3.37\src\traditional\stdclib\vfprintf.c
                  __pa_19   0x00e884    program     static C:\Program Files\Microchip\mplabc18\v3.37\src\traditional\stdclib\vfprintf.c
                   __pa_2   0x00e730    program     static C:\Program Files\Microchip\mplabc18\v3.37\src\traditional\stdclib\vfprintf.c
                  __pa_20   0x00e894    program     static C:\Program Files\Microchip\mplabc18\v3.37\src\traditional\stdclib\vfprintf.c
                  __pa_21   0x00e8a4    program     static C:\Program Files\Microchip\mplabc18\v3.37\src\traditional\stdclib\vfprintf.c
                  __pa_22   0x00e8b4    program     static C:\Program Files\Microchip\mplabc18\v3.37\src\traditional\stdclib\vfprintf.c
                  __pa_23   0x00e8c0    program     static C:\Program Files\Microchip\mplabc18\v3.37\src\traditional\stdclib\vfprintf.c
                  __pa_24   0x00e8ce    program     static C:\Program Files\Microchip\mplabc18\v3.37\src\traditional\stdclib\vfprintf.c
                  __pa_25   0x00e8d6    program     static C:\Program Files\Microchip\mplabc18\v3.37\src\traditional\stdclib\vfprintf.c
                  __pa_26   0x00e8e0    program     static C:\Program Files\Microchip\mplabc18\v3.37\src\traditional\stdclib\vfprintf.c
                  __pa_27   0x00e8ea    program     static C:\Program Files\Microchip\mplabc18\v3.37\src\traditional\stdclib\vfprintf.c
                  __pa_28   0x00e8f2    program     static C:\Program Files\Microchip\mplabc18\v3.37\src\traditional\stdclib\vfprintf.c
                  __pa_29   0x00e900    program     static C:\Program Files\Microchip\mplabc18\v3.37\src\traditional\stdclib\vfprintf.c
                   __pa_3   0x00e73a    program     static C:\Program Files\Microchip\mplabc18\v3.37\src\traditional\stdclib\vfprintf.c
                  __pa_30   0x00e91c    program     static C:\Program Files\Microchip\mplabc18\v3.37\src\traditional\stdclib\vfprintf.c
                  __pa_31   0x00e936    program     static C:\Program Files\Microchip\mplabc18\v3.37\src\traditional\stdclib\vfprintf.c
                  __pa_32   0x00e950    program     static C:\Program Files\Microchip\mplabc18\v3.37\src\traditional\stdclib\vfprintf.c
                  __pa_33   0x00e968    program     static C:\Program Files\Microchip\mplabc18\v3.37\src\traditional\stdclib\vfprintf.c
                  __pa_34   0x00e972    program     static C:\Program Files\Microchip\mplabc18\v3.37\src\traditional\stdclib\vfprintf.c
                  __pa_35   0x00e980    program     static C:\Program Files\Microchip\mplabc18\v3.37\src\traditional\stdclib\vfprintf.c
                  __pa_36   0x00e988    program     static C:\Program Files\Microchip\mplabc18\v3.37\src\traditional\stdclib\vfprintf.c
                  __pa_37   0x00e992    program     static C:\Program Files\Microchip\mplabc18\v3.37\src\traditional\stdclib\vfprintf.c
                  __pa_38   0x00e9a2    program     static C:\Program Files\Microchip\mplabc18\v3.37\src\traditional\stdclib\vfprintf.c
                  __pa_39   0x00e9b0    program     static C:\Program Files\Microchip\mplabc18\v3.37\src\traditional\stdclib\vfprintf.c
                   __pa_4   0x00e752    program     static C:\Program Files\Microchip\mplabc18\v3.37\src\traditional\stdclib\vfprintf.c
                  __pa_40   0x00e9bc    program     static C:\Program Files\Microchip\mplabc18\v3.37\src\traditional\stdclib\vfprintf.c
                  __pa_41   0x00e9c8    program     static C:\Program Files\Microchip\mplabc18\v3.37\src\traditional\stdclib\vfprintf.c
                  __pa_42   0x00e9d0    program     static C:\Program Files\Microchip\mplabc18\v3.37\src\traditional\stdclib\vfprintf.c
                  __pa_43   0x00e9da    program     static C:\Program Files\Microchip\mplabc18\v3.37\src\traditional\stdclib\vfprintf.c
                  __pa_44   0x00e9e0    program     static C:\Program Files\Microchip\mplabc18\v3.37\src\traditional\stdclib\vfprintf.c
                  __pa_45   0x00e9ea    program     static C:\Program Files\Microchip\mplabc18\v3.37\src\traditional\stdclib\vfprintf.c
                  __pa_46   0x00e9f6    program     static C:\Program Files\Microchip\mplabc18\v3.37\src\traditional\stdclib\vfprintf.c
                   __pa_5   0x00e766    program     static C:\Program Files\Microchip\mplabc18\v3.37\src\traditional\stdclib\vfprintf.c
                   __pa_6   0x00e782    program     static C:\Program Files\Microchip\mplabc18\v3.37\src\traditional\stdclib\vfprintf.c
                   __pa_7   0x00e78c    program     static C:\Program Files\Microchip\mplabc18\v3.37\src\traditional\stdclib\vfprintf.c
                   __pa_8   0x00e798    program     static C:\Program Files\Microchip\mplabc18\v3.37\src\traditional\stdclib\vfprintf.c
                   __pa_9   0x00e7ba    program     static C:\Program Files\Microchip\mplabc18\v3.37\src\traditional\stdclib\vfprintf.c
              __string_10   0x00f2aa    program     static E:\SW_DEV\SignalGenerator V2\main_sig_gen.c
              __string_11   0x00f2a2    program     static E:\SW_DEV\SignalGenerator V2\main_sig_gen.c
               __string_5   0x00f2c4    program     static E:\SW_DEV\SignalGenerator V2\main_sig_gen.c
               __string_6   0x00f2bf    program     static E:\SW_DEV\SignalGenerator V2\main_sig_gen.c
               __string_7   0x00f2bb    program     static E:\SW_DEV\SignalGenerator V2\main_sig_gen.c
               __string_8   0x00f2b5    program     static E:\SW_DEV\SignalGenerator V2\main_sig_gen.c
               __string_9   0x00f2b0    program     static E:\SW_DEV\SignalGenerator V2\main_sig_gen.c
              __tmplbl_42   0x00e8b4    program     static                          
              __tmplbl_43   0x00e6fc    program     static                          
              __tmplbl_44   0x00e6e2    program     static                          
              __tmplbl_60   0x00c1e6    program     static                          
              __tmplbl_67   0x00c1e6    program     static                          
              __tmplbl_85   0x00de34    program     static                          
               __tmplbl_9   0x007c1c    program     static                          
            __zero_memory   0x00f2ee    program     extern C:\Program Files\Microchip\mplabc18\v3.37\src\traditional\proc\p18F66K22.asm
                _do_cinit   0x00ef02    program     extern C:\Program Files\Microchip\mplabc18\v3.37\src\traditional\startup\c018i.c
                   _entry   0x000000    program     extern C:\Program Files\Microchip\mplabc18\v3.37\src\traditional\startup\c018i.c
                   _false   0x00f1f8    program     static                          
                 _startup   0x00f30e    program     extern C:\Program Files\Microchip\mplabc18\v3.37\src\traditional\startup\c018i.c
              _usart_putc   0x00f32a    program     extern C:\Program Files\Microchip\mplabc18\v3.37\src\pmc_common\USART\_usartpc.asm
               _user_putc   0x00f34c    program     extern C:\Program Files\Microchip\mplabc18\v3.37\src\traditional\stdclib\_user_putc.c
                benchmark   0x0000c8    program     extern E:\SW_DEV\SignalGenerator V2\bitmap.c
                compare_l   0x00f304    program     static C:\Program Files\Microchip\mplabc18\v3.37\src\traditional\proc\p18F66K22.asm
                copy_loop   0x00ef74    program     static                          
            copy_one_byte   0x00ef7a    program     static                          
                 dds_init   0x00c852    program     extern E:\SW_DEV\SignalGenerator V2\main_sig_gen.c
                    delay   0x00c8de    program     extern E:\SW_DEV\SignalGenerator V2\main_signal.c
                 delay_ms   0x00c922    program     extern E:\SW_DEV\SignalGenerator V2\main_signal.c
        display_home_page   0x00c4ec    program     extern E:\SW_DEV\SignalGenerator V2\main_sig_gen.c
                     done   0x00ef9e    program     static                          
             done_copying   0x00ef88    program     static                          
                  endloop   0x00f29c    program     static                          
                font_init   0x00edac    program     extern E:\SW_DEV\SignalGenerator V2\font.c
         get_current_font   0x00eda0    program     extern E:\SW_DEV\SignalGenerator V2\font.c
                     home   0x000048    program     extern E:\SW_DEV\SignalGenerator V2\bitmap.c
  interrupt_at_low_vector   0x000018    program     extern E:\SW_DEV\SignalGenerator V2\main_signal.c
                  isdigit   0x00f2ca    program     extern C:\Program Files\Microchip\mplabc18\v3.37\src\traditional\stdclib\isdigit.asm
                 jANotInf   0x00ea54    program     static C:\Program Files\Microchip\mplabc18\v3.37\src\traditional\math\divFP.asm
                jANotZero   0x00ea68    program     static C:\Program Files\Microchip\mplabc18\v3.37\src\traditional\math\divFP.asm
                     jEnd   0x00f0ae    program     static C:\Program Files\Microchip\mplabc18\v3.37\src\traditional\stdclib\strlen.asm
                     jEnd   0x00f0e6    program     static C:\Program Files\Microchip\mplabc18\v3.37\src\traditional\stdclib\slenpgm.asm
                    jExit   0x00ec92    program     static C:\Program Files\Microchip\mplabc18\v3.37\src\traditional\math\castFP32.asm
                jI2F32Beg   0x00ea1c    program     static C:\Program Files\Microchip\mplabc18\v3.37\src\traditional\math\cast32FP.asm
                    jLoop   0x00ec66    program     static C:\Program Files\Microchip\mplabc18\v3.37\src\traditional\math\castFP32.asm
                    jLoop   0x00f0ce    program     static C:\Program Files\Microchip\mplabc18\v3.37\src\traditional\stdclib\slenpgm.asm
                    jLoop   0x00ea90    program     static C:\Program Files\Microchip\mplabc18\v3.37\src\traditional\math\divFP.asm
                    jLoop   0x00f0a4    program     static C:\Program Files\Microchip\mplabc18\v3.37\src\traditional\stdclib\strlen.asm
                jLoopExit   0x00ec7a    program     static C:\Program Files\Microchip\mplabc18\v3.37\src\traditional\math\castFP32.asm
                   jMatch   0x00f2ea    program     static C:\Program Files\Microchip\mplabc18\v3.37\src\traditional\stdclib\isdigit.asm
                     jMax   0x00ec36    program     static C:\Program Files\Microchip\mplabc18\v3.37\src\traditional\math\castFP32.asm
                  jMaxNeg   0x00ec48    program     static C:\Program Files\Microchip\mplabc18\v3.37\src\traditional\math\castFP32.asm
                  jMaxPos   0x00ec3a    program     static C:\Program Files\Microchip\mplabc18\v3.37\src\traditional\math\castFP32.asm
                    jNext   0x00eab6    program     static C:\Program Files\Microchip\mplabc18\v3.37\src\traditional\math\divFP.asm
                jNoAdjust   0x00eab4    program     static C:\Program Files\Microchip\mplabc18\v3.37\src\traditional\math\divFP.asm
                 jNoMatch   0x00f2ec    program     static C:\Program Files\Microchip\mplabc18\v3.37\src\traditional\stdclib\isdigit.asm
                  jNotInf   0x00ec54    program     static C:\Program Files\Microchip\mplabc18\v3.37\src\traditional\math\castFP32.asm
                  jPkLoop   0x00ecda    program     static C:\Program Files\Microchip\mplabc18\v3.37\src\traditional\math\packFP.asm
             jPkRoundDone   0x00ed24    program     static C:\Program Files\Microchip\mplabc18\v3.37\src\traditional\math\packFP.asm
               jPkRoundIt   0x00ed0c    program     static C:\Program Files\Microchip\mplabc18\v3.37\src\traditional\math\packFP.asm
             jPkShiftDone   0x00ecf6    program     static C:\Program Files\Microchip\mplabc18\v3.37\src\traditional\math\packFP.asm
           jReturnPosInf0   0x00ecb0    program     static C:\Program Files\Microchip\mplabc18\v3.37\src\traditional\math\packFP.asm
              jSignedZero   0x00ea5e    program     static C:\Program Files\Microchip\mplabc18\v3.37\src\traditional\math\divFP.asm
                  jUnpkA1   0x00ed4e    program     static C:\Program Files\Microchip\mplabc18\v3.37\src\traditional\math\UnpackFP.asm
                  jUnpkA2   0x00ed66    program     static C:\Program Files\Microchip\mplabc18\v3.37\src\traditional\math\UnpackFP.asm
                 jUnpkANZ   0x00ed5c    program     static C:\Program Files\Microchip\mplabc18\v3.37\src\traditional\math\UnpackFP.asm
                  jUnpkB1   0x00ed7e    program     static C:\Program Files\Microchip\mplabc18\v3.37\src\traditional\math\UnpackFP.asm
                  jUnpkB2   0x00ed96    program     static C:\Program Files\Microchip\mplabc18\v3.37\src\traditional\math\UnpackFP.asm
                 jUnpkBNZ   0x00ed8c    program     static C:\Program Files\Microchip\mplabc18\v3.37\src\traditional\math\UnpackFP.asm
                 jUnpkNaN   0x00ed70    program     static C:\Program Files\Microchip\mplabc18\v3.37\src\traditional\math\UnpackFP.asm
                   jWr123   0x00ec40    program     static C:\Program Files\Microchip\mplabc18\v3.37\src\traditional\math\castFP32.asm
                  jWrZ123   0x00ec50    program     static C:\Program Files\Microchip\mplabc18\v3.37\src\traditional\math\castFP32.asm
                    jZero   0x00ec4e    program     static C:\Program Files\Microchip\mplabc18\v3.37\src\traditional\math\castFP32.asm
               jZero1and2   0x00ecb4    program     static C:\Program Files\Microchip\mplabc18\v3.37\src\traditional\math\packFP.asm
              keyDeBounce   0x00c912    program     extern E:\SW_DEV\SignalGenerator V2\main_signal.c
                lcd_reset   0x00caac    program     extern E:\SW_DEV\SignalGenerator V2\main_signal.c
                     loop   0x00f1c4    program     static                          
                     loop   0x00f280    program     static                          
                     loop   0x00f31e    program     static                          
                     loop   0x00f33a    program     static C:\Program Files\Microchip\mplabc18\v3.37\src\pmc_common\USART\_usartpc.asm
                   loop_h   0x00f2fc    program     static C:\Program Files\Microchip\mplabc18\v3.37\src\traditional\proc\p18F66K22.asm
                   loop_l   0x00f306    program     static C:\Program Files\Microchip\mplabc18\v3.37\src\traditional\proc\p18F66K22.asm
                     main   0x00cb10    program     extern E:\SW_DEV\SignalGenerator V2\main_signal.c
                     putc   0x00efa0    program     extern C:\Program Files\Microchip\mplabc18\v3.37\src\traditional\stdclib\putc.c
                 s_digits   0x000006    program     static C:\Program Files\Microchip\mplabc18\v3.37\src\traditional\stdclib\vfprintf.c
            s_put_n_chars   0x00ddde    program     static C:\Program Files\Microchip\mplabc18\v3.37\src\traditional\stdclib\vfprintf.c
                send_byte   0x00dca0    program     extern E:\SW_DEV\SignalGenerator V2\main_signal.c
                  setfont   0x00edc0    program     extern E:\SW_DEV\SignalGenerator V2\font.c
                     sine   0x0050c8    program     extern E:\SW_DEV\SignalGenerator V2\bitmap.c
                  sprintf   0x00ee56    program     extern C:\Program Files\Microchip\mplabc18\v3.37\src\traditional\stdclib\sprintf.c
                   square   0x005148    program     extern E:\SW_DEV\SignalGenerator V2\bitmap.c
                   strlen   0x00f094    program     extern C:\Program Files\Microchip\mplabc18\v3.37\src\traditional\stdclib\strlen.asm
                strlenpgm   0x00f0b0    program     extern C:\Program Files\Microchip\mplabc18\v3.37\src\traditional\stdclib\slenpgm.asm
                     test   0x00ef1c    program     static                          
                 triangle   0x0051c8    program     extern E:\SW_DEV\SignalGenerator V2\bitmap.c
   update_amplitude_value   0x00c1fa    program     extern E:\SW_DEV\SignalGenerator V2\main_sig_gen.c
   update_frequency_value   0x00a966    program     extern E:\SW_DEV\SignalGenerator V2\main_sig_gen.c
          update_frq_unit   0x00a85a    program     extern E:\SW_DEV\SignalGenerator V2\main_sig_gen.c
               update_max   0x00dcfe    program     extern E:\SW_DEV\SignalGenerator V2\main_signal.c
                 vfprintf   0x00de0a    program     extern C:\Program Files\Microchip\mplabc18\v3.37\src\traditional\stdclib\vfprintf.c
           write_DDS_freq   0x00da2a    program     extern E:\SW_DEV\SignalGenerator V2\main_signal.c
               zero_block   0x00f2fc    program     static C:\Program Files\Microchip\mplabc18\v3.37\src\traditional\proc\p18F66K22.asm
                   ADCON0   0x000fc2       data     extern C:\Program Files\Microchip\mplabc18\v3.37\src\traditional\proc\p18F66K22.asm
               ADCON0bits   0x000fc2       data     extern C:\Program Files\Microchip\mplabc18\v3.37\src\traditional\proc\p18F66K22.asm
                   ADCON1   0x000fc1       data     extern C:\Program Files\Microchip\mplabc18\v3.37\src\traditional\proc\p18F66K22.asm
               ADCON1bits   0x000fc1       data     extern C:\Program Files\Microchip\mplabc18\v3.37\src\traditional\proc\p18F66K22.asm
                   ADCON2   0x000fc0       data     extern C:\Program Files\Microchip\mplabc18\v3.37\src\traditional\proc\p18F66K22.asm
               ADCON2bits   0x000fc0       data     extern C:\Program Files\Microchip\mplabc18\v3.37\src\traditional\proc\p18F66K22.asm
                    ADRES   0x000fc3       data     extern C:\Program Files\Microchip\mplabc18\v3.37\src\traditional\proc\p18F66K22.asm
                   ADRESH   0x000fc4       data     extern C:\Program Files\Microchip\mplabc18\v3.37\src\traditional\proc\p18F66K22.asm
                   ADRESL   0x000fc3       data     extern C:\Program Files\Microchip\mplabc18\v3.37\src\traditional\proc\p18F66K22.asm
                  ALRMCFG   0x000f5b       data     extern C:\Program Files\Microchip\mplabc18\v3.37\src\traditional\proc\p18F66K22.asm
              ALRMCFGbits   0x000f5b       data     extern C:\Program Files\Microchip\mplabc18\v3.37\src\traditional\proc\p18F66K22.asm
                  ALRMRPT   0x000f5a       data     extern C:\Program Files\Microchip\mplabc18\v3.37\src\traditional\proc\p18F66K22.asm
              ALRMRPTbits   0x000f5a       data     extern C:\Program Files\Microchip\mplabc18\v3.37\src\traditional\proc\p18F66K22.asm
                  ALRMVAL   0x000f58       data     extern C:\Program Files\Microchip\mplabc18\v3.37\src\traditional\proc\p18F66K22.asm
                 ALRMVALH   0x000f59       data     extern C:\Program Files\Microchip\mplabc18\v3.37\src\traditional\proc\p18F66K22.asm
                 ALRMVALL   0x000f58       data     extern C:\Program Files\Microchip\mplabc18\v3.37\src\traditional\proc\p18F66K22.asm
                   ANCON0   0x000f25       data     extern C:\Program Files\Microchip\mplabc18\v3.37\src\traditional\proc\p18F66K22.asm
               ANCON0bits   0x000f25       data     extern C:\Program Files\Microchip\mplabc18\v3.37\src\traditional\proc\p18F66K22.asm
                   ANCON1   0x000f24       data     extern C:\Program Files\Microchip\mplabc18\v3.37\src\traditional\proc\p18F66K22.asm
               ANCON1bits   0x000f24       data     extern C:\Program Files\Microchip\mplabc18\v3.37\src\traditional\proc\p18F66K22.asm
                   ANCON2   0x000f23       data     extern C:\Program Files\Microchip\mplabc18\v3.37\src\traditional\proc\p18F66K22.asm
               ANCON2bits   0x000f23       data     extern C:\Program Files\Microchip\mplabc18\v3.37\src\traditional\proc\p18F66K22.asm
                Amplitude   0x00006e       data     extern E:\SW_DEV\SignalGenerator V2\main_signal.c
                  BAUDCON   0x000f65       data     extern C:\Program Files\Microchip\mplabc18\v3.37\src\traditional\proc\p18F66K22.asm
                 BAUDCON1   0x000f65       data     extern C:\Program Files\Microchip\mplabc18\v3.37\src\traditional\proc\p18F66K22.asm
             BAUDCON1bits   0x000f65       data     extern C:\Program Files\Microchip\mplabc18\v3.37\src\traditional\proc\p18F66K22.asm
                 BAUDCON2   0x000f20       data     extern C:\Program Files\Microchip\mplabc18\v3.37\src\traditional\proc\p18F66K22.asm
             BAUDCON2bits   0x000f20       data     extern C:\Program Files\Microchip\mplabc18\v3.37\src\traditional\proc\p18F66K22.asm
              BAUDCONbits   0x000f65       data     extern C:\Program Files\Microchip\mplabc18\v3.37\src\traditional\proc\p18F66K22.asm
                  BAUDCTL   0x000f65       data     extern C:\Program Files\Microchip\mplabc18\v3.37\src\traditional\proc\p18F66K22.asm
              BAUDCTLbits   0x000f65       data     extern C:\Program Files\Microchip\mplabc18\v3.37\src\traditional\proc\p18F66K22.asm
                      BSR   0x000fe0       data     extern C:\Program Files\Microchip\mplabc18\v3.37\src\traditional\proc\p18F66K22.asm
                    Batch   0x000083       data     extern E:\SW_DEV\SignalGenerator V2\main_signal.c
                 CCP10CON   0x000f40       data     extern C:\Program Files\Microchip\mplabc18\v3.37\src\traditional\proc\p18F66K22.asm
             CCP10CONbits   0x000f40       data     extern C:\Program Files\Microchip\mplabc18\v3.37\src\traditional\proc\p18F66K22.asm
                  CCP1CON   0x000fbb       data     extern C:\Program Files\Microchip\mplabc18\v3.37\src\traditional\proc\p18F66K22.asm
              CCP1CONbits   0x000fbb       data     extern C:\Program Files\Microchip\mplabc18\v3.37\src\traditional\proc\p18F66K22.asm
                  CCP2CON   0x000f4e       data     extern C:\Program Files\Microchip\mplabc18\v3.37\src\traditional\proc\p18F66K22.asm
              CCP2CONbits   0x000f4e       data     extern C:\Program Files\Microchip\mplabc18\v3.37\src\traditional\proc\p18F66K22.asm
                  CCP3CON   0x000f49       data     extern C:\Program Files\Microchip\mplabc18\v3.37\src\traditional\proc\p18F66K22.asm
              CCP3CONbits   0x000f49       data     extern C:\Program Files\Microchip\mplabc18\v3.37\src\traditional\proc\p18F66K22.asm
                  CCP4CON   0x000f77       data     extern C:\Program Files\Microchip\mplabc18\v3.37\src\traditional\proc\p18F66K22.asm
              CCP4CONbits   0x000f77       data     extern C:\Program Files\Microchip\mplabc18\v3.37\src\traditional\proc\p18F66K22.asm
                  CCP5CON   0x000f74       data     extern C:\Program Files\Microchip\mplabc18\v3.37\src\traditional\proc\p18F66K22.asm
              CCP5CONbits   0x000f74       data     extern C:\Program Files\Microchip\mplabc18\v3.37\src\traditional\proc\p18F66K22.asm
                  CCP6CON   0x000f71       data     extern C:\Program Files\Microchip\mplabc18\v3.37\src\traditional\proc\p18F66K22.asm
              CCP6CONbits   0x000f71       data     extern C:\Program Files\Microchip\mplabc18\v3.37\src\traditional\proc\p18F66K22.asm
                  CCP7CON   0x000f6e       data     extern C:\Program Files\Microchip\mplabc18\v3.37\src\traditional\proc\p18F66K22.asm
              CCP7CONbits   0x000f6e       data     extern C:\Program Files\Microchip\mplabc18\v3.37\src\traditional\proc\p18F66K22.asm
                  CCP8CON   0x000f46       data     extern C:\Program Files\Microchip\mplabc18\v3.37\src\traditional\proc\p18F66K22.asm
              CCP8CONbits   0x000f46       data     extern C:\Program Files\Microchip\mplabc18\v3.37\src\traditional\proc\p18F66K22.asm
                  CCP9CON   0x000f43       data     extern C:\Program Files\Microchip\mplabc18\v3.37\src\traditional\proc\p18F66K22.asm
              CCP9CONbits   0x000f43       data     extern C:\Program Files\Microchip\mplabc18\v3.37\src\traditional\proc\p18F66K22.asm
                    CCPR1   0x000fbc       data     extern C:\Program Files\Microchip\mplabc18\v3.37\src\traditional\proc\p18F66K22.asm
                  CCPR10H   0x000f42       data     extern C:\Program Files\Microchip\mplabc18\v3.37\src\traditional\proc\p18F66K22.asm
                  CCPR10L   0x000f41       data     extern C:\Program Files\Microchip\mplabc18\v3.37\src\traditional\proc\p18F66K22.asm
                   CCPR1H   0x000fbd       data     extern C:\Program Files\Microchip\mplabc18\v3.37\src\traditional\proc\p18F66K22.asm
                   CCPR1L   0x000fbc       data     extern C:\Program Files\Microchip\mplabc18\v3.37\src\traditional\proc\p18F66K22.asm
                    CCPR2   0x000f4f       data     extern C:\Program Files\Microchip\mplabc18\v3.37\src\traditional\proc\p18F66K22.asm
                   CCPR2H   0x000f50       data     extern C:\Program Files\Microchip\mplabc18\v3.37\src\traditional\proc\p18F66K22.asm
                   CCPR2L   0x000f4f       data     extern C:\Program Files\Microchip\mplabc18\v3.37\src\traditional\proc\p18F66K22.asm
                    CCPR3   0x000f4a       data     extern C:\Program Files\Microchip\mplabc18\v3.37\src\traditional\proc\p18F66K22.asm
                   CCPR3H   0x000f4b       data     extern C:\Program Files\Microchip\mplabc18\v3.37\src\traditional\proc\p18F66K22.asm
                   CCPR3L   0x000f4a       data     extern C:\Program Files\Microchip\mplabc18\v3.37\src\traditional\proc\p18F66K22.asm
                    CCPR4   0x000f78       data     extern C:\Program Files\Microchip\mplabc18\v3.37\src\traditional\proc\p18F66K22.asm
                   CCPR4H   0x000f79       data     extern C:\Program Files\Microchip\mplabc18\v3.37\src\traditional\proc\p18F66K22.asm
                   CCPR4L   0x000f78       data     extern C:\Program Files\Microchip\mplabc18\v3.37\src\traditional\proc\p18F66K22.asm
                    CCPR5   0x000f75       data     extern C:\Program Files\Microchip\mplabc18\v3.37\src\traditional\proc\p18F66K22.asm
                   CCPR5H   0x000f76       data     extern C:\Program Files\Microchip\mplabc18\v3.37\src\traditional\proc\p18F66K22.asm
                   CCPR5L   0x000f75       data     extern C:\Program Files\Microchip\mplabc18\v3.37\src\traditional\proc\p18F66K22.asm
                    CCPR6   0x000f72       data     extern C:\Program Files\Microchip\mplabc18\v3.37\src\traditional\proc\p18F66K22.asm
                   CCPR6H   0x000f73       data     extern C:\Program Files\Microchip\mplabc18\v3.37\src\traditional\proc\p18F66K22.asm
                   CCPR6L   0x000f72       data     extern C:\Program Files\Microchip\mplabc18\v3.37\src\traditional\proc\p18F66K22.asm
                    CCPR7   0x000f6f       data     extern C:\Program Files\Microchip\mplabc18\v3.37\src\traditional\proc\p18F66K22.asm
                   CCPR7H   0x000f70       data     extern C:\Program Files\Microchip\mplabc18\v3.37\src\traditional\proc\p18F66K22.asm
                   CCPR7L   0x000f6f       data     extern C:\Program Files\Microchip\mplabc18\v3.37\src\traditional\proc\p18F66K22.asm
                    CCPR8   0x000f47       data     extern C:\Program Files\Microchip\mplabc18\v3.37\src\traditional\proc\p18F66K22.asm
                   CCPR8H   0x000f48       data     extern C:\Program Files\Microchip\mplabc18\v3.37\src\traditional\proc\p18F66K22.asm
                   CCPR8L   0x000f47       data     extern C:\Program Files\Microchip\mplabc18\v3.37\src\traditional\proc\p18F66K22.asm
                    CCPR9   0x000f44       data     extern C:\Program Files\Microchip\mplabc18\v3.37\src\traditional\proc\p18F66K22.asm
                   CCPR9H   0x000f45       data     extern C:\Program Files\Microchip\mplabc18\v3.37\src\traditional\proc\p18F66K22.asm
                   CCPR9L   0x000f44       data     extern C:\Program Files\Microchip\mplabc18\v3.37\src\traditional\proc\p18F66K22.asm
                 CCPTMRS0   0x000f2d       data     extern C:\Program Files\Microchip\mplabc18\v3.37\src\traditional\proc\p18F66K22.asm
             CCPTMRS0bits   0x000f2d       data     extern C:\Program Files\Microchip\mplabc18\v3.37\src\traditional\proc\p18F66K22.asm
                 CCPTMRS1   0x000f2c       data     extern C:\Program Files\Microchip\mplabc18\v3.37\src\traditional\proc\p18F66K22.asm
             CCPTMRS1bits   0x000f2c       data     extern C:\Program Files\Microchip\mplabc18\v3.37\src\traditional\proc\p18F66K22.asm
                 CCPTMRS2   0x000f2b       data     extern C:\Program Files\Microchip\mplabc18\v3.37\src\traditional\proc\p18F66K22.asm
             CCPTMRS2bits   0x000f2b       data     extern C:\Program Files\Microchip\mplabc18\v3.37\src\traditional\proc\p18F66K22.asm
                   CM1CON   0x000f54       data     extern C:\Program Files\Microchip\mplabc18\v3.37\src\traditional\proc\p18F66K22.asm
                  CM1CON1   0x000f54       data     extern C:\Program Files\Microchip\mplabc18\v3.37\src\traditional\proc\p18F66K22.asm
              CM1CON1bits   0x000f54       data     extern C:\Program Files\Microchip\mplabc18\v3.37\src\traditional\proc\p18F66K22.asm
               CM1CONbits   0x000f54       data     extern C:\Program Files\Microchip\mplabc18\v3.37\src\traditional\proc\p18F66K22.asm
                   CM2CON   0x000f2f       data     extern C:\Program Files\Microchip\mplabc18\v3.37\src\traditional\proc\p18F66K22.asm
                  CM2CON1   0x000f2f       data     extern C:\Program Files\Microchip\mplabc18\v3.37\src\traditional\proc\p18F66K22.asm
              CM2CON1bits   0x000f2f       data     extern C:\Program Files\Microchip\mplabc18\v3.37\src\traditional\proc\p18F66K22.asm
               CM2CONbits   0x000f2f       data     extern C:\Program Files\Microchip\mplabc18\v3.37\src\traditional\proc\p18F66K22.asm
                   CM3CON   0x000f2e       data     extern C:\Program Files\Microchip\mplabc18\v3.37\src\traditional\proc\p18F66K22.asm
                  CM3CON1   0x000f2e       data     extern C:\Program Files\Microchip\mplabc18\v3.37\src\traditional\proc\p18F66K22.asm
              CM3CON1bits   0x000f2e       data     extern C:\Program Files\Microchip\mplabc18\v3.37\src\traditional\proc\p18F66K22.asm
               CM3CONbits   0x000f2e       data     extern C:\Program Files\Microchip\mplabc18\v3.37\src\traditional\proc\p18F66K22.asm
                   CMSTAT   0x000fb4       data     extern C:\Program Files\Microchip\mplabc18\v3.37\src\traditional\proc\p18F66K22.asm
                 CMSTATUS   0x000fb4       data     extern C:\Program Files\Microchip\mplabc18\v3.37\src\traditional\proc\p18F66K22.asm
             CMSTATUSbits   0x000fb4       data     extern C:\Program Files\Microchip\mplabc18\v3.37\src\traditional\proc\p18F66K22.asm
               CMSTATbits   0x000fb4       data     extern C:\Program Files\Microchip\mplabc18\v3.37\src\traditional\proc\p18F66K22.asm
                 CTMUCONH   0x000f57       data     extern C:\Program Files\Microchip\mplabc18\v3.37\src\traditional\proc\p18F66K22.asm
             CTMUCONHbits   0x000f57       data     extern C:\Program Files\Microchip\mplabc18\v3.37\src\traditional\proc\p18F66K22.asm
                 CTMUCONL   0x000f56       data     extern C:\Program Files\Microchip\mplabc18\v3.37\src\traditional\proc\p18F66K22.asm
             CTMUCONLbits   0x000f56       data     extern C:\Program Files\Microchip\mplabc18\v3.37\src\traditional\proc\p18F66K22.asm
                 CTMUICON   0x000f55       data     extern C:\Program Files\Microchip\mplabc18\v3.37\src\traditional\proc\p18F66K22.asm
             CTMUICONbits   0x000f55       data     extern C:\Program Files\Microchip\mplabc18\v3.37\src\traditional\proc\p18F66K22.asm
                   CVRCON   0x000fb5       data     extern C:\Program Files\Microchip\mplabc18\v3.37\src\traditional\proc\p18F66K22.asm
               CVRCONbits   0x000fb5       data     extern C:\Program Files\Microchip\mplabc18\v3.37\src\traditional\proc\p18F66K22.asm
               Calibri_10   0x0000aa       data     extern E:\SW_DEV\SignalGenerator V2\font.c
              Calibri_26V   0x0000ae       data     extern E:\SW_DEV\SignalGenerator V2\font.c
            ConvertedByte   0x000f12       data     extern E:\SW_DEV\SignalGenerator V2\main_signal.c
                  ECCP1AS   0x000fbf       data     extern C:\Program Files\Microchip\mplabc18\v3.37\src\traditional\proc\p18F66K22.asm
              ECCP1ASbits   0x000fbf       data     extern C:\Program Files\Microchip\mplabc18\v3.37\src\traditional\proc\p18F66K22.asm
                 ECCP1CON   0x000fbb       data     extern C:\Program Files\Microchip\mplabc18\v3.37\src\traditional\proc\p18F66K22.asm
             ECCP1CONbits   0x000fbb       data     extern C:\Program Files\Microchip\mplabc18\v3.37\src\traditional\proc\p18F66K22.asm
                 ECCP1DEL   0x000fbe       data     extern C:\Program Files\Microchip\mplabc18\v3.37\src\traditional\proc\p18F66K22.asm
             ECCP1DELbits   0x000fbe       data     extern C:\Program Files\Microchip\mplabc18\v3.37\src\traditional\proc\p18F66K22.asm
                  ECCP2AS   0x000f52       data     extern C:\Program Files\Microchip\mplabc18\v3.37\src\traditional\proc\p18F66K22.asm
              ECCP2ASbits   0x000f52       data     extern C:\Program Files\Microchip\mplabc18\v3.37\src\traditional\proc\p18F66K22.asm
                 ECCP2CON   0x000f4e       data     extern C:\Program Files\Microchip\mplabc18\v3.37\src\traditional\proc\p18F66K22.asm
             ECCP2CONbits   0x000f4e       data     extern C:\Program Files\Microchip\mplabc18\v3.37\src\traditional\proc\p18F66K22.asm
                 ECCP2DEL   0x000f51       data     extern C:\Program Files\Microchip\mplabc18\v3.37\src\traditional\proc\p18F66K22.asm
             ECCP2DELbits   0x000f51       data     extern C:\Program Files\Microchip\mplabc18\v3.37\src\traditional\proc\p18F66K22.asm
                  ECCP3AS   0x000f4d       data     extern C:\Program Files\Microchip\mplabc18\v3.37\src\traditional\proc\p18F66K22.asm
              ECCP3ASbits   0x000f4d       data     extern C:\Program Files\Microchip\mplabc18\v3.37\src\traditional\proc\p18F66K22.asm
                 ECCP3DEL   0x000f4c       data     extern C:\Program Files\Microchip\mplabc18\v3.37\src\traditional\proc\p18F66K22.asm
             ECCP3DELbits   0x000f4c       data     extern C:\Program Files\Microchip\mplabc18\v3.37\src\traditional\proc\p18F66K22.asm
                    EEADR   0x000f62       data     extern C:\Program Files\Microchip\mplabc18\v3.37\src\traditional\proc\p18F66K22.asm
                   EEADRH   0x000f63       data     extern C:\Program Files\Microchip\mplabc18\v3.37\src\traditional\proc\p18F66K22.asm
                   EECON1   0x000f7f       data     extern C:\Program Files\Microchip\mplabc18\v3.37\src\traditional\proc\p18F66K22.asm
               EECON1bits   0x000f7f       data     extern C:\Program Files\Microchip\mplabc18\v3.37\src\traditional\proc\p18F66K22.asm
                   EECON2   0x000f7e       data     extern C:\Program Files\Microchip\mplabc18\v3.37\src\traditional\proc\p18F66K22.asm
                   EEDATA   0x000f61       data     extern C:\Program Files\Microchip\mplabc18\v3.37\src\traditional\proc\p18F66K22.asm
                     FSR0   0x000fe9       data     extern C:\Program Files\Microchip\mplabc18\v3.37\src\traditional\proc\p18F66K22.asm
                    FSR0H   0x000fea       data     extern C:\Program Files\Microchip\mplabc18\v3.37\src\traditional\proc\p18F66K22.asm
                    FSR0L   0x000fe9       data     extern C:\Program Files\Microchip\mplabc18\v3.37\src\traditional\proc\p18F66K22.asm
                     FSR1   0x000fe1       data     extern C:\Program Files\Microchip\mplabc18\v3.37\src\traditional\proc\p18F66K22.asm
                    FSR1H   0x000fe2       data     extern C:\Program Files\Microchip\mplabc18\v3.37\src\traditional\proc\p18F66K22.asm
                    FSR1L   0x000fe1       data     extern C:\Program Files\Microchip\mplabc18\v3.37\src\traditional\proc\p18F66K22.asm
                     FSR2   0x000fd9       data     extern C:\Program Files\Microchip\mplabc18\v3.37\src\traditional\proc\p18F66K22.asm
                    FSR2H   0x000fda       data     extern C:\Program Files\Microchip\mplabc18\v3.37\src\traditional\proc\p18F66K22.asm
                    FSR2L   0x000fd9       data     extern C:\Program Files\Microchip\mplabc18\v3.37\src\traditional\proc\p18F66K22.asm
                       FW   0x00008a       data     extern E:\SW_DEV\SignalGenerator V2\main_signal.c
            FastSweepMode   0x00007b       data     extern E:\SW_DEV\SignalGenerator V2\main_signal.c
                Frequency   0x000072       data     extern E:\SW_DEV\SignalGenerator V2\main_signal.c
       FrequencyMenuIndex   0x000079       data     extern E:\SW_DEV\SignalGenerator V2\main_signal.c
      FrequencyMultiplier   0x000f10       data     extern E:\SW_DEV\SignalGenerator V2\main_signal.c
      FrequencyResolution   0x000076       data     extern E:\SW_DEV\SignalGenerator V2\main_signal.c
        FrequencyUnitType   0x00007a       data     extern E:\SW_DEV\SignalGenerator V2\main_signal.c
                  HLVDCON   0x000fa8       data     extern C:\Program Files\Microchip\mplabc18\v3.37\src\traditional\proc\p18F66K22.asm
              HLVDCONbits   0x000fa8       data     extern C:\Program Files\Microchip\mplabc18\v3.37\src\traditional\proc\p18F66K22.asm
                       HW   0x00008d       data     extern E:\SW_DEV\SignalGenerator V2\main_signal.c
                    INDF0   0x000fef       data     extern C:\Program Files\Microchip\mplabc18\v3.37\src\traditional\proc\p18F66K22.asm
                    INDF1   0x000fe7       data     extern C:\Program Files\Microchip\mplabc18\v3.37\src\traditional\proc\p18F66K22.asm
                    INDF2   0x000fdf       data     extern C:\Program Files\Microchip\mplabc18\v3.37\src\traditional\proc\p18F66K22.asm
                   INTCON   0x000ff2       data     extern C:\Program Files\Microchip\mplabc18\v3.37\src\traditional\proc\p18F66K22.asm
                  INTCON2   0x000ff1       data     extern C:\Program Files\Microchip\mplabc18\v3.37\src\traditional\proc\p18F66K22.asm
              INTCON2bits   0x000ff1       data     extern C:\Program Files\Microchip\mplabc18\v3.37\src\traditional\proc\p18F66K22.asm
                  INTCON3   0x000ff0       data     extern C:\Program Files\Microchip\mplabc18\v3.37\src\traditional\proc\p18F66K22.asm
              INTCON3bits   0x000ff0       data     extern C:\Program Files\Microchip\mplabc18\v3.37\src\traditional\proc\p18F66K22.asm
               INTCONbits   0x000ff2       data     extern C:\Program Files\Microchip\mplabc18\v3.37\src\traditional\proc\p18F66K22.asm
                     IPR1   0x000f9f       data     extern C:\Program Files\Microchip\mplabc18\v3.37\src\traditional\proc\p18F66K22.asm
                 IPR1bits   0x000f9f       data     extern C:\Program Files\Microchip\mplabc18\v3.37\src\traditional\proc\p18F66K22.asm
                     IPR2   0x000fa2       data     extern C:\Program Files\Microchip\mplabc18\v3.37\src\traditional\proc\p18F66K22.asm
                 IPR2bits   0x000fa2       data     extern C:\Program Files\Microchip\mplabc18\v3.37\src\traditional\proc\p18F66K22.asm
                     IPR3   0x000fa5       data     extern C:\Program Files\Microchip\mplabc18\v3.37\src\traditional\proc\p18F66K22.asm
                 IPR3bits   0x000fa5       data     extern C:\Program Files\Microchip\mplabc18\v3.37\src\traditional\proc\p18F66K22.asm
                     IPR4   0x000fb8       data     extern C:\Program Files\Microchip\mplabc18\v3.37\src\traditional\proc\p18F66K22.asm
                 IPR4bits   0x000fb8       data     extern C:\Program Files\Microchip\mplabc18\v3.37\src\traditional\proc\p18F66K22.asm
                     IPR5   0x000fd2       data     extern C:\Program Files\Microchip\mplabc18\v3.37\src\traditional\proc\p18F66K22.asm
                 IPR5bits   0x000fd2       data     extern C:\Program Files\Microchip\mplabc18\v3.37\src\traditional\proc\p18F66K22.asm
                     IPR6   0x000fa9       data     extern C:\Program Files\Microchip\mplabc18\v3.37\src\traditional\proc\p18F66K22.asm
                 IPR6bits   0x000fa9       data     extern C:\Program Files\Microchip\mplabc18\v3.37\src\traditional\proc\p18F66K22.asm
                     LATA   0x000f89       data     extern C:\Program Files\Microchip\mplabc18\v3.37\src\traditional\proc\p18F66K22.asm
                 LATAbits   0x000f89       data     extern C:\Program Files\Microchip\mplabc18\v3.37\src\traditional\proc\p18F66K22.asm
                     LATB   0x000f8a       data     extern C:\Program Files\Microchip\mplabc18\v3.37\src\traditional\proc\p18F66K22.asm
                 LATBbits   0x000f8a       data     extern C:\Program Files\Microchip\mplabc18\v3.37\src\traditional\proc\p18F66K22.asm
                     LATC   0x000f8b       data     extern C:\Program Files\Microchip\mplabc18\v3.37\src\traditional\proc\p18F66K22.asm
                 LATCbits   0x000f8b       data     extern C:\Program Files\Microchip\mplabc18\v3.37\src\traditional\proc\p18F66K22.asm
                     LATD   0x000f8c       data     extern C:\Program Files\Microchip\mplabc18\v3.37\src\traditional\proc\p18F66K22.asm
                 LATDbits   0x000f8c       data     extern C:\Program Files\Microchip\mplabc18\v3.37\src\traditional\proc\p18F66K22.asm
                     LATE   0x000f8d       data     extern C:\Program Files\Microchip\mplabc18\v3.37\src\traditional\proc\p18F66K22.asm
                 LATEbits   0x000f8d       data     extern C:\Program Files\Microchip\mplabc18\v3.37\src\traditional\proc\p18F66K22.asm
                     LATF   0x000f8e       data     extern C:\Program Files\Microchip\mplabc18\v3.37\src\traditional\proc\p18F66K22.asm
                 LATFbits   0x000f8e       data     extern C:\Program Files\Microchip\mplabc18\v3.37\src\traditional\proc\p18F66K22.asm
                     LATG   0x000f8f       data     extern C:\Program Files\Microchip\mplabc18\v3.37\src\traditional\proc\p18F66K22.asm
                 LATGbits   0x000f8f       data     extern C:\Program Files\Microchip\mplabc18\v3.37\src\traditional\proc\p18F66K22.asm
                MenuIndex   0x000078       data     extern E:\SW_DEV\SignalGenerator V2\main_signal.c
                    Model   0x000082       data     extern E:\SW_DEV\SignalGenerator V2\main_signal.c
                   ODCON1   0x000f29       data     extern C:\Program Files\Microchip\mplabc18\v3.37\src\traditional\proc\p18F66K22.asm
               ODCON1bits   0x000f29       data     extern C:\Program Files\Microchip\mplabc18\v3.37\src\traditional\proc\p18F66K22.asm
                   ODCON2   0x000f28       data     extern C:\Program Files\Microchip\mplabc18\v3.37\src\traditional\proc\p18F66K22.asm
               ODCON2bits   0x000f28       data     extern C:\Program Files\Microchip\mplabc18\v3.37\src\traditional\proc\p18F66K22.asm
                   ODCON3   0x000f27       data     extern C:\Program Files\Microchip\mplabc18\v3.37\src\traditional\proc\p18F66K22.asm
               ODCON3bits   0x000f27       data     extern C:\Program Files\Microchip\mplabc18\v3.37\src\traditional\proc\p18F66K22.asm
                   OSCCON   0x000fd3       data     extern C:\Program Files\Microchip\mplabc18\v3.37\src\traditional\proc\p18F66K22.asm
                  OSCCON2   0x000f64       data     extern C:\Program Files\Microchip\mplabc18\v3.37\src\traditional\proc\p18F66K22.asm
              OSCCON2bits   0x000f64       data     extern C:\Program Files\Microchip\mplabc18\v3.37\src\traditional\proc\p18F66K22.asm
               OSCCONbits   0x000fd3       data     extern C:\Program Files\Microchip\mplabc18\v3.37\src\traditional\proc\p18F66K22.asm
                  OSCTUNE   0x000f9b       data     extern C:\Program Files\Microchip\mplabc18\v3.37\src\traditional\proc\p18F66K22.asm
              OSCTUNEbits   0x000f9b       data     extern C:\Program Files\Microchip\mplabc18\v3.37\src\traditional\proc\p18F66K22.asm
            OvertimeCount   0x000064       data     extern E:\SW_DEV\SignalGenerator V2\main_signal.c
                  PADCFG1   0x000f53       data     extern C:\Program Files\Microchip\mplabc18\v3.37\src\traditional\proc\p18F66K22.asm
              PADCFG1bits   0x000f53       data     extern C:\Program Files\Microchip\mplabc18\v3.37\src\traditional\proc\p18F66K22.asm
                       PC   0x000ff9       data     extern C:\Program Files\Microchip\mplabc18\v3.37\src\traditional\proc\p18F66K22.asm
                      PCL   0x000ff9       data     extern C:\Program Files\Microchip\mplabc18\v3.37\src\traditional\proc\p18F66K22.asm
                   PCLATH   0x000ffa       data     extern C:\Program Files\Microchip\mplabc18\v3.37\src\traditional\proc\p18F66K22.asm
                   PCLATU   0x000ffb       data     extern C:\Program Files\Microchip\mplabc18\v3.37\src\traditional\proc\p18F66K22.asm
                     PIE1   0x000f9d       data     extern C:\Program Files\Microchip\mplabc18\v3.37\src\traditional\proc\p18F66K22.asm
                 PIE1bits   0x000f9d       data     extern C:\Program Files\Microchip\mplabc18\v3.37\src\traditional\proc\p18F66K22.asm
                     PIE2   0x000fa0       data     extern C:\Program Files\Microchip\mplabc18\v3.37\src\traditional\proc\p18F66K22.asm
                 PIE2bits   0x000fa0       data     extern C:\Program Files\Microchip\mplabc18\v3.37\src\traditional\proc\p18F66K22.asm
                     PIE3   0x000fa3       data     extern C:\Program Files\Microchip\mplabc18\v3.37\src\traditional\proc\p18F66K22.asm
                 PIE3bits   0x000fa3       data     extern C:\Program Files\Microchip\mplabc18\v3.37\src\traditional\proc\p18F66K22.asm
                     PIE4   0x000fb6       data     extern C:\Program Files\Microchip\mplabc18\v3.37\src\traditional\proc\p18F66K22.asm
                 PIE4bits   0x000fb6       data     extern C:\Program Files\Microchip\mplabc18\v3.37\src\traditional\proc\p18F66K22.asm
                     PIE5   0x000fb9       data     extern C:\Program Files\Microchip\mplabc18\v3.37\src\traditional\proc\p18F66K22.asm
                 PIE5bits   0x000fb9       data     extern C:\Program Files\Microchip\mplabc18\v3.37\src\traditional\proc\p18F66K22.asm
                     PIE6   0x000f60       data     extern C:\Program Files\Microchip\mplabc18\v3.37\src\traditional\proc\p18F66K22.asm
                 PIE6bits   0x000f60       data     extern C:\Program Files\Microchip\mplabc18\v3.37\src\traditional\proc\p18F66K22.asm
                     PIR1   0x000f9e       data     extern C:\Program Files\Microchip\mplabc18\v3.37\src\traditional\proc\p18F66K22.asm
                 PIR1bits   0x000f9e       data     extern C:\Program Files\Microchip\mplabc18\v3.37\src\traditional\proc\p18F66K22.asm
                     PIR2   0x000fa1       data     extern C:\Program Files\Microchip\mplabc18\v3.37\src\traditional\proc\p18F66K22.asm
                 PIR2bits   0x000fa1       data     extern C:\Program Files\Microchip\mplabc18\v3.37\src\traditional\proc\p18F66K22.asm
                     PIR3   0x000fa4       data     extern C:\Program Files\Microchip\mplabc18\v3.37\src\traditional\proc\p18F66K22.asm
                 PIR3bits   0x000fa4       data     extern C:\Program Files\Microchip\mplabc18\v3.37\src\traditional\proc\p18F66K22.asm
                     PIR4   0x000fb7       data     extern C:\Program Files\Microchip\mplabc18\v3.37\src\traditional\proc\p18F66K22.asm
                 PIR4bits   0x000fb7       data     extern C:\Program Files\Microchip\mplabc18\v3.37\src\traditional\proc\p18F66K22.asm
                     PIR5   0x000fba       data     extern C:\Program Files\Microchip\mplabc18\v3.37\src\traditional\proc\p18F66K22.asm
                 PIR5bits   0x000fba       data     extern C:\Program Files\Microchip\mplabc18\v3.37\src\traditional\proc\p18F66K22.asm
                     PIR6   0x000fa6       data     extern C:\Program Files\Microchip\mplabc18\v3.37\src\traditional\proc\p18F66K22.asm
                 PIR6bits   0x000fa6       data     extern C:\Program Files\Microchip\mplabc18\v3.37\src\traditional\proc\p18F66K22.asm
                   PLUSW0   0x000feb       data     extern C:\Program Files\Microchip\mplabc18\v3.37\src\traditional\proc\p18F66K22.asm
                   PLUSW1   0x000fe3       data     extern C:\Program Files\Microchip\mplabc18\v3.37\src\traditional\proc\p18F66K22.asm
                   PLUSW2   0x000fdb       data     extern C:\Program Files\Microchip\mplabc18\v3.37\src\traditional\proc\p18F66K22.asm
                     PMD0   0x000f19       data     extern C:\Program Files\Microchip\mplabc18\v3.37\src\traditional\proc\p18F66K22.asm
                 PMD0bits   0x000f19       data     extern C:\Program Files\Microchip\mplabc18\v3.37\src\traditional\proc\p18F66K22.asm
                     PMD1   0x000f18       data     extern C:\Program Files\Microchip\mplabc18\v3.37\src\traditional\proc\p18F66K22.asm
                 PMD1bits   0x000f18       data     extern C:\Program Files\Microchip\mplabc18\v3.37\src\traditional\proc\p18F66K22.asm
                     PMD2   0x000f17       data     extern C:\Program Files\Microchip\mplabc18\v3.37\src\traditional\proc\p18F66K22.asm
                 PMD2bits   0x000f17       data     extern C:\Program Files\Microchip\mplabc18\v3.37\src\traditional\proc\p18F66K22.asm
                     PMD3   0x000f16       data     extern C:\Program Files\Microchip\mplabc18\v3.37\src\traditional\proc\p18F66K22.asm
                 PMD3bits   0x000f16       data     extern C:\Program Files\Microchip\mplabc18\v3.37\src\traditional\proc\p18F66K22.asm
                    PORTA   0x000f80       data     extern C:\Program Files\Microchip\mplabc18\v3.37\src\traditional\proc\p18F66K22.asm
                PORTAbits   0x000f80       data     extern C:\Program Files\Microchip\mplabc18\v3.37\src\traditional\proc\p18F66K22.asm
                    PORTB   0x000f81       data     extern C:\Program Files\Microchip\mplabc18\v3.37\src\traditional\proc\p18F66K22.asm
                PORTBbits   0x000f81       data     extern C:\Program Files\Microchip\mplabc18\v3.37\src\traditional\proc\p18F66K22.asm
                    PORTC   0x000f82       data     extern C:\Program Files\Microchip\mplabc18\v3.37\src\traditional\proc\p18F66K22.asm
                PORTCbits   0x000f82       data     extern C:\Program Files\Microchip\mplabc18\v3.37\src\traditional\proc\p18F66K22.asm
                    PORTD   0x000f83       data     extern C:\Program Files\Microchip\mplabc18\v3.37\src\traditional\proc\p18F66K22.asm
                PORTDbits   0x000f83       data     extern C:\Program Files\Microchip\mplabc18\v3.37\src\traditional\proc\p18F66K22.asm
                    PORTE   0x000f84       data     extern C:\Program Files\Microchip\mplabc18\v3.37\src\traditional\proc\p18F66K22.asm
                PORTEbits   0x000f84       data     extern C:\Program Files\Microchip\mplabc18\v3.37\src\traditional\proc\p18F66K22.asm
                    PORTF   0x000f85       data     extern C:\Program Files\Microchip\mplabc18\v3.37\src\traditional\proc\p18F66K22.asm
                PORTFbits   0x000f85       data     extern C:\Program Files\Microchip\mplabc18\v3.37\src\traditional\proc\p18F66K22.asm
                    PORTG   0x000f86       data     extern C:\Program Files\Microchip\mplabc18\v3.37\src\traditional\proc\p18F66K22.asm
                PORTGbits   0x000f86       data     extern C:\Program Files\Microchip\mplabc18\v3.37\src\traditional\proc\p18F66K22.asm
                 POSTDEC0   0x000fed       data     extern C:\Program Files\Microchip\mplabc18\v3.37\src\traditional\proc\p18F66K22.asm
                 POSTDEC1   0x000fe5       data     extern C:\Program Files\Microchip\mplabc18\v3.37\src\traditional\proc\p18F66K22.asm
                 POSTDEC2   0x000fdd       data     extern C:\Program Files\Microchip\mplabc18\v3.37\src\traditional\proc\p18F66K22.asm
                 POSTINC0   0x000fee       data     extern C:\Program Files\Microchip\mplabc18\v3.37\src\traditional\proc\p18F66K22.asm
                 POSTINC1   0x000fe6       data     extern C:\Program Files\Microchip\mplabc18\v3.37\src\traditional\proc\p18F66K22.asm
                 POSTINC2   0x000fde       data     extern C:\Program Files\Microchip\mplabc18\v3.37\src\traditional\proc\p18F66K22.asm
                     PR10   0x000f34       data     extern C:\Program Files\Microchip\mplabc18\v3.37\src\traditional\proc\p18F66K22.asm
                     PR12   0x000f31       data     extern C:\Program Files\Microchip\mplabc18\v3.37\src\traditional\proc\p18F66K22.asm
                      PR2   0x000fcb       data     extern C:\Program Files\Microchip\mplabc18\v3.37\src\traditional\proc\p18F66K22.asm
                      PR4   0x000f6c       data     extern C:\Program Files\Microchip\mplabc18\v3.37\src\traditional\proc\p18F66K22.asm
                      PR6   0x000f3a       data     extern C:\Program Files\Microchip\mplabc18\v3.37\src\traditional\proc\p18F66K22.asm
                      PR8   0x000f37       data     extern C:\Program Files\Microchip\mplabc18\v3.37\src\traditional\proc\p18F66K22.asm
                  PREINC0   0x000fec       data     extern C:\Program Files\Microchip\mplabc18\v3.37\src\traditional\proc\p18F66K22.asm
                  PREINC1   0x000fe4       data     extern C:\Program Files\Microchip\mplabc18\v3.37\src\traditional\proc\p18F66K22.asm
                  PREINC2   0x000fdc       data     extern C:\Program Files\Microchip\mplabc18\v3.37\src\traditional\proc\p18F66K22.asm
                     PROD   0x000ff3       data     extern C:\Program Files\Microchip\mplabc18\v3.37\src\traditional\proc\p18F66K22.asm
                    PRODH   0x000ff4       data     extern C:\Program Files\Microchip\mplabc18\v3.37\src\traditional\proc\p18F66K22.asm
                    PRODL   0x000ff3       data     extern C:\Program Files\Microchip\mplabc18\v3.37\src\traditional\proc\p18F66K22.asm
                   PSPCON   0x000fa7       data     extern C:\Program Files\Microchip\mplabc18\v3.37\src\traditional\proc\p18F66K22.asm
               PSPCONbits   0x000fa7       data     extern C:\Program Files\Microchip\mplabc18\v3.37\src\traditional\proc\p18F66K22.asm
                 PSTR1CON   0x000f9c       data     extern C:\Program Files\Microchip\mplabc18\v3.37\src\traditional\proc\p18F66K22.asm
             PSTR1CONbits   0x000f9c       data     extern C:\Program Files\Microchip\mplabc18\v3.37\src\traditional\proc\p18F66K22.asm
                 PSTR2CON   0x000f1b       data     extern C:\Program Files\Microchip\mplabc18\v3.37\src\traditional\proc\p18F66K22.asm
             PSTR2CONbits   0x000f1b       data     extern C:\Program Files\Microchip\mplabc18\v3.37\src\traditional\proc\p18F66K22.asm
                 PSTR3CON   0x000f1a       data     extern C:\Program Files\Microchip\mplabc18\v3.37\src\traditional\proc\p18F66K22.asm
             PSTR3CONbits   0x000f1a       data     extern C:\Program Files\Microchip\mplabc18\v3.37\src\traditional\proc\p18F66K22.asm
                  PWM1CON   0x000fbe       data     extern C:\Program Files\Microchip\mplabc18\v3.37\src\traditional\proc\p18F66K22.asm
              PWM1CONbits   0x000fbe       data     extern C:\Program Files\Microchip\mplabc18\v3.37\src\traditional\proc\p18F66K22.asm
                  PWM2CON   0x000f51       data     extern C:\Program Files\Microchip\mplabc18\v3.37\src\traditional\proc\p18F66K22.asm
              PWM2CONbits   0x000f51       data     extern C:\Program Files\Microchip\mplabc18\v3.37\src\traditional\proc\p18F66K22.asm
                     RCON   0x000fd0       data     extern C:\Program Files\Microchip\mplabc18\v3.37\src\traditional\proc\p18F66K22.asm
                 RCONbits   0x000fd0       data     extern C:\Program Files\Microchip\mplabc18\v3.37\src\traditional\proc\p18F66K22.asm
                    RCREG   0x000fae       data     extern C:\Program Files\Microchip\mplabc18\v3.37\src\traditional\proc\p18F66K22.asm
                   RCREG1   0x000fae       data     extern C:\Program Files\Microchip\mplabc18\v3.37\src\traditional\proc\p18F66K22.asm
                   RCREG2   0x000f1d       data     extern C:\Program Files\Microchip\mplabc18\v3.37\src\traditional\proc\p18F66K22.asm
                    RCSTA   0x000fab       data     extern C:\Program Files\Microchip\mplabc18\v3.37\src\traditional\proc\p18F66K22.asm
                   RCSTA1   0x000fab       data     extern C:\Program Files\Microchip\mplabc18\v3.37\src\traditional\proc\p18F66K22.asm
               RCSTA1bits   0x000fab       data     extern C:\Program Files\Microchip\mplabc18\v3.37\src\traditional\proc\p18F66K22.asm
                   RCSTA2   0x000f22       data     extern C:\Program Files\Microchip\mplabc18\v3.37\src\traditional\proc\p18F66K22.asm
               RCSTA2bits   0x000f22       data     extern C:\Program Files\Microchip\mplabc18\v3.37\src\traditional\proc\p18F66K22.asm
                RCSTAbits   0x000fab       data     extern C:\Program Files\Microchip\mplabc18\v3.37\src\traditional\proc\p18F66K22.asm
                  REFOCON   0x000f2a       data     extern C:\Program Files\Microchip\mplabc18\v3.37\src\traditional\proc\p18F66K22.asm
              REFOCONbits   0x000f2a       data     extern C:\Program Files\Microchip\mplabc18\v3.37\src\traditional\proc\p18F66K22.asm
                   RTCCAL   0x000f5e       data     extern C:\Program Files\Microchip\mplabc18\v3.37\src\traditional\proc\p18F66K22.asm
               RTCCALbits   0x000f5e       data     extern C:\Program Files\Microchip\mplabc18\v3.37\src\traditional\proc\p18F66K22.asm
                   RTCCFG   0x000f5f       data     extern C:\Program Files\Microchip\mplabc18\v3.37\src\traditional\proc\p18F66K22.asm
               RTCCFGbits   0x000f5f       data     extern C:\Program Files\Microchip\mplabc18\v3.37\src\traditional\proc\p18F66K22.asm
                   RTCVAL   0x000f5c       data     extern C:\Program Files\Microchip\mplabc18\v3.37\src\traditional\proc\p18F66K22.asm
                  RTCVALH   0x000f5d       data     extern C:\Program Files\Microchip\mplabc18\v3.37\src\traditional\proc\p18F66K22.asm
[...]
               RCSTA1bits   0x000fab       data     extern C:\Program Files\Microchip\mplabc18\v3.37\src\traditional\proc\p18F66K22.asm
                RCSTAbits   0x000fab       data     extern C:\Program Files\Microchip\mplabc18\v3.37\src\traditional\proc\p18F66K22.asm
                    TXSTA   0x000fac       data     extern C:\Program Files\Microchip\mplabc18\v3.37\src\traditional\proc\p18F66K22.asm
                   TXSTA1   0x000fac       data     extern C:\Program Files\Microchip\mplabc18\v3.37\src\traditional\proc\p18F66K22.asm
               TXSTA1bits   0x000fac       data     extern C:\Program Files\Microchip\mplabc18\v3.37\src\traditional\proc\p18F66K22.asm
                TXSTAbits   0x000fac       data     extern C:\Program Files\Microchip\mplabc18\v3.37\src\traditional\proc\p18F66K22.asm
                    TXREG   0x000fad       data     extern C:\Program Files\Microchip\mplabc18\v3.37\src\traditional\proc\p18F66K22.asm
                   TXREG1   0x000fad       data     extern C:\Program Files\Microchip\mplabc18\v3.37\src\traditional\proc\p18F66K22.asm
                   RCREG1   0x000fae       data     extern C:\Program Files\Microchip\mplabc18\v3.37\src\traditional\proc\p18F66K22.asm
                    RCREG   0x000fae       data     extern C:\Program Files\Microchip\mplabc18\v3.37\src\traditional\proc\p18F66K22.asm
                   SPBRG1   0x000faf       data     extern C:\Program Files\Microchip\mplabc18\v3.37\src\traditional\proc\p18F66K22.asm
                    SPBRG   0x000faf       data     extern C:\Program Files\Microchip\mplabc18\v3.37\src\traditional\proc\p18F66K22.asm
               T3GCONbits   0x000fb0       data     extern C:\Program Files\Microchip\mplabc18\v3.37\src\traditional\proc\p18F66K22.asm
                   T3GCON   0x000fb0       data     extern C:\Program Files\Microchip\mplabc18\v3.37\src\traditional\proc\p18F66K22.asm
                    T3CON   0x000fb1       data     extern C:\Program Files\Microchip\mplabc18\v3.37\src\traditional\proc\p18F66K22.asm
                T3CONbits   0x000fb1       data     extern C:\Program Files\Microchip\mplabc18\v3.37\src\traditional\proc\p18F66K22.asm
                    TMR3L   0x000fb2       data     extern C:\Program Files\Microchip\mplabc18\v3.37\src\traditional\proc\p18F66K22.asm
                    TMR3H   0x000fb3       data     extern C:\Program Files\Microchip\mplabc18\v3.37\src\traditional\proc\p18F66K22.asm
               CMSTATbits   0x000fb4       data     extern C:\Program Files\Microchip\mplabc18\v3.37\src\traditional\proc\p18F66K22.asm
             CMSTATUSbits   0x000fb4       data     extern C:\Program Files\Microchip\mplabc18\v3.37\src\traditional\proc\p18F66K22.asm
                 CMSTATUS   0x000fb4       data     extern C:\Program Files\Microchip\mplabc18\v3.37\src\traditional\proc\p18F66K22.asm
                   CMSTAT   0x000fb4       data     extern C:\Program Files\Microchip\mplabc18\v3.37\src\traditional\proc\p18F66K22.asm
               CVRCONbits   0x000fb5       data     extern C:\Program Files\Microchip\mplabc18\v3.37\src\traditional\proc\p18F66K22.asm
                   CVRCON   0x000fb5       data     extern C:\Program Files\Microchip\mplabc18\v3.37\src\traditional\proc\p18F66K22.asm
                 PIE4bits   0x000fb6       data     extern C:\Program Files\Microchip\mplabc18\v3.37\src\traditional\proc\p18F66K22.asm
                     PIE4   0x000fb6       data     extern C:\Program Files\Microchip\mplabc18\v3.37\src\traditional\proc\p18F66K22.asm
                     PIR4   0x000fb7       data     extern C:\Program Files\Microchip\mplabc18\v3.37\src\traditional\proc\p18F66K22.asm
                 PIR4bits   0x000fb7       data     extern C:\Program Files\Microchip\mplabc18\v3.37\src\traditional\proc\p18F66K22.asm
                 IPR4bits   0x000fb8       data     extern C:\Program Files\Microchip\mplabc18\v3.37\src\traditional\proc\p18F66K22.asm
                     IPR4   0x000fb8       data     extern C:\Program Files\Microchip\mplabc18\v3.37\src\traditional\proc\p18F66K22.asm
                 PIE5bits   0x000fb9       data     extern C:\Program Files\Microchip\mplabc18\v3.37\src\traditional\proc\p18F66K22.asm
                     PIE5   0x000fb9       data     extern C:\Program Files\Microchip\mplabc18\v3.37\src\traditional\proc\p18F66K22.asm
                     PIR5   0x000fba       data     extern C:\Program Files\Microchip\mplabc18\v3.37\src\traditional\proc\p18F66K22.asm
                 PIR5bits   0x000fba       data     extern C:\Program Files\Microchip\mplabc18\v3.37\src\traditional\proc\p18F66K22.asm
             ECCP1CONbits   0x000fbb       data     extern C:\Program Files\Microchip\mplabc18\v3.37\src\traditional\proc\p18F66K22.asm
                 ECCP1CON   0x000fbb       data     extern C:\Program Files\Microchip\mplabc18\v3.37\src\traditional\proc\p18F66K22.asm
                  CCP1CON   0x000fbb       data     extern C:\Program Files\Microchip\mplabc18\v3.37\src\traditional\proc\p18F66K22.asm
              CCP1CONbits   0x000fbb       data     extern C:\Program Files\Microchip\mplabc18\v3.37\src\traditional\proc\p18F66K22.asm
                   CCPR1L   0x000fbc       data     extern C:\Program Files\Microchip\mplabc18\v3.37\src\traditional\proc\p18F66K22.asm
                    CCPR1   0x000fbc       data     extern C:\Program Files\Microchip\mplabc18\v3.37\src\traditional\proc\p18F66K22.asm
                   CCPR1H   0x000fbd       data     extern C:\Program Files\Microchip\mplabc18\v3.37\src\traditional\proc\p18F66K22.asm
              PWM1CONbits   0x000fbe       data     extern C:\Program Files\Microchip\mplabc18\v3.37\src\traditional\proc\p18F66K22.asm
             ECCP1DELbits   0x000fbe       data     extern C:\Program Files\Microchip\mplabc18\v3.37\src\traditional\proc\p18F66K22.asm
                 ECCP1DEL   0x000fbe       data     extern C:\Program Files\Microchip\mplabc18\v3.37\src\traditional\proc\p18F66K22.asm
                  PWM1CON   0x000fbe       data     extern C:\Program Files\Microchip\mplabc18\v3.37\src\traditional\proc\p18F66K22.asm
                  ECCP1AS   0x000fbf       data     extern C:\Program Files\Microchip\mplabc18\v3.37\src\traditional\proc\p18F66K22.asm
              ECCP1ASbits   0x000fbf       data     extern C:\Program Files\Microchip\mplabc18\v3.37\src\traditional\proc\p18F66K22.asm
               ADCON2bits   0x000fc0       data     extern C:\Program Files\Microchip\mplabc18\v3.37\src\traditional\proc\p18F66K22.asm
                   ADCON2   0x000fc0       data     extern C:\Program Files\Microchip\mplabc18\v3.37\src\traditional\proc\p18F66K22.asm
               ADCON1bits   0x000fc1       data     extern C:\Program Files\Microchip\mplabc18\v3.37\src\traditional\proc\p18F66K22.asm
                   ADCON1   0x000fc1       data     extern C:\Program Files\Microchip\mplabc18\v3.37\src\traditional\proc\p18F66K22.asm
               ADCON0bits   0x000fc2       data     extern C:\Program Files\Microchip\mplabc18\v3.37\src\traditional\proc\p18F66K22.asm
                   ADCON0   0x000fc2       data     extern C:\Program Files\Microchip\mplabc18\v3.37\src\traditional\proc\p18F66K22.asm
                   ADRESL   0x000fc3       data     extern C:\Program Files\Microchip\mplabc18\v3.37\src\traditional\proc\p18F66K22.asm
                    ADRES   0x000fc3       data     extern C:\Program Files\Microchip\mplabc18\v3.37\src\traditional\proc\p18F66K22.asm
                   ADRESH   0x000fc4       data     extern C:\Program Files\Microchip\mplabc18\v3.37\src\traditional\proc\p18F66K22.asm
                  SSPCON2   0x000fc5       data     extern C:\Program Files\Microchip\mplabc18\v3.37\src\traditional\proc\p18F66K22.asm
              SSPCON2bits   0x000fc5       data     extern C:\Program Files\Microchip\mplabc18\v3.37\src\traditional\proc\p18F66K22.asm
             SSP1CON2bits   0x000fc5       data     extern C:\Program Files\Microchip\mplabc18\v3.37\src\traditional\proc\p18F66K22.asm
                 SSP1CON2   0x000fc5       data     extern C:\Program Files\Microchip\mplabc18\v3.37\src\traditional\proc\p18F66K22.asm
             SSP1CON1bits   0x000fc6       data     extern C:\Program Files\Microchip\mplabc18\v3.37\src\traditional\proc\p18F66K22.asm
                 SSP1CON1   0x000fc6       data     extern C:\Program Files\Microchip\mplabc18\v3.37\src\traditional\proc\p18F66K22.asm
                  SSPCON1   0x000fc6       data     extern C:\Program Files\Microchip\mplabc18\v3.37\src\traditional\proc\p18F66K22.asm
              SSPCON1bits   0x000fc6       data     extern C:\Program Files\Microchip\mplabc18\v3.37\src\traditional\proc\p18F66K22.asm
                 SSP1STAT   0x000fc7       data     extern C:\Program Files\Microchip\mplabc18\v3.37\src\traditional\proc\p18F66K22.asm
             SSP1STATbits   0x000fc7       data     extern C:\Program Files\Microchip\mplabc18\v3.37\src\traditional\proc\p18F66K22.asm
              SSPSTATbits   0x000fc7       data     extern C:\Program Files\Microchip\mplabc18\v3.37\src\traditional\proc\p18F66K22.asm
                  SSPSTAT   0x000fc7       data     extern C:\Program Files\Microchip\mplabc18\v3.37\src\traditional\proc\p18F66K22.asm
                  SSP1MSK   0x000fc8       data     extern C:\Program Files\Microchip\mplabc18\v3.37\src\traditional\proc\p18F66K22.asm
              SSP1MSKbits   0x000fc8       data     extern C:\Program Files\Microchip\mplabc18\v3.37\src\traditional\proc\p18F66K22.asm
                   SSPADD   0x000fc8       data     extern C:\Program Files\Microchip\mplabc18\v3.37\src\traditional\proc\p18F66K22.asm
                  SSP1ADD   0x000fc8       data     extern C:\Program Files\Microchip\mplabc18\v3.37\src\traditional\proc\p18F66K22.asm
                   SSPBUF   0x000fc9       data     extern C:\Program Files\Microchip\mplabc18\v3.37\src\traditional\proc\p18F66K22.asm
                  SSP1BUF   0x000fc9       data     extern C:\Program Files\Microchip\mplabc18\v3.37\src\traditional\proc\p18F66K22.asm
                T2CONbits   0x000fca       data     extern C:\Program Files\Microchip\mplabc18\v3.37\src\traditional\proc\p18F66K22.asm
                    T2CON   0x000fca       data     extern C:\Program Files\Microchip\mplabc18\v3.37\src\traditional\proc\p18F66K22.asm
                      PR2   0x000fcb       data     extern C:\Program Files\Microchip\mplabc18\v3.37\src\traditional\proc\p18F66K22.asm
                     TMR2   0x000fcc       data     extern C:\Program Files\Microchip\mplabc18\v3.37\src\traditional\proc\p18F66K22.asm
                T1CONbits   0x000fcd       data     extern C:\Program Files\Microchip\mplabc18\v3.37\src\traditional\proc\p18F66K22.asm
                    T1CON   0x000fcd       data     extern C:\Program Files\Microchip\mplabc18\v3.37\src\traditional\proc\p18F66K22.asm
                    TMR1L   0x000fce       data     extern C:\Program Files\Microchip\mplabc18\v3.37\src\traditional\proc\p18F66K22.asm
                    TMR1H   0x000fcf       data     extern C:\Program Files\Microchip\mplabc18\v3.37\src\traditional\proc\p18F66K22.asm
                     RCON   0x000fd0       data     extern C:\Program Files\Microchip\mplabc18\v3.37\src\traditional\proc\p18F66K22.asm
                 RCONbits   0x000fd0       data     extern C:\Program Files\Microchip\mplabc18\v3.37\src\traditional\proc\p18F66K22.asm
                   WDTCON   0x000fd1       data     extern C:\Program Files\Microchip\mplabc18\v3.37\src\traditional\proc\p18F66K22.asm
               WDTCONbits   0x000fd1       data     extern C:\Program Files\Microchip\mplabc18\v3.37\src\traditional\proc\p18F66K22.asm
                 IPR5bits   0x000fd2       data     extern C:\Program Files\Microchip\mplabc18\v3.37\src\traditional\proc\p18F66K22.asm
                     IPR5   0x000fd2       data     extern C:\Program Files\Microchip\mplabc18\v3.37\src\traditional\proc\p18F66K22.asm
                   OSCCON   0x000fd3       data     extern C:\Program Files\Microchip\mplabc18\v3.37\src\traditional\proc\p18F66K22.asm
               OSCCONbits   0x000fd3       data     extern C:\Program Files\Microchip\mplabc18\v3.37\src\traditional\proc\p18F66K22.asm
                  SPBRGH1   0x000fd4       data     extern C:\Program Files\Microchip\mplabc18\v3.37\src\traditional\proc\p18F66K22.asm
                T0CONbits   0x000fd5       data     extern C:\Program Files\Microchip\mplabc18\v3.37\src\traditional\proc\p18F66K22.asm
                    T0CON   0x000fd5       data     extern C:\Program Files\Microchip\mplabc18\v3.37\src\traditional\proc\p18F66K22.asm
                    TMR0L   0x000fd6       data     extern C:\Program Files\Microchip\mplabc18\v3.37\src\traditional\proc\p18F66K22.asm
                    TMR0H   0x000fd7       data     extern C:\Program Files\Microchip\mplabc18\v3.37\src\traditional\proc\p18F66K22.asm
               STATUSbits   0x000fd8       data     extern C:\Program Files\Microchip\mplabc18\v3.37\src\traditional\proc\p18F66K22.asm
                   STATUS   0x000fd8       data     extern C:\Program Files\Microchip\mplabc18\v3.37\src\traditional\proc\p18F66K22.asm
                    FSR2L   0x000fd9       data     extern C:\Program Files\Microchip\mplabc18\v3.37\src\traditional\proc\p18F66K22.asm
                     FSR2   0x000fd9       data     extern C:\Program Files\Microchip\mplabc18\v3.37\src\traditional\proc\p18F66K22.asm
                    FSR2H   0x000fda       data     extern C:\Program Files\Microchip\mplabc18\v3.37\src\traditional\proc\p18F66K22.asm
                   PLUSW2   0x000fdb       data     extern C:\Program Files\Microchip\mplabc18\v3.37\src\traditional\proc\p18F66K22.asm
                  PREINC2   0x000fdc       data     extern C:\Program Files\Microchip\mplabc18\v3.37\src\traditional\proc\p18F66K22.asm
                 POSTDEC2   0x000fdd       data     extern C:\Program Files\Microchip\mplabc18\v3.37\src\traditional\proc\p18F66K22.asm
                 POSTINC2   0x000fde       data     extern C:\Program Files\Microchip\mplabc18\v3.37\src\traditional\proc\p18F66K22.asm
                    INDF2   0x000fdf       data     extern C:\Program Files\Microchip\mplabc18\v3.37\src\traditional\proc\p18F66K22.asm
                      BSR   0x000fe0       data     extern C:\Program Files\Microchip\mplabc18\v3.37\src\traditional\proc\p18F66K22.asm
                    FSR1L   0x000fe1       data     extern C:\Program Files\Microchip\mplabc18\v3.37\src\traditional\proc\p18F66K22.asm
                     FSR1   0x000fe1       data     extern C:\Program Files\Microchip\mplabc18\v3.37\src\traditional\proc\p18F66K22.asm
                    FSR1H   0x000fe2       data     extern C:\Program Files\Microchip\mplabc18\v3.37\src\traditional\proc\p18F66K22.asm
                   PLUSW1   0x000fe3       data     extern C:\Program Files\Microchip\mplabc18\v3.37\src\traditional\proc\p18F66K22.asm
                  PREINC1   0x000fe4       data     extern C:\Program Files\Microchip\mplabc18\v3.37\src\traditional\proc\p18F66K22.asm
                 POSTDEC1   0x000fe5       data     extern C:\Program Files\Microchip\mplabc18\v3.37\src\traditional\proc\p18F66K22.asm
                 POSTINC1   0x000fe6       data     extern C:\Program Files\Microchip\mplabc18\v3.37\src\traditional\proc\p18F66K22.asm
                    INDF1   0x000fe7       data     extern C:\Program Files\Microchip\mplabc18\v3.37\src\traditional\proc\p18F66K22.asm
                     WREG   0x000fe8       data     extern C:\Program Files\Microchip\mplabc18\v3.37\src\traditional\proc\p18F66K22.asm
                     FSR0   0x000fe9       data     extern C:\Program Files\Microchip\mplabc18\v3.37\src\traditional\proc\p18F66K22.asm
                    FSR0L   0x000fe9       data     extern C:\Program Files\Microchip\mplabc18\v3.37\src\traditional\proc\p18F66K22.asm
                    FSR0H   0x000fea       data     extern C:\Program Files\Microchip\mplabc18\v3.37\src\traditional\proc\p18F66K22.asm
                   PLUSW0   0x000feb       data     extern C:\Program Files\Microchip\mplabc18\v3.37\src\traditional\proc\p18F66K22.asm
                  PREINC0   0x000fec       data     extern C:\Program Files\Microchip\mplabc18\v3.37\src\traditional\proc\p18F66K22.asm
                 POSTDEC0   0x000fed       data     extern C:\Program Files\Microchip\mplabc18\v3.37\src\traditional\proc\p18F66K22.asm
                 POSTINC0   0x000fee       data     extern C:\Program Files\Microchip\mplabc18\v3.37\src\traditional\proc\p18F66K22.asm
                    INDF0   0x000fef       data     extern C:\Program Files\Microchip\mplabc18\v3.37\src\traditional\proc\p18F66K22.asm
              INTCON3bits   0x000ff0       data     extern C:\Program Files\Microchip\mplabc18\v3.37\src\traditional\proc\p18F66K22.asm
                  INTCON3   0x000ff0       data     extern C:\Program Files\Microchip\mplabc18\v3.37\src\traditional\proc\p18F66K22.asm
              INTCON2bits   0x000ff1       data     extern C:\Program Files\Microchip\mplabc18\v3.37\src\traditional\proc\p18F66K22.asm
                  INTCON2   0x000ff1       data     extern C:\Program Files\Microchip\mplabc18\v3.37\src\traditional\proc\p18F66K22.asm
               INTCONbits   0x000ff2       data     extern C:\Program Files\Microchip\mplabc18\v3.37\src\traditional\proc\p18F66K22.asm
                   INTCON   0x000ff2       data     extern C:\Program Files\Microchip\mplabc18\v3.37\src\traditional\proc\p18F66K22.asm
                     PROD   0x000ff3       data     extern C:\Program Files\Microchip\mplabc18\v3.37\src\traditional\proc\p18F66K22.asm
                    PRODL   0x000ff3       data     extern C:\Program Files\Microchip\mplabc18\v3.37\src\traditional\proc\p18F66K22.asm
                    PRODH   0x000ff4       data     extern C:\Program Files\Microchip\mplabc18\v3.37\src\traditional\proc\p18F66K22.asm
                   TABLAT   0x000ff5       data     extern C:\Program Files\Microchip\mplabc18\v3.37\src\traditional\proc\p18F66K22.asm
                  TBLPTRL   0x000ff6       data     extern C:\Program Files\Microchip\mplabc18\v3.37\src\traditional\proc\p18F66K22.asm
                   TBLPTR   0x000ff6       data     extern C:\Program Files\Microchip\mplabc18\v3.37\src\traditional\proc\p18F66K22.asm
                  TBLPTRH   0x000ff7       data     extern C:\Program Files\Microchip\mplabc18\v3.37\src\traditional\proc\p18F66K22.asm
                  TBLPTRU   0x000ff8       data     extern C:\Program Files\Microchip\mplabc18\v3.37\src\traditional\proc\p18F66K22.asm
                       PC   0x000ff9       data     extern C:\Program Files\Microchip\mplabc18\v3.37\src\traditional\proc\p18F66K22.asm
                      PCL   0x000ff9       data     extern C:\Program Files\Microchip\mplabc18\v3.37\src\traditional\proc\p18F66K22.asm
                   PCLATH   0x000ffa       data     extern C:\Program Files\Microchip\mplabc18\v3.37\src\traditional\proc\p18F66K22.asm
                   PCLATU   0x000ffb       data     extern C:\Program Files\Microchip\mplabc18\v3.37\src\traditional\proc\p18F66K22.asm
               STKPTRbits   0x000ffc       data     extern C:\Program Files\Microchip\mplabc18\v3.37\src\traditional\proc\p18F66K22.asm
                   STKPTR   0x000ffc       data     extern C:\Program Files\Microchip\mplabc18\v3.37\src\traditional\proc\p18F66K22.asm
                      TOS   0x000ffd       data     extern C:\Program Files\Microchip\mplabc18\v3.37\src\traditional\proc\p18F66K22.asm
                     TOSL   0x000ffd       data     extern C:\Program Files\Microchip\mplabc18\v3.37\src\traditional\proc\p18F66K22.asm
                     TOSH   0x000ffe       data     extern C:\Program Files\Microchip\mplabc18\v3.37\src\traditional\proc\p18F66K22.asm
                     TOSU   0x000fff       data     extern C:\Program Files\Microchip\mplabc18\v3.37\src\traditional\proc\p18F66K22.asm


